Archive member included to satisfy reference by file (symbol)

C:/Users/USER/Desktop/ARM-DEV/arm-tools/arm-none-eabi/lib\libm.a(lib_a-s_atan.o)
                              lpc2388/rom_func.o (atan)
C:/Users/USER/Desktop/ARM-DEV/arm-tools/arm-none-eabi/lib\libm.a(lib_a-s_cbrt.o)
                              lpc2388/rom_func.o (cbrt)
C:/Users/USER/Desktop/ARM-DEV/arm-tools/arm-none-eabi/lib\libm.a(lib_a-s_ceil.o)
                              lpc2388/rom_func.o (ceil)
C:/Users/USER/Desktop/ARM-DEV/arm-tools/arm-none-eabi/lib\libm.a(lib_a-s_cos.o)
                              lpc2388/rom_func.o (cos)
C:/Users/USER/Desktop/ARM-DEV/arm-tools/arm-none-eabi/lib\libm.a(lib_a-s_erf.o)
                              lpc2388/rom_func.o (erf)
C:/Users/USER/Desktop/ARM-DEV/arm-tools/arm-none-eabi/lib\libm.a(lib_a-s_fabs.o)
                              C:/Users/USER/Desktop/ARM-DEV/arm-tools/arm-none-eabi/lib\libm.a(lib_a-s_atan.o) (fabs)
C:/Users/USER/Desktop/ARM-DEV/arm-tools/arm-none-eabi/lib\libm.a(lib_a-s_floor.o)
                              lpc2388/rom_func.o (floor)
C:/Users/USER/Desktop/ARM-DEV/arm-tools/arm-none-eabi/lib\libm.a(lib_a-s_modf.o)
                              lpc2388/rom_func.o (modf)
C:/Users/USER/Desktop/ARM-DEV/arm-tools/arm-none-eabi/lib\libm.a(lib_a-s_round.o)
                              lpc2388/rom_func.o (round)
C:/Users/USER/Desktop/ARM-DEV/arm-tools/arm-none-eabi/lib\libm.a(lib_a-s_sin.o)
                              lpc2388/rom_func.o (sin)
C:/Users/USER/Desktop/ARM-DEV/arm-tools/arm-none-eabi/lib\libm.a(lib_a-s_tan.o)
                              lpc2388/rom_func.o (tan)
C:/Users/USER/Desktop/ARM-DEV/arm-tools/arm-none-eabi/lib\libm.a(lib_a-s_tanh.o)
                              lpc2388/rom_func.o (tanh)
C:/Users/USER/Desktop/ARM-DEV/arm-tools/arm-none-eabi/lib\libm.a(lib_a-s_trunc.o)
                              lpc2388/rom_func.o (trunc)
C:/Users/USER/Desktop/ARM-DEV/arm-tools/arm-none-eabi/lib\libm.a(lib_a-w_acos.o)
                              lpc2388/rom_func.o (acos)
C:/Users/USER/Desktop/ARM-DEV/arm-tools/arm-none-eabi/lib\libm.a(lib_a-w_asin.o)
                              lpc2388/rom_func.o (asin)
C:/Users/USER/Desktop/ARM-DEV/arm-tools/arm-none-eabi/lib\libm.a(lib_a-w_atan2.o)
                              lpc2388/rom_func.o (atan2)
C:/Users/USER/Desktop/ARM-DEV/arm-tools/arm-none-eabi/lib\libm.a(lib_a-w_cosh.o)
                              lpc2388/rom_func.o (cosh)
C:/Users/USER/Desktop/ARM-DEV/arm-tools/arm-none-eabi/lib\libm.a(lib_a-w_exp.o)
                              lpc2388/rom_func.o (exp)
C:/Users/USER/Desktop/ARM-DEV/arm-tools/arm-none-eabi/lib\libm.a(lib_a-w_fmod.o)
                              lpc2388/rom_func.o (fmod)
C:/Users/USER/Desktop/ARM-DEV/arm-tools/arm-none-eabi/lib\libm.a(lib_a-w_hypot.o)
                              lpc2388/rom_func.o (hypot)
C:/Users/USER/Desktop/ARM-DEV/arm-tools/arm-none-eabi/lib\libm.a(lib_a-w_log.o)
                              lpc2388/rom_func.o (log)
C:/Users/USER/Desktop/ARM-DEV/arm-tools/arm-none-eabi/lib\libm.a(lib_a-w_log10.o)
                              lpc2388/rom_func.o (log10)
C:/Users/USER/Desktop/ARM-DEV/arm-tools/arm-none-eabi/lib\libm.a(lib_a-w_pow.o)
                              lpc2388/rom_func.o (pow)
C:/Users/USER/Desktop/ARM-DEV/arm-tools/arm-none-eabi/lib\libm.a(lib_a-w_sinh.o)
                              lpc2388/rom_func.o (sinh)
C:/Users/USER/Desktop/ARM-DEV/arm-tools/arm-none-eabi/lib\libm.a(lib_a-w_sqrt.o)
                              lpc2388/rom_func.o (sqrt)
C:/Users/USER/Desktop/ARM-DEV/arm-tools/arm-none-eabi/lib\libm.a(lib_a-e_acos.o)
                              C:/Users/USER/Desktop/ARM-DEV/arm-tools/arm-none-eabi/lib\libm.a(lib_a-w_acos.o) (__ieee754_acos)
C:/Users/USER/Desktop/ARM-DEV/arm-tools/arm-none-eabi/lib\libm.a(lib_a-e_asin.o)
                              C:/Users/USER/Desktop/ARM-DEV/arm-tools/arm-none-eabi/lib\libm.a(lib_a-w_asin.o) (__ieee754_asin)
C:/Users/USER/Desktop/ARM-DEV/arm-tools/arm-none-eabi/lib\libm.a(lib_a-e_atan2.o)
                              C:/Users/USER/Desktop/ARM-DEV/arm-tools/arm-none-eabi/lib\libm.a(lib_a-w_atan2.o) (__ieee754_atan2)
C:/Users/USER/Desktop/ARM-DEV/arm-tools/arm-none-eabi/lib\libm.a(lib_a-e_cosh.o)
                              C:/Users/USER/Desktop/ARM-DEV/arm-tools/arm-none-eabi/lib\libm.a(lib_a-w_cosh.o) (__ieee754_cosh)
C:/Users/USER/Desktop/ARM-DEV/arm-tools/arm-none-eabi/lib\libm.a(lib_a-e_exp.o)
                              C:/Users/USER/Desktop/ARM-DEV/arm-tools/arm-none-eabi/lib\libm.a(lib_a-s_erf.o) (__ieee754_exp)
C:/Users/USER/Desktop/ARM-DEV/arm-tools/arm-none-eabi/lib\libm.a(lib_a-e_fmod.o)
                              C:/Users/USER/Desktop/ARM-DEV/arm-tools/arm-none-eabi/lib\libm.a(lib_a-w_fmod.o) (__ieee754_fmod)
C:/Users/USER/Desktop/ARM-DEV/arm-tools/arm-none-eabi/lib\libm.a(lib_a-e_hypot.o)
[...]
Memory Configuration

Name             Origin             Length             Attributes
ROM              0x00000000         0x00080000         xr
RAM              0x40000000         0x0000ffe0         xw
URAM             0x7fd00000         0x00004000         w
ERAM             0x7fe00000         0x00004000         w
BRAM             0xe0084000         0x00000800         xw
EXRAM0           0x80000000         0x00010000         xw
EXRAM1           0x81000000         0x00010000         xw
*default*        0x00000000         0xffffffff

Linker script and memory map

LOAD startup.o
LOAD main.o
LOAD usrcmd.o
LOAD core/ntlibc.o
LOAD core/ntopt.o
LOAD core/ntshell.o
LOAD core/ntstdio.o
LOAD core/text_editor.o
LOAD core/text_history.o
LOAD core/vtrecv.o
LOAD core/vtsend.o
LOAD lpc2388/_init.o
LOAD lpc2388/ff.o
LOAD lpc2388/ffsdmm.o
LOAD lpc2388/lcdlib2388.o
LOAD lpc2388/malloc2388.o
LOAD lpc2388/rom_func.o
LOAD lpc2388/tinymalloc.o
LOAD lpc2388/uart.o
LOAD lpc2388/vic_lpc23xx.o
LOAD lpc2388/xprintf.o
LOAD C:/Users/USER/Desktop/ARM-DEV/arm-tools/arm-none-eabi/lib\libm.a
LOAD C:/Users/USER/Desktop/ARM-DEV/arm-tools/arm-none-eabi/lib\libc.a
LOAD C:/Users/USER/Desktop/ARM-DEV/arm-tools/arm-none-eabi/lib\libnosys.a
LOAD C:/Users/USER/Desktop/ARM-DEV/arm-tools/lib/gcc/arm-none-eabi/6.3.1\libgcc.a

.text           0x00000000    0x248c4
                0x00000000                _sttext = .
 startup.o(.text)
 .text          0x00000000      0x220 startup.o
                0x00000020                _startup
                0x000000b4                current_sp
                0x000001fc                _crp
                0x00000220                . = ALIGN (0x4)
                0x00000220                _stext = .
 *(.text .text.*)
 .text          0x00000220      0x22c main.o
                0x00000294                main
 .text          0x0000044c     0x1068 usrcmd.o
                0x00000dd8                usrcmd_execute
                0x00000df4                srload
                0x000011cc                exec_file
                0x00001304                _dbl2str
                0x00001388                xstrlen
                0x000013c8                xstrncpy_n
                0x00001428                xstrcmp
 .text          0x000014b4      0x410 core/ntlibc.o
                0x000014b4                ntlibc_strlen
                0x000014e4                ntlibc_strcpy
                0x00001518                ntlibc_strcat
                0x00001564                ntlibc_strcmp
                0x000015a8                ntlibc_strncmp
                0x00001620                ntlibc_isdigit
                0x00001634                ntlibc_isalpha
                0x0000165c                ntlibc_iscntrl
                0x00001680                ntlibc_toupper
                0x00001690                ntlibc_stricmp
                0x000016f8                ntlibc_tolower
                0x00001708                ntlibc_atoi
                0x00001800                ntlibc_strchr
                0x0000183c                ntlibc_utoa
 .text          0x000018c4      0x1fc core/ntopt.o
                0x000018c4                ntopt_parse
 .text          0x00001ac0      0x9cc core/ntshell.o
                0x00002234                vtrecv_callback
                0x00002350                ntshell_init
                0x000023d0                ntshell_execute
                0x0000244c                ntshell_set_prompt
                0x00002474                ntshell_version
 .text          0x0000248c      0x6f8 core/ntstdio.o
                0x0000248c                ntstdio_init
                0x000024a4                ntstdio_putc
                0x00002510                ntstdio_puts
                0x00002970                ntstdio_fputs
                0x000029b0                ntstdio_printf
                0x000029dc                ntstdio_sprintf
                0x00002a20                ntstdio_fprintf
                0x00002a5c                ntstdio_gets
                0x00002b58                ntstdio_fgets
 .text          0x00002b84      0x260 core/text_editor.o
                0x00002b84                text_editor_init
                0x00002b98                text_editor_insert
                0x00002c18                text_editor_backspace
                0x00002c84                text_editor_delete
                0x00002ce4                text_editor_cursor_get_position
                0x00002cec                text_editor_cursor_head
                0x00002d08                text_editor_cursor_tail
                0x00002d24                text_editor_cursor_left
                0x00002d40                text_editor_cursor_right
                0x00002d60                text_editor_set_text
                0x00002da0                text_editor_get_text
                0x00002dd0                text_editor_clear
 .text          0x00002de4      0x228 core/text_history.o
                0x00002de4                text_history_init
                0x00002e10                text_history_write
                0x00002e6c                text_history_read
                0x00002ea8                text_history_read_point_next
                0x00002edc                text_history_read_point_prev
                0x00002f20                text_history_find
 .text          0x0000300c      0x24c core/vtrecv.o
                0x0000311c                vtrecv_init
                0x0000313c                vtrecv_execute
 .text          0x00003258      0x804 core/vtsend.o
                0x00003258                vtsend_init
                0x00003268                vtsend_cursor_position
                0x00003308                vtsend_cursor_up
                0x0000337c                vtsend_cursor_down
                0x000033f0                vtsend_cursor_forward
                0x00003464                vtsend_cursor_backward
                0x000034d8                vtsend_cursor_position_save
                0x00003520                vtsend_cursor_position_restore
                0x00003568                vtsend_erase_display
                0x000035b8                vtsend_erase_line
                0x00003608                vtsend_set_color_foreground
                0x00003680                vtsend_set_color_background
                0x000036f8                vtsend_set_attribute
                0x0000376c                vtsend_set_scroll_region
                0x0000380c                vtsend_set_cursor
                0x00003874                vtsend_reset
                0x000038b4                vtsend_draw_box
                0x000039d8                vtsend_fill_box
 .text          0x00003a5c      0x1ac lpc2388/_init.o
                0x00003a5c                LPC2388_Initialize
 .text          0x00003c08     0x4bb4 lpc2388/ff.o
                0x00005620                f_mount
                0x000056ac                f_open
                0x000059f0                f_read
                0x00005c20                f_write
                0x00005fe8                f_sync
                0x000060b8                f_close
                0x000060f8                f_chdir
                0x00006198                f_getcwd
                0x000063b0                f_lseek
                0x00006704                f_opendir
                0x000067d0                f_closedir
                0x000067fc                f_readdir
                0x00006878                f_findnext
                0x000068ec                f_findfirst
                0x00006924                f_stat
                0x00006998                f_getfree
                0x00006b04                f_truncate
                0x00006c38                f_unlink
                0x00006d7c                f_mkdir
                0x00006f64                f_rename
                0x0000712c                f_chmod
                0x000071c4                f_utime
                0x00007268                f_getlabel
                0x000073a4                f_setlabel
                0x000076a4                f_forward
                0x00007860                f_mkfs
                0x00008204                f_gets
                0x00008294                f_putc
                0x000082cc                f_puts
                0x0000831c                f_printf
 .text          0x000087bc      0xbfc lpc2388/ffsdmm.o
                0x00008e5c                disk_status
                0x00008e74                disk_initialize
                0x000090bc                disk_read
                0x00009174                disk_write
                0x0000926c                disk_ioctl
 .text          0x000093b8      0x5a0 lpc2388/lcdlib2388.o
                0x000095c4                LCD_Write
                0x0000962c                LCD_Read
                0x00009664                LCD_Init
                0x00009760                LCD_PutChar
                0x00009778                LCD_Puts
                0x00009804                LCD_PutHex
                0x00009860                LCD_wait_msec
                0x000098a8                LCD_ShiftDisp
                0x00009900                LCD_ShiftCursor
 .text          0x00009958      0x22c lpc2388/malloc2388.o
                0x00009958                __malloc2388_init
                0x00009a50                malloc2388
                0x00009adc                free2388
 *fill*         0x00009b84        0x4 
 .text          0x00009b88     0x1ab0 lpc2388/rom_func.o
                0x00009b88                to_be_deleted_nop_func
                0x00009be8                to_be_deleted_str_func
                0x00009e5c                to_be_deleted_arm_embed_std_library_function
                0x0000ac5c                to_be_deleted_arm_embed_math_library_function
                0x0000b5cc                to_be_deleted_misc_func
                0x0000b618                to_be_deleted_vsprintf
 .text          0x0000b638      0x398 lpc2388/tinymalloc.o
                0x0000b638                _s_tiny_malloc_init_
                0x0000b718                _s_tiny_malloc_
                0x0000b900                _s_tiny_free_
 .text          0x0000b9d0       0x88 lpc2388/uart.o
                0x0000b9d0                uart0_init
                0x0000b9d4                uart0_getc
                0x0000b9f8                uart0_putc
                0x0000ba18                uart0_puts
                0x0000ba44                uart0_dataReady
 .text          0x0000ba58      0x158 lpc2388/vic_lpc23xx.o
                0x0000ba58                VIC_Init
                0x0000baa0                Enable_IRQ
                0x0000bab8                Disable_IRQ
                0x0000bad0                Reg_IRQ
                0x0000bb1c                InitTimer0
                0x0000bb4c                _Demo_Timer0Handler
 .text          0x0000bbb0      0x8dc lpc2388/xprintf.o
                0x0000bbb0                xputc
                0x0000bc1c                xputs
                0x0000c050                xfputs
                0x0000c094                xprintf
                0x0000c0c0                xsprintf
                0x0000c108                xfprintf
                0x0000c148                put_dump
                0x0000c238                xgets
                0x0000c300                xfgets
                0x0000c330                xatoi
 .text          0x0000c48c        0x0 C:/Users/USER/Desktop/ARM-DEV/arm-tools/arm-none-eabi/lib\libm.a(lib_a-s_atan.o)
 *fill*         0x0000c48c        0x4 
 .text.atan     0x0000c490      0x4b4 C:/Users/USER/Desktop/ARM-DEV/arm-tools/arm-none-eabi/lib\libm.a(lib_a-s_atan.o)
                0x0000c490                atan
 .text          0x0000c944        0x0 C:/Users/USER/Desktop/ARM-DEV/arm-tools/arm-none-eabi/lib\libm.a(lib_a-s_cbrt.o)
 *fill*         0x0000c944        0x4 
 .text.cbrt     0x0000c948      0x234 C:/Users/USER/Desktop/ARM-DEV/arm-tools/arm-none-eabi/lib\libm.a(lib_a-s_cbrt.o)
                0x0000c948                cbrt
 .text          0x0000cb7c        0x0 C:/Users/USER/Desktop/ARM-DEV/arm-tools/arm-none-eabi/lib\libm.a(lib_a-s_ceil.o)
 *fill*         0x0000cb7c        0x4 
 .text.ceil     0x0000cb80      0x19c C:/Users/USER/Desktop/ARM-DEV/arm-tools/arm-none-eabi/lib\libm.a(lib_a-s_ceil.o)
                0x0000cb80                ceil
 .text          0x0000cd1c        0x0 C:/Users/USER/Desktop/ARM-DEV/arm-tools/arm-none-eabi/lib\libm.a(lib_a-s_cos.o)
 .text.cos      0x0000cd1c       0xfc C:/Users/USER/Desktop/ARM-DEV/arm-tools/arm-none-eabi/lib\libm.a(lib_a-s_cos.o)
                0x0000cd1c                cos
 .text          0x0000ce18        0x0 C:/Users/USER/Desktop/ARM-DEV/arm-tools/arm-none-eabi/lib\libm.a(lib_a-s_erf.o)
 .text.erf      0x0000ce18      0x9c8 C:/Users/USER/Desktop/ARM-DEV/arm-tools/arm-none-eabi/lib\libm.a(lib_a-s_erf.o)
                0x0000ce18                erf
 .text.erfc     0x0000d7e0      0x9c8 C:/Users/USER/Desktop/ARM-DEV/arm-tools/arm-none-eabi/lib\libm.a(lib_a-s_erf.o)
                0x0000d7e0                erfc
 .text          0x0000e1a8        0x0 C:/Users/USER/Desktop/ARM-DEV/arm-tools/arm-none-eabi/lib\libm.a(lib_a-s_fabs.o)
 .text.fabs     0x0000e1a8        0x8 C:/Users/USER/Desktop/ARM-DEV/arm-tools/arm-none-eabi/lib\libm.a(lib_a-s_fabs.o)
                0x0000e1a8                fabs
 .text          0x0000e1b0        0x0 C:/Users/USER/Desktop/ARM-DEV/arm-tools/arm-none-eabi/lib\libm.a(lib_a-s_floor.o)
 .text.floor    0x0000e1b0      0x19c C:/Users/USER/Desktop/ARM-DEV/arm-tools/arm-none-eabi/lib\libm.a(lib_a-s_floor.o)
                0x0000e1b0                floor
 .text          0x0000e34c        0x0 C:/Users/USER/Desktop/ARM-DEV/arm-tools/arm-none-eabi/lib\libm.a(lib_a-s_modf.o)
 .text.modf     0x0000e34c       0xfc C:/Users/USER/Desktop/ARM-DEV/arm-tools/arm-none-eabi/lib\libm.a(lib_a-s_modf.o)
                0x0000e34c                modf
 .text          0x0000e448        0x0 C:/Users/USER/Desktop/ARM-DEV/arm-tools/arm-none-eabi/lib\libm.a(lib_a-s_round.o)
 .text.round    0x0000e448      0x100 C:/Users/USER/Desktop/ARM-DEV/arm-tools/arm-none-eabi/lib\libm.a(lib_a-s_round.o)
                0x0000e448                round
 .text          0x0000e548        0x0 C:/Users/USER/Desktop/ARM-DEV/arm-tools/arm-none-eabi/lib\libm.a(lib_a-s_sin.o)
 .text.sin      0x0000e548      0x100 C:/Users/USER/Desktop/ARM-DEV/arm-tools/arm-none-eabi/lib\libm.a(lib_a-s_sin.o)
                0x0000e548                sin
 .text          0x0000e648        0x0 C:/Users/USER/Desktop/ARM-DEV/arm-tools/arm-none-eabi/lib\libm.a(lib_a-s_tan.o)
 .text.tan      0x0000e648       0xa4 C:/Users/USER/Desktop/ARM-DEV/arm-tools/arm-none-eabi/lib\libm.a(lib_a-s_tan.o)
                0x0000e648                tan
 .text          0x0000e6ec        0x0 C:/Users/USER/Desktop/ARM-DEV/arm-tools/arm-none-eabi/lib\libm.a(lib_a-s_tanh.o)
 .text.tanh     0x0000e6ec      0x198 C:/Users/USER/Desktop/ARM-DEV/arm-tools/arm-none-eabi/lib\libm.a(lib_a-s_tanh.o)
                0x0000e6ec                tanh
 .text          0x0000e884        0x0 C:/Users/USER/Desktop/ARM-DEV/arm-tools/arm-none-eabi/lib\libm.a(lib_a-s_trunc.o)
 .text.trunc    0x0000e884       0xb4 C:/Users/USER/Desktop/ARM-DEV/arm-tools/arm-none-eabi/lib\libm.a(lib_a-s_trunc.o)
                0x0000e884                trunc
 .text          0x0000e938        0x0 C:/Users/USER/Desktop/ARM-DEV/arm-tools/arm-none-eabi/lib\libm.a(lib_a-w_acos.o)
 .text.acos     0x0000e938      0x128 C:/Users/USER/Desktop/ARM-DEV/arm-tools/arm-none-eabi/lib\libm.a(lib_a-w_acos.o)
                0x0000e938                acos
 .text          0x0000ea60        0x0 C:/Users/USER/Desktop/ARM-DEV/arm-tools/arm-none-eabi/lib\libm.a(lib_a-w_asin.o)
 .text.asin     0x0000ea60      0x128 C:/Users/USER/Desktop/ARM-DEV/arm-tools/arm-none-eabi/lib\libm.a(lib_a-w_asin.o)
                0x0000ea60                asin
 .text          0x0000eb88        0x0 C:/Users/USER/Desktop/ARM-DEV/arm-tools/arm-none-eabi/lib\libm.a(lib_a-w_atan2.o)
 .text.atan2    0x0000eb88       0x10 C:/Users/USER/Desktop/ARM-DEV/arm-tools/arm-none-eabi/lib\libm.a(lib_a-w_atan2.o)
                0x0000eb88                atan2
 .text          0x0000eb98        0x0 C:/Users/USER/Desktop/ARM-DEV/arm-tools/arm-none-eabi/lib\libm.a(lib_a-w_cosh.o)
 .text.cosh     0x0000eb98      0x148 C:/Users/USER/Desktop/ARM-DEV/arm-tools/arm-none-eabi/lib\libm.a(lib_a-w_cosh.o)
                0x0000eb98                cosh
 .text          0x0000ece0        0x0 C:/Users/USER/Desktop/ARM-DEV/arm-tools/arm-none-eabi/lib\libm.a(lib_a-w_exp.o)
 .text.exp      0x0000ece0      0x188 C:/Users/USER/Desktop/ARM-DEV/arm-tools/arm-none-eabi/lib\libm.a(lib_a-w_exp.o)
                0x0000ece0                exp
 .text          0x0000ee68        0x0 C:/Users/USER/Desktop/ARM-DEV/arm-tools/arm-none-eabi/lib\libm.a(lib_a-w_fmod.o)
 .text.fmod     0x0000ee68      0x150 C:/Users/USER/Desktop/ARM-DEV/arm-tools/arm-none-eabi/lib\libm.a(lib_a-w_fmod.o)
                0x0000ee68                fmod
 .text          0x0000efb8        0x0 C:/Users/USER/Desktop/ARM-DEV/arm-tools/arm-none-eabi/lib\libm.a(lib_a-w_hypot.o)
 .text.hypot    0x0000efb8      0x128 C:/Users/USER/Desktop/ARM-DEV/arm-tools/arm-none-eabi/lib\libm.a(lib_a-w_hypot.o)
                0x0000efb8                hypot
 .text          0x0000f0e0        0x0 C:/Users/USER/Desktop/ARM-DEV/arm-tools/arm-none-eabi/lib\libm.a(lib_a-w_log.o)
 .text.log      0x0000f0e0      0x1c8 C:/Users/USER/Desktop/ARM-DEV/arm-tools/arm-none-eabi/lib\libm.a(lib_a-w_log.o)
                0x0000f0e0                log
 .text          0x0000f2a8        0x0 C:/Users/USER/Desktop/ARM-DEV/arm-tools/arm-none-eabi/lib\libm.a(lib_a-w_log10.o)
 .text.log10    0x0000f2a8      0x1c8 C:/Users/USER/Desktop/ARM-DEV/arm-tools/arm-none-eabi/lib\libm.a(lib_a-w_log10.o)
                0x0000f2a8                log10
 .text          0x0000f470        0x0 C:/Users/USER/Desktop/ARM-DEV/arm-tools/arm-none-eabi/lib\libm.a(lib_a-w_pow.o)
 .text.pow      0x0000f470      0x524 C:/Users/USER/Desktop/ARM-DEV/arm-tools/arm-none-eabi/lib\libm.a(lib_a-w_pow.o)
                0x0000f470                pow
 .text          0x0000f994        0x0 C:/Users/USER/Desktop/ARM-DEV/arm-tools/arm-none-eabi/lib\libm.a(lib_a-w_sinh.o)
 .text.sinh     0x0000f994      0x13c C:/Users/USER/Desktop/ARM-DEV/arm-tools/arm-none-eabi/lib\libm.a(lib_a-w_sinh.o)
                0x0000f994                sinh
 .text          0x0000fad0        0x0 C:/Users/USER/Desktop/ARM-DEV/arm-tools/arm-none-eabi/lib\libm.a(lib_a-w_sqrt.o)
 .text.sqrt     0x0000fad0      0x138 C:/Users/USER/Desktop/ARM-DEV/arm-tools/arm-none-eabi/lib\libm.a(lib_a-w_sqrt.o)
                0x0000fad0                sqrt
 .text          0x0000fc08        0x0 C:/Users/USER/Desktop/ARM-DEV/arm-tools/arm-none-eabi/lib\libm.a(lib_a-e_acos.o)
 .text.__ieee754_acos
                0x0000fc08      0x65c C:/Users/USER/Desktop/ARM-DEV/arm-tools/arm-none-eabi/lib\libm.a(lib_a-e_acos.o)
                0x0000fc08                __ieee754_acos
 .text          0x00010264        0x0 C:/Users/USER/Desktop/ARM-DEV/arm-tools/arm-none-eabi/lib\libm.a(lib_a-e_asin.o)
 *fill*         0x00010264        0x4 
 .text.__ieee754_asin
                0x00010268      0x5ec C:/Users/USER/Desktop/ARM-DEV/arm-tools/arm-none-eabi/lib\libm.a(lib_a-e_asin.o)
                0x00010268                __ieee754_asin
 .text          0x00010854        0x0 C:/Users/USER/Desktop/ARM-DEV/arm-tools/arm-none-eabi/lib\libm.a(lib_a-e_atan2.o)
 *fill*         0x00010854        0x4 
 .text.__ieee754_atan2
                0x00010858      0x28c C:/Users/USER/Desktop/ARM-DEV/arm-tools/arm-none-eabi/lib\libm.a(lib_a-e_atan2.o)
                0x00010858                __ieee754_atan2
 .text          0x00010ae4        0x0 C:/Users/USER/Desktop/ARM-DEV/arm-tools/arm-none-eabi/lib\libm.a(lib_a-e_cosh.o)
 *fill*         0x00010ae4        0x4 
 .text.__ieee754_cosh
                0x00010ae8      0x214 C:/Users/USER/Desktop/ARM-DEV/arm-tools/arm-none-eabi/lib\libm.a(lib_a-e_cosh.o)
                0x00010ae8                __ieee754_cosh
 .text          0x00010cfc        0x0 C:/Users/USER/Desktop/ARM-DEV/arm-tools/arm-none-eabi/lib\libm.a(lib_a-e_exp.o)
 *fill*         0x00010cfc        0x4 
 .text.__ieee754_exp
                0x00010d00      0x40c C:/Users/USER/Desktop/ARM-DEV/arm-tools/arm-none-eabi/lib\libm.a(lib_a-e_exp.o)
                0x00010d00                __ieee754_exp
 .text          0x0001110c        0x0 C:/Users/USER/Desktop/ARM-DEV/arm-tools/arm-none-eabi/lib\libm.a(lib_a-e_fmod.o)
 .text.__ieee754_fmod
                0x0001110c      0x330 C:/Users/USER/Desktop/ARM-DEV/arm-tools/arm-none-eabi/lib\libm.a(lib_a-e_fmod.o)
                0x0001110c                __ieee754_fmod
 .text          0x0001143c        0x0 C:/Users/USER/Desktop/ARM-DEV/arm-tools/arm-none-eabi/lib\libm.a(lib_a-e_hypot.o)
 .text.__ieee754_hypot
                0x0001143c      0x3b0 C:/Users/USER/Desktop/ARM-DEV/arm-tools/arm-none-eabi/lib\libm.a(lib_a-e_hypot.o)
                0x0001143c                __ieee754_hypot
 .text          0x000117ec        0x0 C:/Users/USER/Desktop/ARM-DEV/arm-tools/arm-none-eabi/lib\libm.a(lib_a-e_log.o)
 *fill*         0x000117ec        0x4 
 .text.__ieee754_log
                0x000117f0      0x5c0 C:/Users/USER/Desktop/ARM-DEV/arm-tools/arm-none-eabi/lib\libm.a(lib_a-e_log.o)
                0x000117f0                __ieee754_log
 .text          0x00011db0        0x0 C:/Users/USER/Desktop/ARM-DEV/arm-tools/arm-none-eabi/lib\libm.a(lib_a-e_log10.o)
 .text.__ieee754_log10
                0x00011db0      0x1ac C:/Users/USER/Desktop/ARM-DEV/arm-tools/arm-none-eabi/lib\libm.a(lib_a-e_log10.o)
                0x00011db0                __ieee754_log10
 .text          0x00011f5c        0x0 C:/Users/USER/Desktop/ARM-DEV/arm-tools/arm-none-eabi/lib\libm.a(lib_a-e_pow.o)
 *fill*         0x00011f5c        0x4 
 .text.__ieee754_pow
                0x00011f60      0xf84 C:/Users/USER/Desktop/ARM-DEV/arm-tools/arm-none-eabi/lib\libm.a(lib_a-e_pow.o)
                0x00011f60                __ieee754_pow
 .text          0x00012ee4        0x0 C:/Users/USER/Desktop/ARM-DEV/arm-tools/arm-none-eabi/lib\libm.a(lib_a-e_rem_pio2.o)
 *fill*         0x00012ee4        0x4 
 .text.__ieee754_rem_pio2
                0x00012ee8      0x664 C:/Users/USER/Desktop/ARM-DEV/arm-tools/arm-none-eabi/lib\libm.a(lib_a-e_rem_pio2.o)
                0x00012ee8                __ieee754_rem_pio2
 .text          0x0001354c        0x0 C:/Users/USER/Desktop/ARM-DEV/arm-tools/arm-none-eabi/lib\libm.a(lib_a-e_sinh.o)
 *fill*         0x0001354c        0x4 
 .text.__ieee754_sinh
                0x00013550      0x25c C:/Users/USER/Desktop/ARM-DEV/arm-tools/arm-none-eabi/lib\libm.a(lib_a-e_sinh.o)
                0x00013550                __ieee754_sinh
 .text          0x000137ac        0x0 C:/Users/USER/Desktop/ARM-DEV/arm-tools/arm-none-eabi/lib\libm.a(lib_a-e_sqrt.o)
 .text.__ieee754_sqrt
                0x000137ac      0x230 C:/Users/USER/Desktop/ARM-DEV/arm-tools/arm-none-eabi/lib\libm.a(lib_a-e_sqrt.o)
                0x000137ac                __ieee754_sqrt
 .text          0x000139dc        0x0 C:/Users/USER/Desktop/ARM-DEV/arm-tools/arm-none-eabi/lib\libm.a(lib_a-k_cos.o)
 *fill*         0x000139dc        0x4 
 .text.__kernel_cos
                0x000139e0      0x350 C:/Users/USER/Desktop/ARM-DEV/arm-tools/arm-none-eabi/lib\libm.a(lib_a-k_cos.o)
                0x000139e0                __kernel_cos
 .text          0x00013d30        0x0 C:/Users/USER/Desktop/ARM-DEV/arm-tools/arm-none-eabi/lib\libm.a(lib_a-k_rem_pio2.o)
 .text.__kernel_rem_pio2
                0x00013d30      0xcb8 C:/Users/USER/Desktop/ARM-DEV/arm-tools/arm-none-eabi/lib\libm.a(lib_a-k_rem_pio2.o)
                0x00013d30                __kernel_rem_pio2
 .text          0x000149e8        0x0 C:/Users/USER/Desktop/ARM-DEV/arm-tools/arm-none-eabi/lib\libm.a(lib_a-k_sin.o)
 .text.__kernel_sin
                0x000149e8      0x20c C:/Users/USER/Desktop/ARM-DEV/arm-tools/arm-none-eabi/lib\libm.a(lib_a-k_sin.o)
                0x000149e8                __kernel_sin
 .text          0x00014bf4        0x0 C:/Users/USER/Desktop/ARM-DEV/arm-tools/arm-none-eabi/lib\libm.a(lib_a-k_tan.o)
 *fill*         0x00014bf4        0x4 
 .text.__kernel_tan
                0x00014bf8      0x540 C:/Users/USER/Desktop/ARM-DEV/arm-tools/arm-none-eabi/lib\libm.a(lib_a-k_tan.o)
                0x00014bf8                __kernel_tan
 .text          0x00015138        0x0 C:/Users/USER/Desktop/ARM-DEV/arm-tools/arm-none-eabi/lib\libm.a(lib_a-s_expm1.o)
 .text.expm1    0x00015138      0x690 C:/Users/USER/Desktop/ARM-DEV/arm-tools/arm-none-eabi/lib\libm.a(lib_a-s_expm1.o)
                0x00015138                expm1
 .text          0x000157c8        0x0 C:/Users/USER/Desktop/ARM-DEV/arm-tools/arm-none-eabi/lib\libm.a(lib_a-s_finite.o)
 .text.finite   0x000157c8       0x10 C:/Users/USER/Desktop/ARM-DEV/arm-tools/arm-none-eabi/lib\libm.a(lib_a-s_finite.o)
                0x000157c8                finite
 .text          0x000157d8        0x0 C:/Users/USER/Desktop/ARM-DEV/arm-tools/arm-none-eabi/lib\libm.a(lib_a-s_lib_ver.o)
 .text          0x000157d8        0x0 C:/Users/USER/Desktop/ARM-DEV/arm-tools/arm-none-eabi/lib\libm.a(lib_a-s_matherr.o)
 .text.matherr  0x000157d8        0x8 C:/Users/USER/Desktop/ARM-DEV/arm-tools/arm-none-eabi/lib\libm.a(lib_a-s_matherr.o)
                0x000157d8                matherr
 .text          0x000157e0        0x0 C:/Users/USER/Desktop/ARM-DEV/arm-tools/arm-none-eabi/lib\libm.a(lib_a-s_nan.o)
 .text.nan      0x000157e0       0x10 C:/Users/USER/Desktop/ARM-DEV/arm-tools/arm-none-eabi/lib\libm.a(lib_a-s_nan.o)
                0x000157e0                nan
 .text          0x000157f0        0x0 C:/Users/USER/Desktop/ARM-DEV/arm-tools/arm-none-eabi/lib\libm.a(lib_a-s_rint.o)
 .text.rint     0x000157f0      0x19c C:/Users/USER/Desktop/ARM-DEV/arm-tools/arm-none-eabi/lib\libm.a(lib_a-s_rint.o)
                0x000157f0                rint
 .text          0x0001598c        0x0 C:/Users/USER/Desktop/ARM-DEV/arm-tools/arm-none-eabi/lib\libm.a(lib_a-s_scalbn.o)
 *fill*         0x0001598c        0x4 
 .text.scalbn   0x00015990      0x178 C:/Users/USER/Desktop/ARM-DEV/arm-tools/arm-none-eabi/lib\libm.a(lib_a-s_scalbn.o)
                0x00015990                scalbn
 .text          0x00015b08        0x0 C:/Users/USER/Desktop/ARM-DEV/arm-tools/arm-none-eabi/lib\libm.a(lib_a-s_copysign.o)
 .text.copysign
                0x00015b08       0x10 C:/Users/USER/Desktop/ARM-DEV/arm-tools/arm-none-eabi/lib\libm.a(lib_a-s_copysign.o)
                0x00015b08                copysign
 .text          0x00015b18        0x0 C:/Users/USER/Desktop/ARM-DEV/arm-tools/arm-none-eabi/lib\libc.a(lib_a-atof.o)
 .text.atof     0x00015b18       0x14 C:/Users/USER/Desktop/ARM-DEV/arm-tools/arm-none-eabi/lib\libc.a(lib_a-atof.o)
                0x00015b18                atof
 .text          0x00015b2c        0x0 C:/Users/USER/Desktop/ARM-DEV/arm-tools/arm-none-eabi/lib\libc.a(lib_a-atoi.o)
 .text.atoi     0x00015b2c       0x18 C:/Users/USER/Desktop/ARM-DEV/arm-tools/arm-none-eabi/lib\libc.a(lib_a-atoi.o)
                0x00015b2c                atoi
 .text._atoi_r  0x00015b44       0x18 C:/Users/USER/Desktop/ARM-DEV/arm-tools/arm-none-eabi/lib\libc.a(lib_a-atoi.o)
                0x00015b44                _atoi_r
 .text          0x00015b5c        0x0 C:/Users/USER/Desktop/ARM-DEV/arm-tools/arm-none-eabi/lib\libc.a(lib_a-atol.o)
 .text.atol     0x00015b5c       0x18 C:/Users/USER/Desktop/ARM-DEV/arm-tools/arm-none-eabi/lib\libc.a(lib_a-atol.o)
                0x00015b5c                atol
 .text._atol_r  0x00015b74       0x18 C:/Users/USER/Desktop/ARM-DEV/arm-tools/arm-none-eabi/lib\libc.a(lib_a-atol.o)
                0x00015b74                _atol_r
 .text          0x00015b8c        0x0 C:/Users/USER/Desktop/ARM-DEV/arm-tools/arm-none-eabi/lib\libc.a(lib_a-bsearch.o)
 .text.bsearch  0x00015b8c       0x7c C:/Users/USER/Desktop/ARM-DEV/arm-tools/arm-none-eabi/lib\libc.a(lib_a-bsearch.o)
                0x00015b8c                bsearch
 .text          0x00015c08        0x0 C:/Users/USER/Desktop/ARM-DEV/arm-tools/arm-none-eabi/lib\libc.a(lib_a-errno.o)
 .text.__errno  0x00015c08       0x10 C:/Users/USER/Desktop/ARM-DEV/arm-tools/arm-none-eabi/lib\libc.a(lib_a-errno.o)
                0x00015c08                __errno
 .text          0x00015c18        0x0 C:/Users/USER/Desktop/ARM-DEV/arm-tools/arm-none-eabi/lib\libc.a(lib_a-impure.o)
 .text          0x00015c18        0x0 C:/Users/USER/Desktop/ARM-DEV/arm-tools/arm-none-eabi/lib\libc.a(lib_a-locale.o)
 .text._setlocale_r
                0x00015c18       0x68 C:/Users/USER/Desktop/ARM-DEV/arm-tools/arm-none-eabi/lib\libc.a(lib_a-locale.o)
                0x00015c18                _setlocale_r
 .text.__locale_mb_cur_max
                0x00015c80       0x28 C:/Users/USER/Desktop/ARM-DEV/arm-tools/arm-none-eabi/lib\libc.a(lib_a-locale.o)
                0x00015c80                __locale_mb_cur_max
 .text.__locale_ctype_ptr_l
                0x00015ca8        0x8 C:/Users/USER/Desktop/ARM-DEV/arm-tools/arm-none-eabi/lib\libc.a(lib_a-locale.o)
                0x00015ca8                __locale_ctype_ptr_l
 .text.__locale_ctype_ptr
                0x00015cb0       0x28 C:/Users/USER/Desktop/ARM-DEV/arm-tools/arm-none-eabi/lib\libc.a(lib_a-locale.o)
                0x00015cb0                __locale_ctype_ptr
 .text.setlocale
                0x00015cd8       0x18 C:/Users/USER/Desktop/ARM-DEV/arm-tools/arm-none-eabi/lib\libc.a(lib_a-locale.o)
                0x00015cd8                setlocale
 .text          0x00015cf0        0x0 C:/Users/USER/Desktop/ARM-DEV/arm-tools/arm-none-eabi/lib\libc.a(lib_a-malloc.o)
 .text.malloc   0x00015cf0       0x20 C:/Users/USER/Desktop/ARM-DEV/arm-tools/arm-none-eabi/lib\libc.a(lib_a-malloc.o)
                0x00015cf0                malloc
 .text.free     0x00015d10       0x20 C:/Users/USER/Desktop/ARM-DEV/arm-tools/arm-none-eabi/lib\libc.a(lib_a-malloc.o)
                0x00015d10                free
 .text          0x00015d30        0x0 C:/Users/USER/Desktop/ARM-DEV/arm-tools/arm-none-eabi/lib\libc.a(lib_a-mallocr.o)
 .text._malloc_r
                0x00015d30      0x78c C:/Users/USER/Desktop/ARM-DEV/arm-tools/arm-none-eabi/lib\libc.a(lib_a-mallocr.o)
                0x00015d30                _malloc_r
 .text          0x000164bc        0x0 C:/Users/USER/Desktop/ARM-DEV/arm-tools/arm-none-eabi/lib\libc.a(lib_a-mbtowc_r.o)
 .text._mbtowc_r
                0x000164bc       0x34 C:/Users/USER/Desktop/ARM-DEV/arm-tools/arm-none-eabi/lib\libc.a(lib_a-mbtowc_r.o)
                0x000164bc                _mbtowc_r
 .text.__ascii_mbtowc
                0x000164f0       0x4c C:/Users/USER/Desktop/ARM-DEV/arm-tools/arm-none-eabi/lib\libc.a(lib_a-mbtowc_r.o)
                0x000164f0                __ascii_mbtowc
 .text          0x0001653c        0x0 C:/Users/USER/Desktop/ARM-DEV/arm-tools/arm-none-eabi/lib\libc.a(lib_a-memchr-stub.o)
 .text.memchr   0x0001653c      0x110 C:/Users/USER/Desktop/ARM-DEV/arm-tools/arm-none-eabi/lib\libc.a(lib_a-memchr-stub.o)
                0x0001653c                memchr
 .text          0x0001664c        0x0 C:/Users/USER/Desktop/ARM-DEV/arm-tools/arm-none-eabi/lib\libc.a(lib_a-memcmp.o)
 .text.memcmp   0x0001664c       0xf0 C:/Users/USER/Desktop/ARM-DEV/arm-tools/arm-none-eabi/lib\libc.a(lib_a-memcmp.o)
                0x0001664c                memcmp
 .text          0x0001673c        0x0 C:/Users/USER/Desktop/ARM-DEV/arm-tools/arm-none-eabi/lib\libc.a(lib_a-memcpy-stub.o)
 .text.memcpy   0x0001673c      0x114 C:/Users/USER/Desktop/ARM-DEV/arm-tools/arm-none-eabi/lib\libc.a(lib_a-memcpy-stub.o)
                0x0001673c                memcpy
 .text          0x00016850        0x0 C:/Users/USER/Desktop/ARM-DEV/arm-tools/arm-none-eabi/lib\libc.a(lib_a-memmove.o)
 .text.memmove  0x00016850      0x148 C:/Users/USER/Desktop/ARM-DEV/arm-tools/arm-none-eabi/lib\libc.a(lib_a-memmove.o)
                0x00016850                memmove
 .text          0x00016998        0x0 C:/Users/USER/Desktop/ARM-DEV/arm-tools/arm-none-eabi/lib\libc.a(lib_a-memset.o)
 .text.memset   0x00016998      0x114 C:/Users/USER/Desktop/ARM-DEV/arm-tools/arm-none-eabi/lib\libc.a(lib_a-memset.o)
                0x00016998                memset
 .text          0x00016aac        0x0 C:/Users/USER/Desktop/ARM-DEV/arm-tools/arm-none-eabi/lib\libc.a(lib_a-mlock.o)
 .text.__malloc_lock
                0x00016aac       0x18 C:/Users/USER/Desktop/ARM-DEV/arm-tools/arm-none-eabi/lib\libc.a(lib_a-mlock.o)
                0x00016aac                __malloc_lock
 .text.__malloc_unlock
                0x00016ac4       0x18 C:/Users/USER/Desktop/ARM-DEV/arm-tools/arm-none-eabi/lib\libc.a(lib_a-mlock.o)
                0x00016ac4                __malloc_unlock
 .text          0x00016adc        0x0 C:/Users/USER/Desktop/ARM-DEV/arm-tools/arm-none-eabi/lib\libc.a(lib_a-qsort.o)
 .text.qsort    0x00016adc      0x8b0 C:/Users/USER/Desktop/ARM-DEV/arm-tools/arm-none-eabi/lib\libc.a(lib_a-qsort.o)
                0x00016adc                qsort
 .text          0x0001738c        0x0 C:/Users/USER/Desktop/ARM-DEV/arm-tools/arm-none-eabi/lib\libc.a(lib_a-rand.o)
 .text.srand    0x0001738c       0x1c C:/Users/USER/Desktop/ARM-DEV/arm-tools/arm-none-eabi/lib\libc.a(lib_a-rand.o)
                0x0001738c                srand
 .text.rand     0x000173a8       0x54 C:/Users/USER/Desktop/ARM-DEV/arm-tools/arm-none-eabi/lib\libc.a(lib_a-rand.o)
                0x000173a8                rand
 .text          0x000173fc        0x0 C:/Users/USER/Desktop/ARM-DEV/arm-tools/arm-none-eabi/lib\libc.a(lib_a-sbrkr.o)
 .text._sbrk_r  0x000173fc       0x44 C:/Users/USER/Desktop/ARM-DEV/arm-tools/arm-none-eabi/lib\libc.a(lib_a-sbrkr.o)
                0x000173fc                _sbrk_r
 .text          0x00017440        0x0 C:/Users/USER/Desktop/ARM-DEV/arm-tools/arm-none-eabi/lib\libc.a(lib_a-sprintf.o)
 .text._sprintf_r
                0x00017440       0x64 C:/Users/USER/Desktop/ARM-DEV/arm-tools/arm-none-eabi/lib\libc.a(lib_a-sprintf.o)
                0x00017440                _sprintf_r
 .text.sprintf  0x000174a4       0x74 C:/Users/USER/Desktop/ARM-DEV/arm-tools/arm-none-eabi/lib\libc.a(lib_a-sprintf.o)
                0x000174a4                sprintf
 .text          0x00017518        0x0 C:/Users/USER/Desktop/ARM-DEV/arm-tools/arm-none-eabi/lib\libc.a(lib_a-strcat.o)
 .text.strcat   0x00017518       0x74 C:/Users/USER/Desktop/ARM-DEV/arm-tools/arm-none-eabi/lib\libc.a(lib_a-strcat.o)
                0x00017518                strcat
 .text          0x0001758c        0x0 C:/Users/USER/Desktop/ARM-DEV/arm-tools/arm-none-eabi/lib\libc.a(lib_a-strchr.o)
 .text.strchr   0x0001758c      0x1ac C:/Users/USER/Desktop/ARM-DEV/arm-tools/arm-none-eabi/lib\libc.a(lib_a-strchr.o)
                0x0001758c                strchr
 .text          0x00017738      0x224 C:/Users/USER/Desktop/ARM-DEV/arm-tools/arm-none-eabi/lib\libc.a(lib_a-strcmp.o)
                0x00017738                strcmp
 .text          0x0001795c        0x0 C:/Users/USER/Desktop/ARM-DEV/arm-tools/arm-none-eabi/lib\libc.a(lib_a-strcpy.o)
 .text.strcpy   0x0001795c       0xf0 C:/Users/USER/Desktop/ARM-DEV/arm-tools/arm-none-eabi/lib\libc.a(lib_a-strcpy.o)
                0x0001795c                strcpy
 .text          0x00017a4c        0x0 C:/Users/USER/Desktop/ARM-DEV/arm-tools/arm-none-eabi/lib\libc.a(lib_a-strcspn.o)
 .text.strcspn  0x00017a4c       0x64 C:/Users/USER/Desktop/ARM-DEV/arm-tools/arm-none-eabi/lib\libc.a(lib_a-strcspn.o)
                0x00017a4c                strcspn
 .text          0x00017ab0        0x0 C:/Users/USER/Desktop/ARM-DEV/arm-tools/arm-none-eabi/lib\libc.a(lib_a-strncat.o)
 .text.strncat  0x00017ab0       0xa0 C:/Users/USER/Desktop/ARM-DEV/arm-tools/arm-none-eabi/lib\libc.a(lib_a-strncat.o)
                0x00017ab0                strncat
 .text          0x00017b50        0x0 C:/Users/USER/Desktop/ARM-DEV/arm-tools/arm-none-eabi/lib\libc.a(lib_a-strncpy.o)
 .text.strncpy  0x00017b50       0xdc C:/Users/USER/Desktop/ARM-DEV/arm-tools/arm-none-eabi/lib\libc.a(lib_a-strncpy.o)
                0x00017b50                strncpy
 .text          0x00017c2c        0x0 C:/Users/USER/Desktop/ARM-DEV/arm-tools/arm-none-eabi/lib\libc.a(lib_a-strrchr.o)
 .text.strrchr  0x00017c2c       0x54 C:/Users/USER/Desktop/ARM-DEV/arm-tools/arm-none-eabi/lib\libc.a(lib_a-strrchr.o)
                0x00017c2c                strrchr
 .text          0x00017c80        0x0 C:/Users/USER/Desktop/ARM-DEV/arm-tools/arm-none-eabi/lib\libc.a(lib_a-strspn.o)
 .text.strspn   0x00017c80       0x70 C:/Users/USER/Desktop/ARM-DEV/arm-tools/arm-none-eabi/lib\libc.a(lib_a-strspn.o)
                0x00017c80                strspn
 .text          0x00017cf0        0x0 C:/Users/USER/Desktop/ARM-DEV/arm-tools/arm-none-eabi/lib\libc.a(lib_a-strstr.o)
 .text.critical_factorization
                0x00017cf0      0x11c C:/Users/USER/Desktop/ARM-DEV/arm-tools/arm-none-eabi/lib\libc.a(lib_a-strstr.o)
 .text.two_way_long_needle
                0x00017e0c      0x3a0 C:/Users/USER/Desktop/ARM-DEV/arm-tools/arm-none-eabi/lib\libc.a(lib_a-strstr.o)
 .text.strstr   0x000181ac      0x378 C:/Users/USER/Desktop/ARM-DEV/arm-tools/arm-none-eabi/lib\libc.a(lib_a-strstr.o)
                0x000181ac                strstr
 .text          0x00018524        0x0 C:/Users/USER/Desktop/ARM-DEV/arm-tools/arm-none-eabi/lib\libc.a(lib_a-strtod.o)
 .text.unlikely.sulp
                0x00018524       0x6c C:/Users/USER/Desktop/ARM-DEV/arm-tools/arm-none-eabi/lib\libc.a(lib_a-strtod.o)
 .text._strtod_l
                0x00018590     0x1660 C:/Users/USER/Desktop/ARM-DEV/arm-tools/arm-none-eabi/lib\libc.a(lib_a-strtod.o)
                0x00018590                _strtod_l
 .text._strtod_r
                0x00019bf0       0x24 C:/Users/USER/Desktop/ARM-DEV/arm-tools/arm-none-eabi/lib\libc.a(lib_a-strtod.o)
                0x00019bf0                _strtod_r
 .text.strtod_l
                0x00019c14       0x1c C:/Users/USER/Desktop/ARM-DEV/arm-tools/arm-none-eabi/lib\libc.a(lib_a-strtod.o)
                0x00019c14                strtod_l
 .text.strtod   0x00019c30       0x38 C:/Users/USER/Desktop/ARM-DEV/arm-tools/arm-none-eabi/lib\libc.a(lib_a-strtod.o)
                0x00019c30                strtod
 .text.strtof_l
                0x00019c68       0xe4 C:/Users/USER/Desktop/ARM-DEV/arm-tools/arm-none-eabi/lib\libc.a(lib_a-strtod.o)
                0x00019c68                strtof_l
 .text.strtof   0x00019d4c       0xf8 C:/Users/USER/Desktop/ARM-DEV/arm-tools/arm-none-eabi/lib\libc.a(lib_a-strtod.o)
                0x00019d4c                strtof
 .text          0x00019e44        0x0 C:/Users/USER/Desktop/ARM-DEV/arm-tools/arm-none-eabi/lib\libc.a(lib_a-strtok.o)
 .text.strtok   0x00019e44       0x24 C:/Users/USER/Desktop/ARM-DEV/arm-tools/arm-none-eabi/lib\libc.a(lib_a-strtok.o)
                0x00019e44                strtok
 .text          0x00019e68        0x0 C:/Users/USER/Desktop/ARM-DEV/arm-tools/arm-none-eabi/lib\libc.a(lib_a-strtok_r.o)
 .text.__strtok_r
                0x00019e68       0xb4 C:/Users/USER/Desktop/ARM-DEV/arm-tools/arm-none-eabi/lib\libc.a(lib_a-strtok_r.o)
                0x00019e68                __strtok_r
 .text.strtok_r
                0x00019f1c        0x8 C:/Users/USER/Desktop/ARM-DEV/arm-tools/arm-none-eabi/lib\libc.a(lib_a-strtok_r.o)
                0x00019f1c                strtok_r
 .text          0x00019f24        0x0 C:/Users/USER/Desktop/ARM-DEV/arm-tools/arm-none-eabi/lib\libc.a(lib_a-strtol.o)
 .text._strtol_l.isra.0
                0x00019f24      0x220 C:/Users/USER/Desktop/ARM-DEV/arm-tools/arm-none-eabi/lib\libc.a(lib_a-strtol.o)
 .text._strtol_r
                0x0001a144       0x3c C:/Users/USER/Desktop/ARM-DEV/arm-tools/arm-none-eabi/lib\libc.a(lib_a-strtol.o)
                0x0001a144                _strtol_r
 .text.strtol_l
                0x0001a180       0x38 C:/Users/USER/Desktop/ARM-DEV/arm-tools/arm-none-eabi/lib\libc.a(lib_a-strtol.o)
                0x0001a180                strtol_l
 .text.strtol   0x0001a1b8       0x4c C:/Users/USER/Desktop/ARM-DEV/arm-tools/arm-none-eabi/lib\libc.a(lib_a-strtol.o)
                0x0001a1b8                strtol
 .text          0x0001a204        0x0 C:/Users/USER/Desktop/ARM-DEV/arm-tools/arm-none-eabi/lib\libc.a(lib_a-strtoul.o)
 .text._strtoul_l.isra.0
                0x0001a204      0x1e8 C:/Users/USER/Desktop/ARM-DEV/arm-tools/arm-none-eabi/lib\libc.a(lib_a-strtoul.o)
 .text._strtoul_r
                0x0001a3ec       0x3c C:/Users/USER/Desktop/ARM-DEV/arm-tools/arm-none-eabi/lib\libc.a(lib_a-strtoul.o)
                0x0001a3ec                _strtoul_r
 .text.strtoul_l
                0x0001a428       0x38 C:/Users/USER/Desktop/ARM-DEV/arm-tools/arm-none-eabi/lib\libc.a(lib_a-strtoul.o)
                0x0001a428                strtoul_l
 .text.strtoul  0x0001a460       0x4c C:/Users/USER/Desktop/ARM-DEV/arm-tools/arm-none-eabi/lib\libc.a(lib_a-strtoul.o)
                0x0001a460                strtoul
 .text          0x0001a4ac        0x0 C:/Users/USER/Desktop/ARM-DEV/arm-tools/arm-none-eabi/lib\libc.a(lib_a-svfprintf.o)
 .text._svfprintf_r
                0x0001a4ac     0x2034 C:/Users/USER/Desktop/ARM-DEV/arm-tools/arm-none-eabi/lib\libc.a(lib_a-svfprintf.o)
                0x0001a4ac                _svfprintf_r
 .text          0x0001c4e0        0x0 C:/Users/USER/Desktop/ARM-DEV/arm-tools/arm-none-eabi/lib\libc.a(lib_a-vsprintf.o)
 .text._vsprintf_r
                0x0001c4e0       0x50 C:/Users/USER/Desktop/ARM-DEV/arm-tools/arm-none-eabi/lib\libc.a(lib_a-vsprintf.o)
                0x0001c4e0                _vsprintf_r
 .text.vsprintf
                0x0001c530       0x1c C:/Users/USER/Desktop/ARM-DEV/arm-tools/arm-none-eabi/lib\libc.a(lib_a-vsprintf.o)
                0x0001c530                vsprintf
 .text          0x0001c54c        0x0 C:/Users/USER/Desktop/ARM-DEV/arm-tools/arm-none-eabi/lib\libc.a(lib_a-wctomb_r.o)
 .text._wctomb_r
                0x0001c54c       0x34 C:/Users/USER/Desktop/ARM-DEV/arm-tools/arm-none-eabi/lib\libc.a(lib_a-wctomb_r.o)
                0x0001c54c                _wctomb_r
 .text.__ascii_wctomb
                0x0001c580       0x28 C:/Users/USER/Desktop/ARM-DEV/arm-tools/arm-none-eabi/lib\libc.a(lib_a-wctomb_r.o)
                0x0001c580                __ascii_wctomb
 .text          0x0001c5a8        0x0 C:/Users/USER/Desktop/ARM-DEV/arm-tools/arm-none-eabi/lib\libc.a(lib_a-ctype_.o)
 .text          0x0001c5a8        0x0 C:/Users/USER/Desktop/ARM-DEV/arm-tools/arm-none-eabi/lib\libc.a(lib_a-dtoa.o)
 .text.quorem   0x0001c5a8      0x1e0 C:/Users/USER/Desktop/ARM-DEV/arm-tools/arm-none-eabi/lib\libc.a(lib_a-dtoa.o)
 .text._dtoa_r  0x0001c788     0x163c C:/Users/USER/Desktop/ARM-DEV/arm-tools/arm-none-eabi/lib\libc.a(lib_a-dtoa.o)
                0x0001c788                _dtoa_r
 .text          0x0001ddc4        0x0 C:/Users/USER/Desktop/ARM-DEV/arm-tools/arm-none-eabi/lib\libc.a(lib_a-freer.o)
 .text._malloc_trim_r
                0x0001ddc4      0x100 C:/Users/USER/Desktop/ARM-DEV/arm-tools/arm-none-eabi/lib\libc.a(lib_a-freer.o)
                0x0001ddc4                _malloc_trim_r
 .text._free_r  0x0001dec4      0x2e0 C:/Users/USER/Desktop/ARM-DEV/arm-tools/arm-none-eabi/lib\libc.a(lib_a-freer.o)
                0x0001dec4                _free_r
 .text          0x0001e1a4        0x0 C:/Users/USER/Desktop/ARM-DEV/arm-tools/arm-none-eabi/lib\libc.a(lib_a-gdtoa-gethex.o)
 .text.rshift   0x0001e1a4       0xf8 C:/Users/USER/Desktop/ARM-DEV/arm-tools/arm-none-eabi/lib\libc.a(lib_a-gdtoa-gethex.o)
 .text.__gethex
                0x0001e29c      0x804 C:/Users/USER/Desktop/ARM-DEV/arm-tools/arm-none-eabi/lib\libc.a(lib_a-gdtoa-gethex.o)
                0x0001e29c                __gethex
 .text          0x0001eaa0        0x0 C:/Users/USER/Desktop/ARM-DEV/arm-tools/arm-none-eabi/lib\libc.a(lib_a-gdtoa-hexnan.o)
 .text.__match  0x0001eaa0       0x6c C:/Users/USER/Desktop/ARM-DEV/arm-tools/arm-none-eabi/lib\libc.a(lib_a-gdtoa-hexnan.o)
                0x0001eaa0                __match
 .text.__hexnan
                0x0001eb0c      0x270 C:/Users/USER/Desktop/ARM-DEV/arm-tools/arm-none-eabi/lib\libc.a(lib_a-gdtoa-hexnan.o)
                0x0001eb0c                __hexnan
 .text          0x0001ed7c        0x0 C:/Users/USER/Desktop/ARM-DEV/arm-tools/arm-none-eabi/lib\libc.a(lib_a-localeconv.o)
 .text.__localeconv_l
                0x0001ed7c        0x8 C:/Users/USER/Desktop/ARM-DEV/arm-tools/arm-none-eabi/lib\libc.a(lib_a-localeconv.o)
                0x0001ed7c                __localeconv_l
 .text._localeconv_r
                0x0001ed84       0x28 C:/Users/USER/Desktop/ARM-DEV/arm-tools/arm-none-eabi/lib\libc.a(lib_a-localeconv.o)
                0x0001ed84                _localeconv_r
 .text.localeconv
                0x0001edac       0x28 C:/Users/USER/Desktop/ARM-DEV/arm-tools/arm-none-eabi/lib\libc.a(lib_a-localeconv.o)
                0x0001edac                localeconv
 .text          0x0001edd4        0x0 C:/Users/USER/Desktop/ARM-DEV/arm-tools/arm-none-eabi/lib\libc.a(lib_a-lock.o)
 .text.__retarget_lock_init
                0x0001edd4        0x4 C:/Users/USER/Desktop/ARM-DEV/arm-tools/arm-none-eabi/lib\libc.a(lib_a-lock.o)
                0x0001edd4                __retarget_lock_init
 .text.__retarget_lock_init_recursive
                0x0001edd8        0x4 C:/Users/USER/Desktop/ARM-DEV/arm-tools/arm-none-eabi/lib\libc.a(lib_a-lock.o)
                0x0001edd8                __retarget_lock_init_recursive
 .text.__retarget_lock_close
                0x0001eddc        0x4 C:/Users/USER/Desktop/ARM-DEV/arm-tools/arm-none-eabi/lib\libc.a(lib_a-lock.o)
                0x0001eddc                __retarget_lock_close
 .text.__retarget_lock_close_recursive
                0x0001ede0        0x4 C:/Users/USER/Desktop/ARM-DEV/arm-tools/arm-none-eabi/lib\libc.a(lib_a-lock.o)
                0x0001ede0                __retarget_lock_close_recursive
 .text.__retarget_lock_acquire
                0x0001ede4        0x4 C:/Users/USER/Desktop/ARM-DEV/arm-tools/arm-none-eabi/lib\libc.a(lib_a-lock.o)
                0x0001ede4                __retarget_lock_acquire
 .text.__retarget_lock_acquire_recursive
                0x0001ede8        0x4 C:/Users/USER/Desktop/ARM-DEV/arm-tools/arm-none-eabi/lib\libc.a(lib_a-lock.o)
                0x0001ede8                __retarget_lock_acquire_recursive
 .text.__retarget_lock_try_acquire
                0x0001edec        0x8 C:/Users/USER/Desktop/ARM-DEV/arm-tools/arm-none-eabi/lib\libc.a(lib_a-lock.o)
                0x0001edec                __retarget_lock_try_acquire
 .text.__retarget_lock_try_acquire_recursive
                0x0001edf4        0x8 C:/Users/USER/Desktop/ARM-DEV/arm-tools/arm-none-eabi/lib\libc.a(lib_a-lock.o)
                0x0001edf4                __retarget_lock_try_acquire_recursive
 .text.__retarget_lock_release
                0x0001edfc        0x4 C:/Users/USER/Desktop/ARM-DEV/arm-tools/arm-none-eabi/lib\libc.a(lib_a-lock.o)
                0x0001edfc                __retarget_lock_release
 .text.__retarget_lock_release_recursive
                0x0001ee00        0x4 C:/Users/USER/Desktop/ARM-DEV/arm-tools/arm-none-eabi/lib\libc.a(lib_a-lock.o)
                0x0001ee00                __retarget_lock_release_recursive
 .text          0x0001ee04        0x0 C:/Users/USER/Desktop/ARM-DEV/arm-tools/arm-none-eabi/lib\libc.a(lib_a-mprec.o)
 .text._Balloc  0x0001ee04       0x8c C:/Users/USER/Desktop/ARM-DEV/arm-tools/arm-none-eabi/lib\libc.a(lib_a-mprec.o)
                0x0001ee04                _Balloc
 .text._Bfree   0x0001ee90       0x1c C:/Users/USER/Desktop/ARM-DEV/arm-tools/arm-none-eabi/lib\libc.a(lib_a-mprec.o)
                0x0001ee90                _Bfree
 .text.__multadd
                0x0001eeac       0xdc C:/Users/USER/Desktop/ARM-DEV/arm-tools/arm-none-eabi/lib\libc.a(lib_a-mprec.o)
                0x0001eeac                __multadd
 .text.__s2b    0x0001ef88       0xf0 C:/Users/USER/Desktop/ARM-DEV/arm-tools/arm-none-eabi/lib\libc.a(lib_a-mprec.o)
                0x0001ef88                __s2b
 .text.__hi0bits
                0x0001f078       0x58 C:/Users/USER/Desktop/ARM-DEV/arm-tools/arm-none-eabi/lib\libc.a(lib_a-mprec.o)
                0x0001f078                __hi0bits
 .text.__lo0bits
                0x0001f0d0       0xa0 C:/Users/USER/Desktop/ARM-DEV/arm-tools/arm-none-eabi/lib\libc.a(lib_a-mprec.o)
                0x0001f0d0                __lo0bits
 .text.__i2b    0x0001f170       0x24 C:/Users/USER/Desktop/ARM-DEV/arm-tools/arm-none-eabi/lib\libc.a(lib_a-mprec.o)
                0x0001f170                __i2b
 .text.__multiply
                0x0001f194      0x1d0 C:/Users/USER/Desktop/ARM-DEV/arm-tools/arm-none-eabi/lib\libc.a(lib_a-mprec.o)
                0x0001f194                __multiply
 .text.__pow5mult
                0x0001f364      0x104 C:/Users/USER/Desktop/ARM-DEV/arm-tools/arm-none-eabi/lib\libc.a(lib_a-mprec.o)
                0x0001f364                __pow5mult
 .text.__lshift
                0x0001f468       0xe8 C:/Users/USER/Desktop/ARM-DEV/arm-tools/arm-none-eabi/lib\libc.a(lib_a-mprec.o)
                0x0001f468                __lshift
 .text.__mcmp   0x0001f550       0x60 C:/Users/USER/Desktop/ARM-DEV/arm-tools/arm-none-eabi/lib\libc.a(lib_a-mprec.o)
                0x0001f550                __mcmp
 .text.__mdiff  0x0001f5b0      0x1a8 C:/Users/USER/Desktop/ARM-DEV/arm-tools/arm-none-eabi/lib\libc.a(lib_a-mprec.o)
                0x0001f5b0                __mdiff
 .text.__ulp    0x0001f758       0x68 C:/Users/USER/Desktop/ARM-DEV/arm-tools/arm-none-eabi/lib\libc.a(lib_a-mprec.o)
                0x0001f758                __ulp
 .text.__b2d    0x0001f7c0       0xec C:/Users/USER/Desktop/ARM-DEV/arm-tools/arm-none-eabi/lib\libc.a(lib_a-mprec.o)
                0x0001f7c0                __b2d
 .text.__d2b    0x0001f8ac      0x110 C:/Users/USER/Desktop/ARM-DEV/arm-tools/arm-none-eabi/lib\libc.a(lib_a-mprec.o)
                0x0001f8ac                __d2b
 .text.__ratio  0x0001f9bc       0x90 C:/Users/USER/Desktop/ARM-DEV/arm-tools/arm-none-eabi/lib\libc.a(lib_a-mprec.o)
                0x0001f9bc                __ratio
 .text._mprec_log10
                0x0001fa4c       0x5c C:/Users/USER/Desktop/ARM-DEV/arm-tools/arm-none-eabi/lib\libc.a(lib_a-mprec.o)
                0x0001fa4c                _mprec_log10
 .text.__copybits
                0x0001faa8       0x70 C:/Users/USER/Desktop/ARM-DEV/arm-tools/arm-none-eabi/lib\libc.a(lib_a-mprec.o)
                0x0001faa8                __copybits
 .text.__any_on
                0x0001fb18       0x80 C:/Users/USER/Desktop/ARM-DEV/arm-tools/arm-none-eabi/lib\libc.a(lib_a-mprec.o)
                0x0001fb18                __any_on
 .text          0x0001fb98        0x0 C:/Users/USER/Desktop/ARM-DEV/arm-tools/arm-none-eabi/lib\libc.a(lib_a-reent.o)
 .text.cleanup_glue
                0x0001fb98       0x2c C:/Users/USER/Desktop/ARM-DEV/arm-tools/arm-none-eabi/lib\libc.a(lib_a-reent.o)
                0x0001fb98                cleanup_glue
 .text._reclaim_reent
                0x0001fbc4       0xf4 C:/Users/USER/Desktop/ARM-DEV/arm-tools/arm-none-eabi/lib\libc.a(lib_a-reent.o)
                0x0001fbc4                _reclaim_reent
 .text          0x0001fcb8        0x0 C:/Users/USER/Desktop/ARM-DEV/arm-tools/arm-none-eabi/lib\libc.a(lib_a-sf_nan.o)
 .text.nanf     0x0001fcb8        0xc C:/Users/USER/Desktop/ARM-DEV/arm-tools/arm-none-eabi/lib\libc.a(lib_a-sf_nan.o)
                0x0001fcb8                nanf
 .text          0x0001fcc4        0x0 C:/Users/USER/Desktop/ARM-DEV/arm-tools/arm-none-eabi/lib\libc.a(lib_a-strlen-stub.o)
 .text.strlen   0x0001fcc4       0x60 C:/Users/USER/Desktop/ARM-DEV/arm-tools/arm-none-eabi/lib\libc.a(lib_a-strlen-stub.o)
                0x0001fcc4                strlen
 .text          0x0001fd24        0x0 C:/Users/USER/Desktop/ARM-DEV/arm-tools/arm-none-eabi/lib\libc.a(lib_a-strncmp.o)
 .text.strncmp  0x0001fd24      0x110 C:/Users/USER/Desktop/ARM-DEV/arm-tools/arm-none-eabi/lib\libc.a(lib_a-strncmp.o)
                0x0001fd24                strncmp
 .text          0x0001fe34        0x0 C:/Users/USER/Desktop/ARM-DEV/arm-tools/arm-none-eabi/lib\libc.a(lib_a-svfiprintf.o)
 .text.__ssprint_r
                0x0001fe34      0x190 C:/Users/USER/Desktop/ARM-DEV/arm-tools/arm-none-eabi/lib\libc.a(lib_a-svfiprintf.o)
                0x0001fe34                __ssprint_r
 .text._svfiprintf_r
                0x0001ffc4     0x1054 C:/Users/USER/Desktop/ARM-DEV/arm-tools/arm-none-eabi/lib\libc.a(lib_a-svfiprintf.o)
                0x0001ffc4                _svfiprintf_r
 .text          0x00021018        0x0 C:/Users/USER/Desktop/ARM-DEV/arm-tools/arm-none-eabi/lib\libc.a(lib_a-callocr.o)
 .text._calloc_r
                0x00021018       0x98 C:/Users/USER/Desktop/ARM-DEV/arm-tools/arm-none-eabi/lib\libc.a(lib_a-callocr.o)
                0x00021018                _calloc_r
 .text          0x000210b0        0x0 C:/Users/USER/Desktop/ARM-DEV/arm-tools/arm-none-eabi/lib\libc.a(lib_a-reallocr.o)
 .text._realloc_r
                0x000210b0      0x4d4 C:/Users/USER/Desktop/ARM-DEV/arm-tools/arm-none-eabi/lib\libc.a(lib_a-reallocr.o)
                0x000210b0                _realloc_r
 .text          0x00021584        0x0 C:/Users/USER/Desktop/ARM-DEV/arm-tools/arm-none-eabi/lib\libnosys.a(sbrk.o)
 .text._sbrk    0x00021584       0x2c C:/Users/USER/Desktop/ARM-DEV/arm-tools/arm-none-eabi/lib\libnosys.a(sbrk.o)
                0x00021584                _sbrk
 .text          0x000215b0      0x114 C:/Users/USER/Desktop/ARM-DEV/arm-tools/lib/gcc/arm-none-eabi/6.3.1\libgcc.a(_udivsi3.o)
                0x000215b0                __aeabi_uidiv
                0x000215b0                __udivsi3
                0x000216a4                __aeabi_uidivmod
 .text          0x000216c4      0x148 C:/Users/USER/Desktop/ARM-DEV/arm-tools/lib/gcc/arm-none-eabi/6.3.1\libgcc.a(_divsi3.o)
                0x000216c4                __divsi3
                0x000216c4                __aeabi_idiv
                0x000217ec                __aeabi_idivmod
 .text          0x0002180c        0x4 C:/Users/USER/Desktop/ARM-DEV/arm-tools/lib/gcc/arm-none-eabi/6.3.1\libgcc.a(_dvmd_tls.o)
                0x0002180c                __aeabi_idiv0
                0x0002180c                __aeabi_ldiv0
 .text          0x00021810      0x41c C:/Users/USER/Desktop/ARM-DEV/arm-tools/lib/gcc/arm-none-eabi/6.3.1\libgcc.a(_arm_addsubdf3.o)
                0x00021810                __aeabi_drsub
                0x00021818                __aeabi_dsub
                0x00021818                __subdf3
                0x0002181c                __aeabi_dadd
                0x0002181c                __adddf3
                0x00021b2c                __floatunsidf
                0x00021b2c                __aeabi_ui2d
                0x00021b50                __floatsidf
                0x00021b50                __aeabi_i2d
                0x00021b78                __aeabi_f2d
                0x00021b78                __extendsfdf2
                0x00021bb8                __floatundidf
                0x00021bb8                __aeabi_ul2d
                0x00021bcc                __floatdidf
                0x00021bcc                __aeabi_l2d
 .text          0x00021c2c      0x49c C:/Users/USER/Desktop/ARM-DEV/arm-tools/lib/gcc/arm-none-eabi/6.3.1\libgcc.a(_arm_muldivdf3.o)
                0x00021c2c                __aeabi_dmul
                0x00021c2c                __muldf3
                0x00021ebc                __divdf3
                0x00021ebc                __aeabi_ddiv
 .text          0x000220c8      0x144 C:/Users/USER/Desktop/ARM-DEV/arm-tools/lib/gcc/arm-none-eabi/6.3.1\libgcc.a(_arm_cmpdf2.o)
                0x000220c8                __gtdf2
                0x000220c8                __gedf2
                0x000220d0                __ltdf2
                0x000220d0                __ledf2
                0x000220d8                __nedf2
                0x000220d8                __eqdf2
                0x000220d8                __cmpdf2
                0x00022160                __aeabi_cdrcmple
                0x0002217c                __aeabi_cdcmpeq
                0x0002217c                __aeabi_cdcmple
                0x00022194                __aeabi_dcmpeq
                0x000221ac                __aeabi_dcmplt
                0x000221c4                __aeabi_dcmple
                0x000221dc                __aeabi_dcmpge
                0x000221f4                __aeabi_dcmpgt
 .text          0x0002220c       0x38 C:/Users/USER/Desktop/ARM-DEV/arm-tools/lib/gcc/arm-none-eabi/6.3.1\libgcc.a(_arm_unorddf2.o)
                0x0002220c                __unorddf2
                0x0002220c                __aeabi_dcmpun
 .text          0x00022244       0x5c C:/Users/USER/Desktop/ARM-DEV/arm-tools/lib/gcc/arm-none-eabi/6.3.1\libgcc.a(_arm_fixdfsi.o)
                0x00022244                __aeabi_d2iz
                0x00022244                __fixdfsi
 .text          0x000222a0       0x54 C:/Users/USER/Desktop/ARM-DEV/arm-tools/lib/gcc/arm-none-eabi/6.3.1\libgcc.a(_arm_fixunsdfsi.o)
                0x000222a0                __aeabi_d2uiz
                0x000222a0                __fixunsdfsi
 .text          0x000222f4       0xa0 C:/Users/USER/Desktop/ARM-DEV/arm-tools/lib/gcc/arm-none-eabi/6.3.1\libgcc.a(_arm_truncdfsf2.o)
                0x000222f4                __truncdfsf2
                0x000222f4                __aeabi_d2f
 .text          0x00022394      0x2ac C:/Users/USER/Desktop/ARM-DEV/arm-tools/lib/gcc/arm-none-eabi/6.3.1\libgcc.a(_arm_addsubsf3.o)
                0x00022394                __aeabi_frsub
                0x0002239c                __subsf3
                0x0002239c                __aeabi_fsub
                0x000223a0                __aeabi_fadd
                0x000223a0                __addsf3
                0x0002255c                __aeabi_ui2f
                0x0002255c                __floatunsisf
                0x00022564                __aeabi_i2f
                0x00022564                __floatsisf
                0x00022584                __aeabi_ul2f
                0x00022584                __floatundisf
                0x00022594                __aeabi_l2f
                0x00022594                __floatdisf
 .text          0x00022640      0x2f8 C:/Users/USER/Desktop/ARM-DEV/arm-tools/lib/gcc/arm-none-eabi/6.3.1\libgcc.a(_arm_muldivsf3.o)
                0x00022640                __mulsf3
                0x00022640                __aeabi_fmul
                0x000227d8                __aeabi_fdiv
                0x000227d8                __divsf3
 .text          0x00022938      0x114 C:/Users/USER/Desktop/ARM-DEV/arm-tools/lib/gcc/arm-none-eabi/6.3.1\libgcc.a(_arm_cmpsf2.o)
                0x00022938                __gesf2
                0x00022938                __gtsf2
                0x00022940                __lesf2
                0x00022940                __ltsf2
                0x00022948                __nesf2
                0x00022948                __eqsf2
                0x00022948                __cmpsf2
                0x000229ac                __aeabi_cfrcmple
                0x000229bc                __aeabi_cfcmpeq
                0x000229bc                __aeabi_cfcmple
                0x000229d4                __aeabi_fcmpeq
                0x000229ec                __aeabi_fcmplt
                0x00022a04                __aeabi_fcmple
                0x00022a1c                __aeabi_fcmpge
                0x00022a34                __aeabi_fcmpgt
 .text          0x00022a4c       0x38 C:/Users/USER/Desktop/ARM-DEV/arm-tools/lib/gcc/arm-none-eabi/6.3.1\libgcc.a(_arm_unordsf2.o)
                0x00022a4c                __unordsf2
                0x00022a4c                __aeabi_fcmpun
 .text          0x00022a84       0x5c C:/Users/USER/Desktop/ARM-DEV/arm-tools/lib/gcc/arm-none-eabi/6.3.1\libgcc.a(_arm_fixsfsi.o)
                0x00022a84                __aeabi_f2iz
                0x00022a84                __fixsfsi
 .text          0x00022ae0       0x54 C:/Users/USER/Desktop/ARM-DEV/arm-tools/lib/gcc/arm-none-eabi/6.3.1\libgcc.a(_arm_fixunssfsi.o)
                0x00022ae0                __fixunssfsi
                0x00022ae0                __aeabi_f2uiz
 .text          0x00022b34       0xd4 C:/Users/USER/Desktop/ARM-DEV/arm-tools/lib/gcc/arm-none-eabi/6.3.1\libgcc.a(_aeabi_ldivmod.o)
                0x00022b34                __aeabi_ldivmod
 .text          0x00022c08       0x3c C:/Users/USER/Desktop/ARM-DEV/arm-tools/lib/gcc/arm-none-eabi/6.3.1\libgcc.a(_aeabi_uldivmod.o)
                0x00022c08                __aeabi_uldivmod
 .text          0x00022c44       0x40 C:/Users/USER/Desktop/ARM-DEV/arm-tools/lib/gcc/arm-none-eabi/6.3.1\libgcc.a(_fixsfdi.o)
                0x00022c44                __fixsfdi
                0x00022c44                __aeabi_f2lz
 .text          0x00022c84       0x4c C:/Users/USER/Desktop/ARM-DEV/arm-tools/lib/gcc/arm-none-eabi/6.3.1\libgcc.a(_fixdfdi.o)
                0x00022c84                __fixdfdi
                0x00022c84                __aeabi_d2lz
 .text          0x00022cd0       0x70 C:/Users/USER/Desktop/ARM-DEV/arm-tools/lib/gcc/arm-none-eabi/6.3.1\libgcc.a(_fixunssfdi.o)
                0x00022cd0                __fixunssfdi
                0x00022cd0                __aeabi_f2ulz
 .text          0x00022d40       0x6c C:/Users/USER/Desktop/ARM-DEV/arm-tools/lib/gcc/arm-none-eabi/6.3.1\libgcc.a(_fixunsdfdi.o)
                0x00022d40                __fixunsdfdi
                0x00022d40                __aeabi_d2ulz
 .text          0x00022dac      0x12c C:/Users/USER/Desktop/ARM-DEV/arm-tools/lib/gcc/arm-none-eabi/6.3.1\libgcc.a(_udivmoddi4.o)
                0x00022dac                __udivmoddi4
 .text          0x00022ed8       0x28 C:/Users/USER/Desktop/ARM-DEV/arm-tools/lib/gcc/arm-none-eabi/6.3.1\libgcc.a(_clzdi2.o)
                0x00022ed8                __clzdi2
 .text          0x00022f00       0x48 C:/Users/USER/Desktop/ARM-DEV/arm-tools/lib/gcc/arm-none-eabi/6.3.1\libgcc.a(_clzsi2.o)
                0x00022f00                __clzsi2
 *(.init)
 *(.fini)
 *(.gnu.linkonce.t.*)
 *(.glue_7)
 .glue_7        0x00022f48        0x0 linker stubs
 *(.glue_7t)
 .glue_7t       0x00022f48        0x0 linker stubs
 *(.vfp11_veneer)
 .vfp11_veneer  0x00022f48        0x0 linker stubs
 *(.janus_2cc_veneer)
 *(.v4_bx)
 .v4_bx         0x00022f48        0x0 linker stubs
 *(.gcc_except_table)
 *(.rodata .rodata.*)
 .rodata.str1.4
                0x00022f48      0x131 main.o
                                0x135 (size before relaxing)
 *fill*         0x00023079        0x3 
 .rodata        0x0002307c       0x78 usrcmd.o
 .rodata.str1.4
                0x000230f4      0x69a usrcmd.o
                                0x6ce (size before relaxing)
 *fill*         0x0002378e        0x2 
 .rodata.str1.4
                0x00023790       0x25 core/ntlibc.o
 *fill*         0x000237b5        0x3 
 .rodata        0x000237b8       0x88 core/ntshell.o
 .rodata.str1.4
                0x00023840        0x6 core/ntshell.o
                                  0xe (size before relaxing)
 *fill*         0x00023846        0x2 
 .rodata        0x00023848      0x876 core/vtrecv.o
 .rodata.str1.4
                0x000240be        0x2 core/vtsend.o
 *fill*         0x000240be        0x2 
 .rodata        0x000240c0       0x2e lpc2388/ff.o
 *fill*         0x000240ee        0x2 
 .rodata.str1.4
                0x000240f0       0x50 lpc2388/ff.o
 .rodata.str1.4
                0x00024140       0x7c lpc2388/rom_func.o
 .rodata.str1.4
                0x000241bc       0x17 lpc2388/xprintf.o
                                 0x1f (size before relaxing)
 *fill*         0x000241d3        0x5 
 .rodata.atanhi
                0x000241d8       0x20 C:/Users/USER/Desktop/ARM-DEV/arm-tools/arm-none-eabi/lib\libm.a(lib_a-s_atan.o)
 .rodata.atanlo
                0x000241f8       0x20 C:/Users/USER/Desktop/ARM-DEV/arm-tools/arm-none-eabi/lib\libm.a(lib_a-s_atan.o)
 .rodata.acos.str1.4
                0x00024218        0x5 C:/Users/USER/Desktop/ARM-DEV/arm-tools/arm-none-eabi/lib\libm.a(lib_a-w_acos.o)
                                  0x9 (size before relaxing)
 *fill*         0x0002421d        0x3 
 .rodata.asin.str1.4
                0x00024220        0x5 C:/Users/USER/Desktop/ARM-DEV/arm-tools/arm-none-eabi/lib\libm.a(lib_a-w_asin.o)
                                  0x9 (size before relaxing)
 *fill*         0x00024225        0x3 
 .rodata.cosh.str1.4
                0x00024228        0x5 C:/Users/USER/Desktop/ARM-DEV/arm-tools/arm-none-eabi/lib\libm.a(lib_a-w_cosh.o)
 *fill*         0x0002422d        0x3 
 .rodata.exp.str1.4
                0x00024230        0x4 C:/Users/USER/Desktop/ARM-DEV/arm-tools/arm-none-eabi/lib\libm.a(lib_a-w_exp.o)
 .rodata.fmod.str1.4
                0x00024234        0x5 C:/Users/USER/Desktop/ARM-DEV/arm-tools/arm-none-eabi/lib\libm.a(lib_a-w_fmod.o)
 *fill*         0x00024239        0x3 
 .rodata.hypot.str1.4
                0x0002423c        0x6 C:/Users/USER/Desktop/ARM-DEV/arm-tools/arm-none-eabi/lib\libm.a(lib_a-w_hypot.o)
 *fill*         0x00024242        0x2 
 .rodata.log.str1.4
                0x00024244        0x4 C:/Users/USER/Desktop/ARM-DEV/arm-tools/arm-none-eabi/lib\libm.a(lib_a-w_log.o)
                                  0x5 (size before relaxing)
 .rodata.log10.str1.4
                0x00024248        0x6 C:/Users/USER/Desktop/ARM-DEV/arm-tools/arm-none-eabi/lib\libm.a(lib_a-w_log10.o)
                                  0x9 (size before relaxing)
 *fill*         0x0002424e        0x2 
 .rodata.pow.str1.4
                0x00024250        0x4 C:/Users/USER/Desktop/ARM-DEV/arm-tools/arm-none-eabi/lib\libm.a(lib_a-w_pow.o)
 .rodata.sinh.str1.4
                0x00024254        0x5 C:/Users/USER/Desktop/ARM-DEV/arm-tools/arm-none-eabi/lib\libm.a(lib_a-w_sinh.o)
 *fill*         0x00024259        0x3 
 .rodata.sqrt.str1.4
                0x0002425c        0x5 C:/Users/USER/Desktop/ARM-DEV/arm-tools/arm-none-eabi/lib\libm.a(lib_a-w_sqrt.o)
 *fill*         0x00024261        0x7 
 .rodata.halF   0x00024268       0x10 C:/Users/USER/Desktop/ARM-DEV/arm-tools/arm-none-eabi/lib\libm.a(lib_a-e_exp.o)
 .rodata.ln2HI  0x00024278       0x10 C:/Users/USER/Desktop/ARM-DEV/arm-tools/arm-none-eabi/lib\libm.a(lib_a-e_exp.o)
 .rodata.ln2LO  0x00024288       0x10 C:/Users/USER/Desktop/ARM-DEV/arm-tools/arm-none-eabi/lib\libm.a(lib_a-e_exp.o)
 .rodata.Zero   0x00024298       0x10 C:/Users/USER/Desktop/ARM-DEV/arm-tools/arm-none-eabi/lib\libm.a(lib_a-e_fmod.o)
 .rodata.__ieee754_pow.str1.4
                0x000242a8        0x1 C:/Users/USER/Desktop/ARM-DEV/arm-tools/arm-none-eabi/lib\libm.a(lib_a-e_pow.o)
 .rodata.npio2_hw
                0x000242a8       0x80 C:/Users/USER/Desktop/ARM-DEV/arm-tools/arm-none-eabi/lib\libm.a(lib_a-e_rem_pio2.o)
 .rodata.two_over_pi
                0x00024328      0x108 C:/Users/USER/Desktop/ARM-DEV/arm-tools/arm-none-eabi/lib\libm.a(lib_a-e_rem_pio2.o)
 .rodata.PIo2   0x00024430       0x40 C:/Users/USER/Desktop/ARM-DEV/arm-tools/arm-none-eabi/lib\libm.a(lib_a-k_rem_pio2.o)
 .rodata.init_jk
                0x00024470       0x10 C:/Users/USER/Desktop/ARM-DEV/arm-tools/arm-none-eabi/lib\libm.a(lib_a-k_rem_pio2.o)
 .rodata.TWO52  0x00024480       0x10 C:/Users/USER/Desktop/ARM-DEV/arm-tools/arm-none-eabi/lib\libm.a(lib_a-s_rint.o)
 .rodata._global_impure_ptr
                0x00024490        0x4 C:/Users/USER/Desktop/ARM-DEV/arm-tools/arm-none-eabi/lib\libc.a(lib_a-impure.o)
                0x00024490                _global_impure_ptr
 .rodata._setlocale_r.str1.4
                0x00024494        0xa C:/Users/USER/Desktop/ARM-DEV/arm-tools/arm-none-eabi/lib\libc.a(lib_a-locale.o)
                                  0xd (size before relaxing)
 *fill*         0x0002449e        0x2 
 .rodata.str1.4
                0x000244a0        0x2 C:/Users/USER/Desktop/ARM-DEV/arm-tools/arm-none-eabi/lib\libc.a(lib_a-locale.o)
 *fill*         0x000244a2        0x2 
 .rodata._strtod_l.str1.4
                0x000244a4        0xf C:/Users/USER/Desktop/ARM-DEV/arm-tools/arm-none-eabi/lib\libc.a(lib_a-strtod.o)
 *fill*         0x000244b3        0x1 
 .rodata.fpi.6141
                0x000244b4       0x14 C:/Users/USER/Desktop/ARM-DEV/arm-tools/arm-none-eabi/lib\libc.a(lib_a-strtod.o)
 .rodata.fpinan.6177
                0x000244c8       0x14 C:/Users/USER/Desktop/ARM-DEV/arm-tools/arm-none-eabi/lib\libc.a(lib_a-strtod.o)
 *fill*         0x000244dc        0x4 
 .rodata.tinytens
                0x000244e0       0x28 C:/Users/USER/Desktop/ARM-DEV/arm-tools/arm-none-eabi/lib\libc.a(lib_a-strtod.o)
 .rodata._svfprintf_r.str1.4
                0x00024508       0x3f C:/Users/USER/Desktop/ARM-DEV/arm-tools/arm-none-eabi/lib\libc.a(lib_a-svfprintf.o)
                                 0x42 (size before relaxing)
 *fill*         0x00024547        0x1 
 .rodata.blanks.7223
                0x00024548       0x10 C:/Users/USER/Desktop/ARM-DEV/arm-tools/arm-none-eabi/lib\libc.a(lib_a-svfprintf.o)
 .rodata.zeroes.7224
                0x00024558       0x10 C:/Users/USER/Desktop/ARM-DEV/arm-tools/arm-none-eabi/lib\libc.a(lib_a-svfprintf.o)
 .rodata._ctype_
                0x00024568      0x101 C:/Users/USER/Desktop/ARM-DEV/arm-tools/arm-none-eabi/lib\libc.a(lib_a-ctype_.o)
                0x00024568                _ctype_
 *fill*         0x00024669        0x3 
 .rodata._dtoa_r.str1.4
                0x0002466c       0x10 C:/Users/USER/Desktop/ARM-DEV/arm-tools/arm-none-eabi/lib\libc.a(lib_a-dtoa.o)
                                 0x12 (size before relaxing)
 .rodata.__hexdig
                0x0002467c      0x100 C:/Users/USER/Desktop/ARM-DEV/arm-tools/arm-none-eabi/lib\libc.a(lib_a-gdtoa-gethex.o)
                0x0002467c                __hexdig
 *fill*         0x0002477c        0x4 
 .rodata.__mprec_bigtens
                0x00024780       0x28 C:/Users/USER/Desktop/ARM-DEV/arm-tools/arm-none-eabi/lib\libc.a(lib_a-mprec.o)
                0x00024780                __mprec_bigtens
 .rodata.__mprec_tens
                0x000247a8       0xc8 C:/Users/USER/Desktop/ARM-DEV/arm-tools/arm-none-eabi/lib\libc.a(lib_a-mprec.o)
                0x000247a8                __mprec_tens
 .rodata.__mprec_tinytens
                0x00024870       0x28 C:/Users/USER/Desktop/ARM-DEV/arm-tools/arm-none-eabi/lib\libc.a(lib_a-mprec.o)
                0x00024870                __mprec_tinytens
 .rodata.p05.6055
                0x00024898        0xc C:/Users/USER/Desktop/ARM-DEV/arm-tools/arm-none-eabi/lib\libc.a(lib_a-mprec.o)
 .rodata._svfiprintf_r.str1.4
                0x000248a4       0x2f C:/Users/USER/Desktop/ARM-DEV/arm-tools/arm-none-eabi/lib\libc.a(lib_a-svfiprintf.o)
 .rodata.blanks.7203
                0x000248a4       0x10 C:/Users/USER/Desktop/ARM-DEV/arm-tools/arm-none-eabi/lib\libc.a(lib_a-svfiprintf.o)
 .rodata.zeroes.7204
                0x000248b4       0x10 C:/Users/USER/Desktop/ARM-DEV/arm-tools/arm-none-eabi/lib\libc.a(lib_a-svfiprintf.o)
 *(.ioview .ioview.*)
 *(.gnu.linkonce.r.*)
 *(.ARM.extab* .gnu.linkonce.armextab.*)
 .ARM.extab     0x000248c4        0x0 C:/Users/USER/Desktop/ARM-DEV/arm-tools/lib/gcc/arm-none-eabi/6.3.1\libgcc.a(_udivmoddi4.o)
                0x000248d4                . = ALIGN (0x4)

.iplt           0x000248c4        0x0
 .iplt          0x000248c4        0x0 startup.o
                0x000248c4                . = ALIGN (0x4)

.ctors          0x000248c4        0x0
                [!provide]                PROVIDE (__ctors_start__, .)
 *(SORT(.ctors.*))
 *(.ctors)
                0x000248c4                . = ALIGN (0x4)
                [!provide]                PROVIDE (__ctors_end__, .)
                0x000248c4                . = ALIGN (0x4)

.dtors          0x000248c4        0x0
                [!provide]                PROVIDE (__dtors_start__, .)
 *(SORT(.dtors.*))
 *(.dtors)
                0x000248c4                . = ALIGN (0x4)
                [!provide]                PROVIDE (__dtors_end__, .)
                0x000248c4                . = ALIGN (0x4)
                0x000248c4                . = ALIGN (0x4)

.eh_frame_hdr
 *(.eh_frame_hdr)

.eh_frame
 *(.eh_frame)
                0x000248c4                . = ALIGN (0x4)
                [!provide]                PROVIDE (__exidx_start, .)

.ARM.exidx      0x000248c4        0x8
 *(.ARM.exidx* .gnu.linkonce.armexidx.*)
 .ARM.exidx     0x000248c4        0x8 C:/Users/USER/Desktop/ARM-DEV/arm-tools/lib/gcc/arm-none-eabi/6.3.1\libgcc.a(_udivmoddi4.o)
                [!provide]                PROVIDE (__exidx_end, .)

.rel.dyn        0x000248cc        0x0
 .rel.iplt      0x000248cc        0x0 startup.o
                0x000248cc                . = ALIGN (0x4)
                0x000248cc                __end_of_text__ = .
                0x000248cc                _etext = .
                [!provide]                PROVIDE (etext, .)

.data           0x40000000      0x9b4 load address 0x000248cc
                0x40000000                _sdata = .
                0x40000000                . = ALIGN (0x4)
                0x40000000                __data_beg__ = .
                0x000248cc                __data_beg_src__ = __end_of_text__
 *(.vectmapped)
                0x40000000                . = ALIGN (0x4)
 *(.fastrun)
                0x40000000                . = ALIGN (0x4)
                0x40000000                . = ALIGN (0x4)
 *(.data)
 .data          0x40000000        0x0 startup.o
 .data          0x40000000        0x8 main.o
 .data          0x40000008        0x0 usrcmd.o
 .data          0x40000008        0x0 core/ntlibc.o
 .data          0x40000008        0x0 core/ntopt.o
 .data          0x40000008        0x0 core/ntshell.o
 .data          0x40000008        0x0 core/ntstdio.o
 .data          0x40000008        0x0 core/text_editor.o
 .data          0x40000008        0x0 core/text_history.o
 .data          0x40000008        0x0 core/vtrecv.o
 .data          0x40000008        0x0 core/vtsend.o
 .data          0x40000008        0x0 lpc2388/_init.o
 .data          0x40000008        0x0 lpc2388/ff.o
 .data          0x40000008        0x1 lpc2388/ffsdmm.o
 .data          0x40000009        0x0 lpc2388/lcdlib2388.o
 .data          0x40000009        0x0 lpc2388/malloc2388.o
 .data          0x40000009        0x0 lpc2388/rom_func.o
 .data          0x40000009        0x0 lpc2388/tinymalloc.o
 .data          0x40000009        0x0 lpc2388/uart.o
 .data          0x40000009        0x0 lpc2388/vic_lpc23xx.o
 .data          0x40000009        0x0 lpc2388/xprintf.o
 .data          0x40000009        0x0 C:/Users/USER/Desktop/ARM-DEV/arm-tools/arm-none-eabi/lib\libm.a(lib_a-s_atan.o)
 .data          0x40000009        0x0 C:/Users/USER/Desktop/ARM-DEV/arm-tools/arm-none-eabi/lib\libm.a(lib_a-s_cbrt.o)
 .data          0x40000009        0x0 C:/Users/USER/Desktop/ARM-DEV/arm-tools/arm-none-eabi/lib\libm.a(lib_a-s_ceil.o)
 .data          0x40000009        0x0 C:/Users/USER/Desktop/ARM-DEV/arm-tools/arm-none-eabi/lib\libm.a(lib_a-s_cos.o)
 .data          0x40000009        0x0 C:/Users/USER/Desktop/ARM-DEV/arm-tools/arm-none-eabi/lib\libm.a(lib_a-s_erf.o)
 .data          0x40000009        0x0 C:/Users/USER/Desktop/ARM-DEV/arm-tools/arm-none-eabi/lib\libm.a(lib_a-s_fabs.o)
 .data          0x40000009        0x0 C:/Users/USER/Desktop/ARM-DEV/arm-tools/arm-none-eabi/lib\libm.a(lib_a-s_floor.o)
 .data          0x40000009        0x0 C:/Users/USER/Desktop/ARM-DEV/arm-tools/arm-none-eabi/lib\libm.a(lib_a-s_modf.o)
 .data          0x40000009        0x0 C:/Users/USER/Desktop/ARM-DEV/arm-tools/arm-none-eabi/lib\libm.a(lib_a-s_round.o)
 .data          0x40000009        0x0 C:/Users/USER/Desktop/ARM-DEV/arm-tools/arm-none-eabi/lib\libm.a(lib_a-s_sin.o)
 .data          0x40000009        0x0 C:/Users/USER/Desktop/ARM-DEV/arm-tools/arm-none-eabi/lib\libm.a(lib_a-s_tan.o)
 .data          0x40000009        0x0 C:/Users/USER/Desktop/ARM-DEV/arm-tools/arm-none-eabi/lib\libm.a(lib_a-s_tanh.o)
 .data          0x40000009        0x0 C:/Users/USER/Desktop/ARM-DEV/arm-tools/arm-none-eabi/lib\libm.a(lib_a-s_trunc.o)
 .data          0x40000009        0x0 C:/Users/USER/Desktop/ARM-DEV/arm-tools/arm-none-eabi/lib\libm.a(lib_a-w_acos.o)
 .data          0x40000009        0x0 C:/Users/USER/Desktop/ARM-DEV/arm-tools/arm-none-eabi/lib\libm.a(lib_a-w_asin.o)
 .data          0x40000009        0x0 C:/Users/USER/Desktop/ARM-DEV/arm-tools/arm-none-eabi/lib\libm.a(lib_a-w_atan2.o)
 .data          0x40000009        0x0 C:/Users/USER/Desktop/ARM-DEV/arm-tools/arm-none-eabi/lib\libm.a(lib_a-w_cosh.o)
 .data          0x40000009        0x0 C:/Users/USER/Desktop/ARM-DEV/arm-tools/arm-none-eabi/lib\libm.a(lib_a-w_exp.o)
 .data          0x40000009        0x0 C:/Users/USER/Desktop/ARM-DEV/arm-tools/arm-none-eabi/lib\libm.a(lib_a-w_fmod.o)
 .data          0x40000009        0x0 C:/Users/USER/Desktop/ARM-DEV/arm-tools/arm-none-eabi/lib\libm.a(lib_a-w_hypot.o)
 .data          0x40000009        0x0 C:/Users/USER/Desktop/ARM-DEV/arm-tools/arm-none-eabi/lib\libm.a(lib_a-w_log.o)
 .data          0x40000009        0x0 C:/Users/USER/Desktop/ARM-DEV/arm-tools/arm-none-eabi/lib\libm.a(lib_a-w_log10.o)
 .data          0x40000009        0x0 C:/Users/USER/Desktop/ARM-DEV/arm-tools/arm-none-eabi/lib\libm.a(lib_a-w_pow.o)
 .data          0x40000009        0x0 C:/Users/USER/Desktop/ARM-DEV/arm-tools/arm-none-eabi/lib\libm.a(lib_a-w_sinh.o)
 .data          0x40000009        0x0 C:/Users/USER/Desktop/ARM-DEV/arm-tools/arm-none-eabi/lib\libm.a(lib_a-w_sqrt.o)
 .data          0x40000009        0x0 C:/Users/USER/Desktop/ARM-DEV/arm-tools/arm-none-eabi/lib\libm.a(lib_a-e_acos.o)
 .data          0x40000009        0x0 C:/Users/USER/Desktop/ARM-DEV/arm-tools/arm-none-eabi/lib\libm.a(lib_a-e_asin.o)
 .data          0x40000009        0x0 C:/Users/USER/Desktop/ARM-DEV/arm-tools/arm-none-eabi/lib\libm.a(lib_a-e_atan2.o)
 .data          0x40000009        0x0 C:/Users/USER/Desktop/ARM-DEV/arm-tools/arm-none-eabi/lib\libm.a(lib_a-e_cosh.o)
 .data          0x40000009        0x0 C:/Users/USER/Desktop/ARM-DEV/arm-tools/arm-none-eabi/lib\libm.a(lib_a-e_exp.o)
 .data          0x40000009        0x0 C:/Users/USER/Desktop/ARM-DEV/arm-tools/arm-none-eabi/lib\libm.a(lib_a-e_fmod.o)
 .data          0x40000009        0x0 C:/Users/USER/Desktop/ARM-DEV/arm-tools/arm-none-eabi/lib\libm.a(lib_a-e_hypot.o)
 .data          0x40000009        0x0 C:/Users/USER/Desktop/ARM-DEV/arm-tools/arm-none-eabi/lib\libm.a(lib_a-e_log.o)
 .data          0x40000009        0x0 C:/Users/USER/Desktop/ARM-DEV/arm-tools/arm-none-eabi/lib\libm.a(lib_a-e_log10.o)
 .data          0x40000009        0x0 C:/Users/USER/Desktop/ARM-DEV/arm-tools/arm-none-eabi/lib\libm.a(lib_a-e_pow.o)
 .data          0x40000009        0x0 C:/Users/USER/Desktop/ARM-DEV/arm-tools/arm-none-eabi/lib\libm.a(lib_a-e_rem_pio2.o)
 .data          0x40000009        0x0 C:/Users/USER/Desktop/ARM-DEV/arm-tools/arm-none-eabi/lib\libm.a(lib_a-e_sinh.o)
 .data          0x40000009        0x0 C:/Users/USER/Desktop/ARM-DEV/arm-tools/arm-none-eabi/lib\libm.a(lib_a-e_sqrt.o)
 .data          0x40000009        0x0 C:/Users/USER/Desktop/ARM-DEV/arm-tools/arm-none-eabi/lib\libm.a(lib_a-k_cos.o)
 .data          0x40000009        0x0 C:/Users/USER/Desktop/ARM-DEV/arm-tools/arm-none-eabi/lib\libm.a(lib_a-k_rem_pio2.o)
 .data          0x40000009        0x0 C:/Users/USER/Desktop/ARM-DEV/arm-tools/arm-none-eabi/lib\libm.a(lib_a-k_sin.o)
 .data          0x40000009        0x0 C:/Users/USER/Desktop/ARM-DEV/arm-tools/arm-none-eabi/lib\libm.a(lib_a-k_tan.o)
 .data          0x40000009        0x0 C:/Users/USER/Desktop/ARM-DEV/arm-tools/arm-none-eabi/lib\libm.a(lib_a-s_expm1.o)
 .data          0x40000009        0x0 C:/Users/USER/Desktop/ARM-DEV/arm-tools/arm-none-eabi/lib\libm.a(lib_a-s_finite.o)
 .data          0x40000009        0x0 C:/Users/USER/Desktop/ARM-DEV/arm-tools/arm-none-eabi/lib\libm.a(lib_a-s_lib_ver.o)
 .data          0x40000009        0x0 C:/Users/USER/Desktop/ARM-DEV/arm-tools/arm-none-eabi/lib\libm.a(lib_a-s_matherr.o)
 .data          0x40000009        0x0 C:/Users/USER/Desktop/ARM-DEV/arm-tools/arm-none-eabi/lib\libm.a(lib_a-s_nan.o)
 .data          0x40000009        0x0 C:/Users/USER/Desktop/ARM-DEV/arm-tools/arm-none-eabi/lib\libm.a(lib_a-s_rint.o)
 .data          0x40000009        0x0 C:/Users/USER/Desktop/ARM-DEV/arm-tools/arm-none-eabi/lib\libm.a(lib_a-s_scalbn.o)
 .data          0x40000009        0x0 C:/Users/USER/Desktop/ARM-DEV/arm-tools/arm-none-eabi/lib\libm.a(lib_a-s_copysign.o)
 .data          0x40000009        0x0 C:/Users/USER/Desktop/ARM-DEV/arm-tools/arm-none-eabi/lib\libc.a(lib_a-atof.o)
 .data          0x40000009        0x0 C:/Users/USER/Desktop/ARM-DEV/arm-tools/arm-none-eabi/lib\libc.a(lib_a-atoi.o)
 .data          0x40000009        0x0 C:/Users/USER/Desktop/ARM-DEV/arm-tools/arm-none-eabi/lib\libc.a(lib_a-atol.o)
 .data          0x40000009        0x0 C:/Users/USER/Desktop/ARM-DEV/arm-tools/arm-none-eabi/lib\libc.a(lib_a-bsearch.o)
 .data          0x40000009        0x0 C:/Users/USER/Desktop/ARM-DEV/arm-tools/arm-none-eabi/lib\libc.a(lib_a-errno.o)
 .data          0x40000009        0x0 C:/Users/USER/Desktop/ARM-DEV/arm-tools/arm-none-eabi/lib\libc.a(lib_a-impure.o)
 .data          0x40000009        0x0 C:/Users/USER/Desktop/ARM-DEV/arm-tools/arm-none-eabi/lib\libc.a(lib_a-locale.o)
 .data          0x40000009        0x0 C:/Users/USER/Desktop/ARM-DEV/arm-tools/arm-none-eabi/lib\libc.a(lib_a-malloc.o)
 .data          0x40000009        0x0 C:/Users/USER/Desktop/ARM-DEV/arm-tools/arm-none-eabi/lib\libc.a(lib_a-mallocr.o)
 .data          0x40000009        0x0 C:/Users/USER/Desktop/ARM-DEV/arm-tools/arm-none-eabi/lib\libc.a(lib_a-mbtowc_r.o)
 .data          0x40000009        0x0 C:/Users/USER/Desktop/ARM-DEV/arm-tools/arm-none-eabi/lib\libc.a(lib_a-memchr-stub.o)
 .data          0x40000009        0x0 C:/Users/USER/Desktop/ARM-DEV/arm-tools/arm-none-eabi/lib\libc.a(lib_a-memcmp.o)
 .data          0x40000009        0x0 C:/Users/USER/Desktop/ARM-DEV/arm-tools/arm-none-eabi/lib\libc.a(lib_a-memcpy-stub.o)
 .data          0x40000009        0x0 C:/Users/USER/Desktop/ARM-DEV/arm-tools/arm-none-eabi/lib\libc.a(lib_a-memmove.o)
 .data          0x40000009        0x0 C:/Users/USER/Desktop/ARM-DEV/arm-tools/arm-none-eabi/lib\libc.a(lib_a-memset.o)
 .data          0x40000009        0x0 C:/Users/USER/Desktop/ARM-DEV/arm-tools/arm-none-eabi/lib\libc.a(lib_a-mlock.o)
 .data          0x40000009        0x0 C:/Users/USER/Desktop/ARM-DEV/arm-tools/arm-none-eabi/lib\libc.a(lib_a-qsort.o)
 .data          0x40000009        0x0 C:/Users/USER/Desktop/ARM-DEV/arm-tools/arm-none-eabi/lib\libc.a(lib_a-rand.o)
 .data          0x40000009        0x0 C:/Users/USER/Desktop/ARM-DEV/arm-tools/arm-none-eabi/lib\libc.a(lib_a-sbrkr.o)
 .data          0x40000009        0x0 C:/Users/USER/Desktop/ARM-DEV/arm-tools/arm-none-eabi/lib\libc.a(lib_a-sprintf.o)
 .data          0x40000009        0x0 C:/Users/USER/Desktop/ARM-DEV/arm-tools/arm-none-eabi/lib\libc.a(lib_a-strcat.o)
 .data          0x40000009        0x0 C:/Users/USER/Desktop/ARM-DEV/arm-tools/arm-none-eabi/lib\libc.a(lib_a-strchr.o)
 .data          0x40000009        0x0 C:/Users/USER/Desktop/ARM-DEV/arm-tools/arm-none-eabi/lib\libc.a(lib_a-strcmp.o)
 .data          0x40000009        0x0 C:/Users/USER/Desktop/ARM-DEV/arm-tools/arm-none-eabi/lib\libc.a(lib_a-strcpy.o)
 .data          0x40000009        0x0 C:/Users/USER/Desktop/ARM-DEV/arm-tools/arm-none-eabi/lib\libc.a(lib_a-strcspn.o)
 .data          0x40000009        0x0 C:/Users/USER/Desktop/ARM-DEV/arm-tools/arm-none-eabi/lib\libc.a(lib_a-strncat.o)
 .data          0x40000009        0x0 C:/Users/USER/Desktop/ARM-DEV/arm-tools/arm-none-eabi/lib\libc.a(lib_a-strncpy.o)
 .data          0x40000009        0x0 C:/Users/USER/Desktop/ARM-DEV/arm-tools/arm-none-eabi/lib\libc.a(lib_a-strrchr.o)
 .data          0x40000009        0x0 C:/Users/USER/Desktop/ARM-DEV/arm-tools/arm-none-eabi/lib\libc.a(lib_a-strspn.o)
 .data          0x40000009        0x0 C:/Users/USER/Desktop/ARM-DEV/arm-tools/arm-none-eabi/lib\libc.a(lib_a-strstr.o)
 .data          0x40000009        0x0 C:/Users/USER/Desktop/ARM-DEV/arm-tools/arm-none-eabi/lib\libc.a(lib_a-strtod.o)
 .data          0x40000009        0x0 C:/Users/USER/Desktop/ARM-DEV/arm-tools/arm-none-eabi/lib\libc.a(lib_a-strtok.o)
 .data          0x40000009        0x0 C:/Users/USER/Desktop/ARM-DEV/arm-tools/arm-none-eabi/lib\libc.a(lib_a-strtok_r.o)
 .data          0x40000009        0x0 C:/Users/USER/Desktop/ARM-DEV/arm-tools/arm-none-eabi/lib\libc.a(lib_a-strtol.o)
 .data          0x40000009        0x0 C:/Users/USER/Desktop/ARM-DEV/arm-tools/arm-none-eabi/lib\libc.a(lib_a-strtoul.o)
 .data          0x40000009        0x0 C:/Users/USER/Desktop/ARM-DEV/arm-tools/arm-none-eabi/lib\libc.a(lib_a-svfprintf.o)
 .data          0x40000009        0x0 C:/Users/USER/Desktop/ARM-DEV/arm-tools/arm-none-eabi/lib\libc.a(lib_a-vsprintf.o)
 .data          0x40000009        0x0 C:/Users/USER/Desktop/ARM-DEV/arm-tools/arm-none-eabi/lib\libc.a(lib_a-wctomb_r.o)
 .data          0x40000009        0x0 C:/Users/USER/Desktop/ARM-DEV/arm-tools/arm-none-eabi/lib\libc.a(lib_a-ctype_.o)
 .data          0x40000009        0x0 C:/Users/USER/Desktop/ARM-DEV/arm-tools/arm-none-eabi/lib\libc.a(lib_a-dtoa.o)
 .data          0x40000009        0x0 C:/Users/USER/Desktop/ARM-DEV/arm-tools/arm-none-eabi/lib\libc.a(lib_a-freer.o)
 .data          0x40000009        0x0 C:/Users/USER/Desktop/ARM-DEV/arm-tools/arm-none-eabi/lib\libc.a(lib_a-gdtoa-gethex.o)
 .data          0x40000009        0x0 C:/Users/USER/Desktop/ARM-DEV/arm-tools/arm-none-eabi/lib\libc.a(lib_a-gdtoa-hexnan.o)
 .data          0x40000009        0x0 C:/Users/USER/Desktop/ARM-DEV/arm-tools/arm-none-eabi/lib\libc.a(lib_a-localeconv.o)
 .data          0x40000009        0x0 C:/Users/USER/Desktop/ARM-DEV/arm-tools/arm-none-eabi/lib\libc.a(lib_a-lock.o)
 .data          0x40000009        0x0 C:/Users/USER/Desktop/ARM-DEV/arm-tools/arm-none-eabi/lib\libc.a(lib_a-mprec.o)
 .data          0x40000009        0x0 C:/Users/USER/Desktop/ARM-DEV/arm-tools/arm-none-eabi/lib\libc.a(lib_a-reent.o)
 .data          0x40000009        0x0 C:/Users/USER/Desktop/ARM-DEV/arm-tools/arm-none-eabi/lib\libc.a(lib_a-sf_nan.o)
 .data          0x40000009        0x0 C:/Users/USER/Desktop/ARM-DEV/arm-tools/arm-none-eabi/lib\libc.a(lib_a-strlen-stub.o)
 .data          0x40000009        0x0 C:/Users/USER/Desktop/ARM-DEV/arm-tools/arm-none-eabi/lib\libc.a(lib_a-strncmp.o)
 .data          0x40000009        0x0 C:/Users/USER/Desktop/ARM-DEV/arm-tools/arm-none-eabi/lib\libc.a(lib_a-svfiprintf.o)
 .data          0x40000009        0x0 C:/Users/USER/Desktop/ARM-DEV/arm-tools/arm-none-eabi/lib\libc.a(lib_a-callocr.o)
 .data          0x40000009        0x0 C:/Users/USER/Desktop/ARM-DEV/arm-tools/arm-none-eabi/lib\libc.a(lib_a-reallocr.o)
 .data          0x40000009        0x0 C:/Users/USER/Desktop/ARM-DEV/arm-tools/arm-none-eabi/lib\libnosys.a(sbrk.o)
 .data          0x40000009        0x0 C:/Users/USER/Desktop/ARM-DEV/arm-tools/lib/gcc/arm-none-eabi/6.3.1\libgcc.a(_udivsi3.o)
 .data          0x40000009        0x0 C:/Users/USER/Desktop/ARM-DEV/arm-tools/lib/gcc/arm-none-eabi/6.3.1\libgcc.a(_divsi3.o)
 .data          0x40000009        0x0 C:/Users/USER/Desktop/ARM-DEV/arm-tools/lib/gcc/arm-none-eabi/6.3.1\libgcc.a(_dvmd_tls.o)
 .data          0x40000009        0x0 C:/Users/USER/Desktop/ARM-DEV/arm-tools/lib/gcc/arm-none-eabi/6.3.1\libgcc.a(_arm_addsubdf3.o)
 .data          0x40000009        0x0 C:/Users/USER/Desktop/ARM-DEV/arm-tools/lib/gcc/arm-none-eabi/6.3.1\libgcc.a(_arm_muldivdf3.o)
 .data          0x40000009        0x0 C:/Users/USER/Desktop/ARM-DEV/arm-tools/lib/gcc/arm-none-eabi/6.3.1\libgcc.a(_arm_cmpdf2.o)
 .data          0x40000009        0x0 C:/Users/USER/Desktop/ARM-DEV/arm-tools/lib/gcc/arm-none-eabi/6.3.1\libgcc.a(_arm_unorddf2.o)
 .data          0x40000009        0x0 C:/Users/USER/Desktop/ARM-DEV/arm-tools/lib/gcc/arm-none-eabi/6.3.1\libgcc.a(_arm_fixdfsi.o)
 .data          0x40000009        0x0 C:/Users/USER/Desktop/ARM-DEV/arm-tools/lib/gcc/arm-none-eabi/6.3.1\libgcc.a(_arm_fixunsdfsi.o)
 .data          0x40000009        0x0 C:/Users/USER/Desktop/ARM-DEV/arm-tools/lib/gcc/arm-none-eabi/6.3.1\libgcc.a(_arm_truncdfsf2.o)
 .data          0x40000009        0x0 C:/Users/USER/Desktop/ARM-DEV/arm-tools/lib/gcc/arm-none-eabi/6.3.1\libgcc.a(_arm_addsubsf3.o)
 .data          0x40000009        0x0 C:/Users/USER/Desktop/ARM-DEV/arm-tools/lib/gcc/arm-none-eabi/6.3.1\libgcc.a(_arm_muldivsf3.o)
 .data          0x40000009        0x0 C:/Users/USER/Desktop/ARM-DEV/arm-tools/lib/gcc/arm-none-eabi/6.3.1\libgcc.a(_arm_cmpsf2.o)
 .data          0x40000009        0x0 C:/Users/USER/Desktop/ARM-DEV/arm-tools/lib/gcc/arm-none-eabi/6.3.1\libgcc.a(_arm_unordsf2.o)
 .data          0x40000009        0x0 C:/Users/USER/Desktop/ARM-DEV/arm-tools/lib/gcc/arm-none-eabi/6.3.1\libgcc.a(_arm_fixsfsi.o)
 .data          0x40000009        0x0 C:/Users/USER/Desktop/ARM-DEV/arm-tools/lib/gcc/arm-none-eabi/6.3.1\libgcc.a(_arm_fixunssfsi.o)
 .data          0x40000009        0x0 C:/Users/USER/Desktop/ARM-DEV/arm-tools/lib/gcc/arm-none-eabi/6.3.1\libgcc.a(_aeabi_ldivmod.o)
 .data          0x40000009        0x0 C:/Users/USER/Desktop/ARM-DEV/arm-tools/lib/gcc/arm-none-eabi/6.3.1\libgcc.a(_aeabi_uldivmod.o)
 .data          0x40000009        0x0 C:/Users/USER/Desktop/ARM-DEV/arm-tools/lib/gcc/arm-none-eabi/6.3.1\libgcc.a(_fixsfdi.o)
 .data          0x40000009        0x0 C:/Users/USER/Desktop/ARM-DEV/arm-tools/lib/gcc/arm-none-eabi/6.3.1\libgcc.a(_fixdfdi.o)
 .data          0x40000009        0x0 C:/Users/USER/Desktop/ARM-DEV/arm-tools/lib/gcc/arm-none-eabi/6.3.1\libgcc.a(_fixunssfdi.o)
 .data          0x40000009        0x0 C:/Users/USER/Desktop/ARM-DEV/arm-tools/lib/gcc/arm-none-eabi/6.3.1\libgcc.a(_fixunsdfdi.o)
 .data          0x40000009        0x0 C:/Users/USER/Desktop/ARM-DEV/arm-tools/lib/gcc/arm-none-eabi/6.3.1\libgcc.a(_udivmoddi4.o)
 .data          0x40000009        0x0 C:/Users/USER/Desktop/ARM-DEV/arm-tools/lib/gcc/arm-none-eabi/6.3.1\libgcc.a(_clzdi2.o)
 .data          0x40000009        0x0 C:/Users/USER/Desktop/ARM-DEV/arm-tools/lib/gcc/arm-none-eabi/6.3.1\libgcc.a(_clzsi2.o)
 *(.data.*)
 .data.__fdlib_version
                0x40000009        0x1 C:/Users/USER/Desktop/ARM-DEV/arm-tools/arm-none-eabi/lib\libm.a(lib_a-s_lib_ver.o)
                0x40000009                __fdlib_version
 *fill*         0x4000000a        0x2 
 .data._impure_ptr
                0x4000000c        0x4 C:/Users/USER/Desktop/ARM-DEV/arm-tools/arm-none-eabi/lib\libc.a(lib_a-impure.o)
                0x4000000c                _impure_ptr
 .data.impure_data
                0x40000010      0x428 C:/Users/USER/Desktop/ARM-DEV/arm-tools/arm-none-eabi/lib\libc.a(lib_a-impure.o)
 .data.__global_locale
                0x40000438      0x16c C:/Users/USER/Desktop/ARM-DEV/arm-tools/arm-none-eabi/lib\libc.a(lib_a-locale.o)
                0x40000438                __global_locale
 .data.__malloc_av_
                0x400005a4      0x408 C:/Users/USER/Desktop/ARM-DEV/arm-tools/arm-none-eabi/lib\libc.a(lib_a-mallocr.o)
                0x400005a4                __malloc_av_
 .data.__malloc_sbrk_base
                0x400009ac        0x4 C:/Users/USER/Desktop/ARM-DEV/arm-tools/arm-none-eabi/lib\libc.a(lib_a-mallocr.o)
                0x400009ac                __malloc_sbrk_base
 .data.__malloc_trim_threshold
                0x400009b0        0x4 C:/Users/USER/Desktop/ARM-DEV/arm-tools/arm-none-eabi/lib\libc.a(lib_a-mallocr.o)
                0x400009b0                __malloc_trim_threshold
 *(.gnu.linkonce.d*)
                0x400009b4                . = ALIGN (0x4)
                [!provide]                PROVIDE (__preinit_array_start, .)
 *(.preinit_array)
                [!provide]                PROVIDE (__preinit_array_end, .)
                0x400009b4                . = ALIGN (0x4)
                [!provide]                PROVIDE (__init_array_start, .)
 *(SORT(.init_array.*))
 *(.init_array)
                [!provide]                PROVIDE (__init_array_end, .)
                0x400009b4                . = ALIGN (0x4)
                [!provide]                PROVIDE (__fini_array_start, .)
 *(SORT(.fini_array.*))
 *(.fini_array)
                [!provide]                PROVIDE (__fini_array_end, .)
 *(.jcr*)
                0x400009b4                . = ALIGN (0x4)
                0x400009b4                _edata = .

.igot.plt       0x400009b4        0x0 load address 0x00025280
 .igot.plt      0x400009b4        0x0 startup.o

.bss            0x400009b4      0x34c load address 0x00025280
                0x400009b4                . = ALIGN (0x4)
                0x400009b4                _sbss = .
 *(.bss)
 .bss           0x400009b4        0x0 startup.o
 .bss           0x400009b4        0x0 main.o
 .bss           0x400009b4      0x294 usrcmd.o
 .bss           0x40000c48        0x0 core/ntlibc.o
 .bss           0x40000c48        0x0 core/ntopt.o
 .bss           0x40000c48        0x0 core/ntshell.o
 .bss           0x40000c48        0x0 core/ntstdio.o
 .bss           0x40000c48        0x0 core/text_editor.o
 .bss           0x40000c48        0x0 core/text_history.o
 .bss           0x40000c48        0x0 core/vtrecv.o
 .bss           0x40000c48        0x0 core/vtsend.o
 .bss           0x40000c48        0x0 lpc2388/_init.o
 .bss           0x40000c48        0x6 lpc2388/ff.o
 .bss           0x40000c4e        0x1 lpc2388/ffsdmm.o
 .bss           0x40000c4f        0x0 lpc2388/lcdlib2388.o
 .bss           0x40000c4f        0x0 lpc2388/malloc2388.o
 .bss           0x40000c4f        0x0 lpc2388/rom_func.o
 .bss           0x40000c4f        0x0 lpc2388/tinymalloc.o
 .bss           0x40000c4f        0x0 lpc2388/uart.o
 .bss           0x40000c4f        0x0 lpc2388/vic_lpc23xx.o
 *fill*         0x40000c4f        0x1 
 .bss           0x40000c50        0x4 lpc2388/xprintf.o
 .bss           0x40000c54        0x0 C:/Users/USER/Desktop/ARM-DEV/arm-tools/arm-none-eabi/lib\libm.a(lib_a-s_atan.o)
 .bss           0x40000c54        0x0 C:/Users/USER/Desktop/ARM-DEV/arm-tools/arm-none-eabi/lib\libm.a(lib_a-s_cbrt.o)