Archive member included to satisfy reference by file (symbol)

/usr/lib//arm-none-eabi/lib/libm.a(lib_a-s_atan.o)
                              lpc2388/rom_func.o (atan)
/usr/lib//arm-none-eabi/lib/libm.a(lib_a-s_cbrt.o)
                              lpc2388/rom_func.o (cbrt)
/usr/lib//arm-none-eabi/lib/libm.a(lib_a-s_ceil.o)
                              lpc2388/rom_func.o (ceil)
/usr/lib//arm-none-eabi/lib/libm.a(lib_a-s_cos.o)
                              lpc2388/rom_func.o (cos)
/usr/lib//arm-none-eabi/lib/libm.a(lib_a-s_erf.o)
                              lpc2388/rom_func.o (erf)
/usr/lib//arm-none-eabi/lib/libm.a(lib_a-s_fabs.o)
                              /usr/lib//arm-none-eabi/lib/libm.a(lib_a-s_atan.o) (fabs)
/usr/lib//arm-none-eabi/lib/libm.a(lib_a-s_floor.o)
                              lpc2388/rom_func.o (floor)
/usr/lib//arm-none-eabi/lib/libm.a(lib_a-s_modf.o)
                              lpc2388/rom_func.o (modf)
/usr/lib//arm-none-eabi/lib/libm.a(lib_a-s_round.o)
                              lpc2388/rom_func.o (round)
/usr/lib//arm-none-eabi/lib/libm.a(lib_a-s_sin.o)
                              lpc2388/rom_func.o (sin)
/usr/lib//arm-none-eabi/lib/libm.a(lib_a-s_tan.o)
                              lpc2388/rom_func.o (tan)
/usr/lib//arm-none-eabi/lib/libm.a(lib_a-s_tanh.o)
                              lpc2388/rom_func.o (tanh)
/usr/lib//arm-none-eabi/lib/libm.a(lib_a-s_trunc.o)
                              lpc2388/rom_func.o (trunc)
/usr/lib//arm-none-eabi/lib/libm.a(lib_a-w_acos.o)
                              lpc2388/rom_func.o (acos)
/usr/lib//arm-none-eabi/lib/libm.a(lib_a-w_asin.o)
                              lpc2388/rom_func.o (asin)
/usr/lib//arm-none-eabi/lib/libm.a(lib_a-w_atan2.o)
                              lpc2388/rom_func.o (atan2)
/usr/lib//arm-none-eabi/lib/libm.a(lib_a-w_cosh.o)
                              lpc2388/rom_func.o (cosh)
/usr/lib//arm-none-eabi/lib/libm.a(lib_a-w_exp.o)
                              lpc2388/rom_func.o (exp)
/usr/lib//arm-none-eabi/lib/libm.a(lib_a-w_fmod.o)
                              lpc2388/rom_func.o (fmod)
/usr/lib//arm-none-eabi/lib/libm.a(lib_a-w_hypot.o)
                              lpc2388/rom_func.o (hypot)
/usr/lib//arm-none-eabi/lib/libm.a(lib_a-w_log.o)
                              lpc2388/rom_func.o (log)
/usr/lib//arm-none-eabi/lib/libm.a(lib_a-w_log10.o)
                              lpc2388/rom_func.o (log10)
/usr/lib//arm-none-eabi/lib/libm.a(lib_a-w_pow.o)
                              lpc2388/rom_func.o (pow)
/usr/lib//arm-none-eabi/lib/libm.a(lib_a-w_sinh.o)
                              lpc2388/rom_func.o (sinh)
/usr/lib//arm-none-eabi/lib/libm.a(lib_a-w_sqrt.o)
                              lpc2388/rom_func.o (sqrt)
/usr/lib//arm-none-eabi/lib/libm.a(lib_a-e_acos.o)
                              /usr/lib//arm-none-eabi/lib/libm.a(lib_a-w_acos.o) (__ieee754_acos)
/usr/lib//arm-none-eabi/lib/libm.a(lib_a-e_asin.o)
                              /usr/lib//arm-none-eabi/lib/libm.a(lib_a-w_asin.o) (__ieee754_asin)
/usr/lib//arm-none-eabi/lib/libm.a(lib_a-e_atan2.o)
                              /usr/lib//arm-none-eabi/lib/libm.a(lib_a-w_atan2.o) (__ieee754_atan2)
/usr/lib//arm-none-eabi/lib/libm.a(lib_a-e_cosh.o)
                              /usr/lib//arm-none-eabi/lib/libm.a(lib_a-w_cosh.o) (__ieee754_cosh)
/usr/lib//arm-none-eabi/lib/libm.a(lib_a-e_exp.o)
                              /usr/lib//arm-none-eabi/lib/libm.a(lib_a-s_erf.o) (__ieee754_exp)
/usr/lib//arm-none-eabi/lib/libm.a(lib_a-e_fmod.o)
                              /usr/lib//arm-none-eabi/lib/libm.a(lib_a-w_fmod.o) (__ieee754_fmod)
/usr/lib//arm-none-eabi/lib/libm.a(lib_a-e_hypot.o)
                              /usr/lib//arm-none-eabi/lib/libm.a(lib_a-w_hypot.o) (__ieee754_hypot)
/usr/lib//arm-none-eabi/lib/libm.a(lib_a-e_log.o)
                              /usr/lib//arm-none-eabi/lib/libm.a(lib_a-w_log.o) (__ieee754_log)
/usr/lib//arm-none-eabi/lib/libm.a(lib_a-e_log10.o)
                              /usr/lib//arm-none-eabi/lib/libm.a(lib_a-w_log10.o) (__ieee754_log10)
/usr/lib//arm-none-eabi/lib/libm.a(lib_a-e_pow.o)
                              /usr/lib//arm-none-eabi/lib/libm.a(lib_a-w_pow.o) (__ieee754_pow)
/usr/lib//arm-none-eabi/lib/libm.a(lib_a-e_rem_pio2.o)
                              /usr/lib//arm-none-eabi/lib/libm.a(lib_a-s_cos.o) (__ieee754_rem_pio2)
/usr/lib//arm-none-eabi/lib/libm.a(lib_a-e_sinh.o)
                              /usr/lib//arm-none-eabi/lib/libm.a(lib_a-w_sinh.o) (__ieee754_sinh)
/usr/lib//arm-none-eabi/lib/libm.a(lib_a-e_sqrt.o)
                              /usr/lib//arm-none-eabi/lib/libm.a(lib_a-w_sqrt.o) (__ieee754_sqrt)
/usr/lib//arm-none-eabi/lib/libm.a(lib_a-k_cos.o)
                              /usr/lib//arm-none-eabi/lib/libm.a(lib_a-s_cos.o) (__kernel_cos)
/usr/lib//arm-none-eabi/lib/libm.a(lib_a-k_rem_pio2.o)
[...]
Memory Configuration

Name             Origin             Length             Attributes
ROM              0x0000000000000000 0x0000000000080000 xr
RAM              0x0000000040000000 0x000000000000ffe0 xw
URAM             0x000000007fd00000 0x0000000000004000 w
ERAM             0x000000007fe00000 0x0000000000004000 w
BRAM             0x00000000e0084000 0x0000000000000800 xw
EXRAM0           0x0000000080000000 0x0000000000010000 xw
EXRAM1           0x0000000081000000 0x0000000000010000 xw
*default*        0x0000000000000000 0xffffffffffffffff

Linker script and memory map

LOAD startup.o
LOAD main.o
LOAD lpc2388/_init.o
LOAD lpc2388/ff.o
LOAD lpc2388/ffsdmm.o
LOAD lpc2388/lcdlib2388.o
LOAD lpc2388/malloc2388.o
LOAD lpc2388/rom_func.o
LOAD lpc2388/tinymalloc.o
LOAD lpc2388/uart.o
LOAD lpc2388/vic_lpc23xx.o
LOAD lpc2388/xprintf.o
LOAD /usr/lib//arm-none-eabi/lib/libm.a
LOAD /usr/lib//arm-none-eabi/lib/libc.a
LOAD /usr/lib//arm-none-eabi/lib/libnosys.a
LOAD /usr/lib/gcc/arm-none-eabi/10.3.1/libgcc.a

.text           0x0000000000000000    0x230c8
                0x0000000000000000                _sttext = .
 startup.o(.text)
 .text          0x0000000000000000      0x220 startup.o
                0x0000000000000020                _startup
                0x00000000000000b4                current_sp
                0x00000000000001fc                _crp
                0x0000000000000220                . = ALIGN (0x4)
                0x0000000000000220                _stext = .
 *(.text .text.*)
 .text          0x0000000000000220       0xb0 main.o
                0x0000000000000220                main
 .text          0x00000000000002d0      0x1ac lpc2388/_init.o
                0x00000000000002d0                LPC2388_Initialize
 .text          0x000000000000047c     0x4cc4 lpc2388/ff.o
                0x0000000000001f40                f_mount
                0x0000000000001fcc                f_open
                0x00000000000022e0                f_read
                0x0000000000002528                f_write
                0x00000000000028f8                f_sync
                0x00000000000029c8                f_close
                0x0000000000002a08                f_chdir
                0x0000000000002aa8                f_getcwd
                0x0000000000002cd4                f_lseek
                0x0000000000003024                f_opendir
                0x00000000000030e8                f_closedir
                0x0000000000003114                f_readdir
                0x000000000000318c                f_findnext
                0x0000000000003200                f_findfirst
                0x0000000000003238                f_stat
                0x00000000000032ac                f_getfree
                0x0000000000003414                f_truncate
                0x0000000000003530                f_unlink
                0x0000000000003668                f_mkdir
                0x000000000000383c                f_rename
                0x0000000000003a04                f_chmod
                0x0000000000003a9c                f_utime
                0x0000000000003b40                f_getlabel
                0x0000000000003c84                f_setlabel
                0x0000000000003f60                f_forward
                0x0000000000004120                f_mkfs
                0x0000000000004bac                f_gets
                0x0000000000004c2c                f_putc
                0x0000000000004c64                f_puts
                0x0000000000004cb4                f_printf
 .text          0x0000000000005140      0xbe0 lpc2388/ffsdmm.o
                0x00000000000057f0                disk_status
                0x0000000000005808                disk_initialize
                0x0000000000005a44                disk_read
                0x0000000000005af4                disk_write
                0x0000000000005be4                disk_ioctl
 .text          0x0000000000005d20      0x418 lpc2388/lcdlib2388.o
                0x0000000000005df8                LCD_Write
                0x0000000000005e48                LCD_Init
                0x0000000000005f20                LCD_PutChar
                0x0000000000005f38                LCD_Puts
                0x0000000000005fd4                LCD_PutHex
                0x0000000000006040                LCD_wait_msec
                0x0000000000006088                LCD_ShiftDisp
                0x00000000000060e0                LCD_ShiftCursor
 .text          0x0000000000006138      0x21c lpc2388/malloc2388.o
                0x0000000000006138                __malloc2388_init
                0x0000000000006220                malloc2388
                0x00000000000062ac                free2388
 *fill*         0x0000000000006354        0x4 
 .text          0x0000000000006358     0x1a60 lpc2388/rom_func.o
                0x0000000000006358                to_be_deleted_nop_func
                0x00000000000063b8                to_be_deleted_str_func
                0x00000000000065c0                to_be_deleted_arm_embed_std_library_function
                0x00000000000073e0                to_be_deleted_arm_embed_math_library_function
                0x0000000000007d4c                to_be_deleted_misc_func
                0x0000000000007d98                to_be_deleted_vsprintf
 .text          0x0000000000007db8      0x434 lpc2388/tinymalloc.o
                0x0000000000007db8                _s_tiny_malloc_init_
                0x0000000000007e98                _s_tiny_malloc_
                0x000000000000811c                _s_tiny_free_
 .text          0x00000000000081ec       0x88 lpc2388/uart.o
                0x00000000000081ec                uart0_init
                0x00000000000081f0                uart0_getc
                0x0000000000008214                uart0_putc
                0x0000000000008234                uart0_puts
                0x0000000000008260                uart0_dataReady
 .text          0x0000000000008274      0x154 lpc2388/vic_lpc23xx.o
                0x0000000000008274                VIC_Init
                0x00000000000082b0                Enable_IRQ
                0x00000000000082c8                Disable_IRQ
                0x00000000000082e0                Reg_IRQ
                0x0000000000008334                InitTimer0
                0x0000000000008364                _Demo_Timer0Handler
 .text          0x00000000000083c8      0x8bc lpc2388/xprintf.o
                0x00000000000083c8                xputc
                0x0000000000008430                xputs
                0x0000000000008844                xfputs
                0x0000000000008888                xprintf
                0x00000000000088b4                xsprintf
                0x00000000000088fc                xfprintf
                0x000000000000893c                put_dump
                0x0000000000008a30                xgets
                0x0000000000008b00                xfgets
                0x0000000000008b30                xatoi
 *fill*         0x0000000000008c84        0x4 
 .text          0x0000000000008c88      0x470 /usr/lib//arm-none-eabi/lib/libm.a(lib_a-s_atan.o)
                0x0000000000008c88                atan
 .text          0x00000000000090f8      0x23c /usr/lib//arm-none-eabi/lib/libm.a(lib_a-s_cbrt.o)
                0x00000000000090f8                cbrt
 *fill*         0x0000000000009334        0x4 
 .text          0x0000000000009338      0x184 /usr/lib//arm-none-eabi/lib/libm.a(lib_a-s_ceil.o)
                0x0000000000009338                ceil
 .text          0x00000000000094bc      0x11c /usr/lib//arm-none-eabi/lib/libm.a(lib_a-s_cos.o)
                0x00000000000094bc                cos
 .text          0x00000000000095d8     0x13d0 /usr/lib//arm-none-eabi/lib/libm.a(lib_a-s_erf.o)
                0x00000000000095d8                erf
                0x0000000000009fb8                erfc
 .text          0x000000000000a9a8        0x8 /usr/lib//arm-none-eabi/lib/libm.a(lib_a-s_fabs.o)
                0x000000000000a9a8                fabs
 .text          0x000000000000a9b0      0x18c /usr/lib//arm-none-eabi/lib/libm.a(lib_a-s_floor.o)
                0x000000000000a9b0                floor
 .text          0x000000000000ab3c      0x11c /usr/lib//arm-none-eabi/lib/libm.a(lib_a-s_modf.o)
                0x000000000000ab3c                modf
 .text          0x000000000000ac58       0xec /usr/lib//arm-none-eabi/lib/libm.a(lib_a-s_round.o)
                0x000000000000ac58                round
 .text          0x000000000000ad44      0x128 /usr/lib//arm-none-eabi/lib/libm.a(lib_a-s_sin.o)
                0x000000000000ad44                sin
 .text          0x000000000000ae6c       0xa0 /usr/lib//arm-none-eabi/lib/libm.a(lib_a-s_tan.o)
                0x000000000000ae6c                tan
 .text          0x000000000000af0c      0x198 /usr/lib//arm-none-eabi/lib/libm.a(lib_a-s_tanh.o)
                0x000000000000af0c                tanh
 .text          0x000000000000b0a4       0xac /usr/lib//arm-none-eabi/lib/libm.a(lib_a-s_trunc.o)
                0x000000000000b0a4                trunc
 .text          0x000000000000b150       0xbc /usr/lib//arm-none-eabi/lib/libm.a(lib_a-w_acos.o)
                0x000000000000b150                acos
 .text          0x000000000000b20c       0xbc /usr/lib//arm-none-eabi/lib/libm.a(lib_a-w_asin.o)
                0x000000000000b20c                asin
 .text          0x000000000000b2c8       0x10 /usr/lib//arm-none-eabi/lib/libm.a(lib_a-w_atan2.o)
                0x000000000000b2c8                atan2
 .text          0x000000000000b2d8       0xb8 /usr/lib//arm-none-eabi/lib/libm.a(lib_a-w_cosh.o)
                0x000000000000b2d8                cosh
 .text          0x000000000000b390       0xd0 /usr/lib//arm-none-eabi/lib/libm.a(lib_a-w_exp.o)
                0x000000000000b390                exp
 .text          0x000000000000b460       0xcc /usr/lib//arm-none-eabi/lib/libm.a(lib_a-w_fmod.o)
                0x000000000000b460                fmod
 .text          0x000000000000b52c       0x94 /usr/lib//arm-none-eabi/lib/libm.a(lib_a-w_hypot.o)
                0x000000000000b52c                hypot
 .text          0x000000000000b5c0       0xe8 /usr/lib//arm-none-eabi/lib/libm.a(lib_a-w_log.o)
                0x000000000000b5c0                log
 .text          0x000000000000b6a8       0xe8 /usr/lib//arm-none-eabi/lib/libm.a(lib_a-w_log10.o)
                0x000000000000b6a8                log10
 .text          0x000000000000b790      0x288 /usr/lib//arm-none-eabi/lib/libm.a(lib_a-w_pow.o)
                0x000000000000b790                pow
 .text          0x000000000000ba18       0xa8 /usr/lib//arm-none-eabi/lib/libm.a(lib_a-w_sinh.o)
                0x000000000000ba18                sinh
 .text          0x000000000000bac0       0xb8 /usr/lib//arm-none-eabi/lib/libm.a(lib_a-w_sqrt.o)
                0x000000000000bac0                sqrt
 .text          0x000000000000bb78      0x664 /usr/lib//arm-none-eabi/lib/libm.a(lib_a-e_acos.o)
                0x000000000000bb78                __ieee754_acos
 *fill*         0x000000000000c1dc        0x4 
 .text          0x000000000000c1e0      0x60c /usr/lib//arm-none-eabi/lib/libm.a(lib_a-e_asin.o)
                0x000000000000c1e0                __ieee754_asin
 *fill*         0x000000000000c7ec        0x4 
 .text          0x000000000000c7f0      0x248 /usr/lib//arm-none-eabi/lib/libm.a(lib_a-e_atan2.o)
                0x000000000000c7f0                __ieee754_atan2
 .text          0x000000000000ca38      0x224 /usr/lib//arm-none-eabi/lib/libm.a(lib_a-e_cosh.o)
                0x000000000000ca38                __ieee754_cosh
 *fill*         0x000000000000cc5c        0x4 
 .text          0x000000000000cc60      0x4fc /usr/lib//arm-none-eabi/lib/libm.a(lib_a-e_exp.o)
                0x000000000000cc60                __ieee754_exp
 .text          0x000000000000d15c      0x3c8 /usr/lib//arm-none-eabi/lib/libm.a(lib_a-e_fmod.o)
                0x000000000000d15c                __ieee754_fmod
 .text          0x000000000000d524      0x3b4 /usr/lib//arm-none-eabi/lib/libm.a(lib_a-e_hypot.o)
                0x000000000000d524                __ieee754_hypot
 .text          0x000000000000d8d8      0x608 /usr/lib//arm-none-eabi/lib/libm.a(lib_a-e_log.o)
                0x000000000000d8d8                __ieee754_log
 .text          0x000000000000dee0      0x1a4 /usr/lib//arm-none-eabi/lib/libm.a(lib_a-e_log10.o)
                0x000000000000dee0                __ieee754_log10
 *fill*         0x000000000000e084        0x4 
 .text          0x000000000000e088     0x102c /usr/lib//arm-none-eabi/lib/libm.a(lib_a-e_pow.o)
                0x000000000000e088                __ieee754_pow
 *fill*         0x000000000000f0b4        0x4 
 .text          0x000000000000f0b8      0x67c /usr/lib//arm-none-eabi/lib/libm.a(lib_a-e_rem_pio2.o)
                0x000000000000f0b8                __ieee754_rem_pio2
 *fill*         0x000000000000f734        0x4 
 .text          0x000000000000f738      0x27c /usr/lib//arm-none-eabi/lib/libm.a(lib_a-e_sinh.o)
                0x000000000000f738                __ieee754_sinh
 .text          0x000000000000f9b4      0x258 /usr/lib//arm-none-eabi/lib/libm.a(lib_a-e_sqrt.o)
                0x000000000000f9b4                __ieee754_sqrt
 *fill*         0x000000000000fc0c        0x4 
 .text          0x000000000000fc10      0x360 /usr/lib//arm-none-eabi/lib/libm.a(lib_a-k_cos.o)
                0x000000000000fc10                __kernel_cos
 .text          0x000000000000ff70      0xc58 /usr/lib//arm-none-eabi/lib/libm.a(lib_a-k_rem_pio2.o)
                0x000000000000ff70                __kernel_rem_pio2
 .text          0x0000000000010bc8      0x224 /usr/lib//arm-none-eabi/lib/libm.a(lib_a-k_sin.o)
                0x0000000000010bc8                __kernel_sin
 *fill*         0x0000000000010dec        0x4 
 .text          0x0000000000010df0      0x56c /usr/lib//arm-none-eabi/lib/libm.a(lib_a-k_tan.o)
                0x0000000000010df0                __kernel_tan
 *fill*         0x000000000001135c        0x4 
 .text          0x0000000000011360      0x6cc /usr/lib//arm-none-eabi/lib/libm.a(lib_a-s_expm1.o)
                0x0000000000011360                expm1
 .text          0x0000000000011a2c       0x10 /usr/lib//arm-none-eabi/lib/libm.a(lib_a-s_finite.o)
                0x0000000000011a2c                finite
 .text          0x0000000000011a3c        0x0 /usr/lib//arm-none-eabi/lib/libm.a(lib_a-s_lib_ver.o)
 .text          0x0000000000011a3c       0x10 /usr/lib//arm-none-eabi/lib/libm.a(lib_a-s_nan.o)
                0x0000000000011a3c                nan
 .text          0x0000000000011a4c      0x1b0 /usr/lib//arm-none-eabi/lib/libm.a(lib_a-s_rint.o)
                0x0000000000011a4c                rint
 *fill*         0x0000000000011bfc        0x4 
 .text          0x0000000000011c00      0x188 /usr/lib//arm-none-eabi/lib/libm.a(lib_a-s_scalbn.o)
                0x0000000000011c00                scalbn
 .text          0x0000000000011d88      0x200 /usr/lib//arm-none-eabi/lib/libm.a(lib_a-math_err.o)
                0x0000000000011e00                __math_uflow
                0x0000000000011e0c                __math_may_uflow
                0x0000000000011e1c                __math_oflow
                0x0000000000011e28                __math_divzero
                0x0000000000011e6c                __math_invalid
                0x0000000000011ed8                __math_check_uflow
                0x0000000000011f1c                __math_check_oflow
 .text          0x0000000000011f88       0x14 /usr/lib//arm-none-eabi/lib/libc.a(lib_a-atof.o)
                0x0000000000011f88                atof
 .text          0x0000000000011f9c       0x30 /usr/lib//arm-none-eabi/lib/libc.a(lib_a-atoi.o)
                0x0000000000011f9c                atoi
                0x0000000000011fb4                _atoi_r
 .text          0x0000000000011fcc       0x30 /usr/lib//arm-none-eabi/lib/libc.a(lib_a-atol.o)
                0x0000000000011fcc                atol
                0x0000000000011fe4                _atol_r
 .text          0x0000000000011ffc       0x80 /usr/lib//arm-none-eabi/lib/libc.a(lib_a-bsearch.o)
                0x0000000000011ffc                bsearch
 .text          0x000000000001207c        0x0 /usr/lib//arm-none-eabi/lib/libc.a(lib_a-ctype_.o)
 .text          0x000000000001207c       0x10 /usr/lib//arm-none-eabi/lib/libc.a(lib_a-errno.o)
                0x000000000001207c                __errno
 .text          0x000000000001208c        0x0 /usr/lib//arm-none-eabi/lib/libc.a(lib_a-impure.o)
 .text          0x000000000001208c       0x40 /usr/lib//arm-none-eabi/lib/libc.a(lib_a-malloc.o)
                0x000000000001208c                malloc
                0x00000000000120ac                free
 .text          0x00000000000120cc      0x7f0 /usr/lib//arm-none-eabi/lib/libc.a(lib_a-mallocr.o)
                0x00000000000120cc                _malloc_r
 .text          0x00000000000128bc       0xf0 /usr/lib//arm-none-eabi/lib/libc.a(lib_a-memchr-stub.o)
                0x00000000000128bc                memchr
 .text          0x00000000000129ac       0xac /usr/lib//arm-none-eabi/lib/libc.a(lib_a-memcmp.o)
                0x00000000000129ac                memcmp
 .text          0x0000000000012a58      0x120 /usr/lib//arm-none-eabi/lib/libc.a(lib_a-memcpy-stub.o)
                0x0000000000012a58                memcpy
 .text          0x0000000000012b78      0x158 /usr/lib//arm-none-eabi/lib/libc.a(lib_a-memmove.o)
                0x0000000000012b78                memmove
 .text          0x0000000000012cd0      0x11c /usr/lib//arm-none-eabi/lib/libc.a(lib_a-memset.o)
                0x0000000000012cd0                memset
 .text          0x0000000000012dec        0x8 /usr/lib//arm-none-eabi/lib/libc.a(lib_a-mlock.o)
                0x0000000000012dec                __malloc_lock
                0x0000000000012df0                __malloc_unlock
 .text          0x0000000000012df4      0xa54 /usr/lib//arm-none-eabi/lib/libc.a(lib_a-qsort.o)
                0x0000000000012df4                qsort
 .text          0x0000000000013848       0x6c /usr/lib//arm-none-eabi/lib/libc.a(lib_a-rand.o)
                0x0000000000013848                srand
                0x0000000000013864                rand
 .text          0x00000000000138b4       0x44 /usr/lib//arm-none-eabi/lib/libc.a(lib_a-sbrkr.o)
                0x00000000000138b4                _sbrk_r
 .text          0x00000000000138f8       0xcc /usr/lib//arm-none-eabi/lib/libc.a(lib_a-sprintf.o)
                0x00000000000138f8                _sprintf_r
                0x0000000000013958                sprintf
 .text          0x00000000000139c4       0x74 /usr/lib//arm-none-eabi/lib/libc.a(lib_a-strcat.o)
                0x00000000000139c4                strcat
 .text          0x0000000000013a38      0x150 /usr/lib//arm-none-eabi/lib/libc.a(lib_a-strchr.o)
                0x0000000000013a38                strchr
 .text          0x0000000000013b88       0xf0 /usr/lib//arm-none-eabi/lib/libc.a(lib_a-strcpy.o)
                0x0000000000013b88                strcpy
 .text          0x0000000000013c78       0x68 /usr/lib//arm-none-eabi/lib/libc.a(lib_a-strcspn.o)
                0x0000000000013c78                strcspn
 .text          0x0000000000013ce0       0xf0 /usr/lib//arm-none-eabi/lib/libc.a(lib_a-strncat.o)
                0x0000000000013ce0                strncat
 .text          0x0000000000013dd0       0xcc /usr/lib//arm-none-eabi/lib/libc.a(lib_a-strncpy.o)
                0x0000000000013dd0                strncpy
 .text          0x0000000000013e9c       0x54 /usr/lib//arm-none-eabi/lib/libc.a(lib_a-strrchr.o)
                0x0000000000013e9c                strrchr
 .text          0x0000000000013ef0       0x64 /usr/lib//arm-none-eabi/lib/libc.a(lib_a-strspn.o)
                0x0000000000013ef0                strspn
 .text          0x0000000000013f54      0x690 /usr/lib//arm-none-eabi/lib/libc.a(lib_a-strstr.o)
                0x0000000000014374                strstr
 *fill*         0x00000000000145e4        0x4 
 .text          0x00000000000145e8     0x1870 /usr/lib//arm-none-eabi/lib/libc.a(lib_a-strtod.o)
                0x00000000000145e8                _strtod_l
                0x0000000000015bf4                _strtod_r
                0x0000000000015c00                strtod_l
                0x0000000000015c2c                strtod
                0x0000000000015c50                strtof_l
                0x0000000000015d54                strtof
 .text          0x0000000000015e58       0x24 /usr/lib//arm-none-eabi/lib/libc.a(lib_a-strtok.o)
                0x0000000000015e58                strtok
 .text          0x0000000000015e7c       0xbc /usr/lib//arm-none-eabi/lib/libc.a(lib_a-strtok_r.o)
                0x0000000000015e7c                __strtok_r
                0x0000000000015f30                strtok_r
 .text          0x0000000000015f38      0x298 /usr/lib//arm-none-eabi/lib/libc.a(lib_a-strtol.o)
                0x00000000000160ec                _strtol_r
                0x0000000000016128                strtol_l
                0x000000000001617c                strtol
 .text          0x00000000000161d0     0x1efc /usr/lib//arm-none-eabi/lib/libc.a(lib_a-svfprintf.o)
                0x00000000000161d0                _svfprintf_r
 .text          0x00000000000180cc       0xb0 /usr/lib//arm-none-eabi/lib/libc.a(lib_a-vsprintf.o)
                0x00000000000180cc                vsprintf
                0x0000000000018130                _vsprintf_r
 *fill*         0x000000000001817c        0x4 
 .text          0x0000000000018180     0x18ec /usr/lib//arm-none-eabi/lib/libc.a(lib_a-dtoa.o)
                0x0000000000018340                _dtoa_r
 .text          0x0000000000019a6c      0x3ec /usr/lib//arm-none-eabi/lib/libc.a(lib_a-freer.o)
                0x0000000000019a6c                _malloc_trim_r
                0x0000000000019b6c                _free_r
 .text          0x0000000000019e58      0x9ec /usr/lib//arm-none-eabi/lib/libc.a(lib_a-gdtoa-gethex.o)
                0x0000000000019f4c                __gethex
 .text          0x000000000001a844      0x2fc /usr/lib//arm-none-eabi/lib/libc.a(lib_a-gdtoa-hexnan.o)
                0x000000000001a844                __match
                0x000000000001a898                __hexnan
 .text          0x000000000001ab40        0x8 /usr/lib//arm-none-eabi/lib/libc.a(lib_a-lnumeric.o)
                0x000000000001ab40                __numeric_load_locale
 .text          0x000000000001ab48       0xe0 /usr/lib//arm-none-eabi/lib/libc.a(lib_a-locale.o)
                0x000000000001ab48                _setlocale_r
                0x000000000001abb0                __locale_mb_cur_max
                0x000000000001abc0                setlocale
 .text          0x000000000001ac28       0x20 /usr/lib//arm-none-eabi/lib/libc.a(lib_a-localeconv.o)
                0x000000000001ac28                __localeconv_l
                0x000000000001ac30                _localeconv_r
                0x000000000001ac3c                localeconv
 .text          0x000000000001ac48       0x60 /usr/lib//arm-none-eabi/lib/libc.a(lib_a-mbtowc_r.o)
                0x000000000001ac48                _mbtowc_r
                0x000000000001ac64                __ascii_mbtowc
 .text          0x000000000001aca8      0xf90 /usr/lib//arm-none-eabi/lib/libc.a(lib_a-mprec.o)
                0x000000000001aca8                _Balloc
                0x000000000001ad34                _Bfree
                0x000000000001ad50                __multadd
                0x000000000001ae50                __s2b
                0x000000000001af64                __hi0bits
                0x000000000001afbc                __lo0bits
                0x000000000001b058                __i2b
                0x000000000001b100                __multiply
                0x000000000001b314                __pow5mult
                0x000000000001b438                __lshift
                0x000000000001b578                __mcmp
                0x000000000001b5d8                __mdiff
                0x000000000001b7cc                __ulp
                0x000000000001b830                __b2d
                0x000000000001b920                __d2b
                0x000000000001ba64                __ratio
                0x000000000001bae8                _mprec_log10
                0x000000000001bb48                __copybits
                0x000000000001bbd4                __any_on
 .text          0x000000000001bc38      0x178 /usr/lib//arm-none-eabi/lib/libc.a(lib_a-reent.o)
                0x000000000001bc38                cleanup_glue
                0x000000000001bcac                _reclaim_reent
 .text          0x000000000001bdb0        0xc /usr/lib//arm-none-eabi/lib/libc.a(lib_a-sf_nan.o)
                0x000000000001bdb0                nanf
 .text          0x000000000001bdbc      0x224 /usr/lib//arm-none-eabi/lib/libc.a(lib_a-strcmp.o)
                0x000000000001bdbc                strcmp
 .text          0x000000000001bfe0       0x60 /usr/lib//arm-none-eabi/lib/libc.a(lib_a-strlen-stub.o)
                0x000000000001bfe0                strlen
 .text          0x000000000001c040       0xe4 /usr/lib//arm-none-eabi/lib/libc.a(lib_a-strncmp.o)
                0x000000000001c040                strncmp
 .text          0x000000000001c124       0x48 /usr/lib//arm-none-eabi/lib/libc.a(lib_a-strnlen.o)
                0x000000000001c124                strnlen
 .text          0x000000000001c16c     0x1158 /usr/lib//arm-none-eabi/lib/libc.a(lib_a-svfiprintf.o)
                0x000000000001c16c                __ssprint_r
                0x000000000001c314                _svfiprintf_r
 .text          0x000000000001d2c4       0x4c /usr/lib//arm-none-eabi/lib/libc.a(lib_a-wctomb_r.o)
                0x000000000001d2c4                _wctomb_r
                0x000000000001d2e0                __ascii_wctomb
 .text          0x000000000001d310       0x6c /usr/lib//arm-none-eabi/lib/libc.a(lib_a-assert.o)
                0x000000000001d310                __assert_func
                0x000000000001d36c                __assert
 .text          0x000000000001d37c       0x9c /usr/lib//arm-none-eabi/lib/libc.a(lib_a-callocr.o)
                0x000000000001d37c                _calloc_r
 .text          0x000000000001d418       0x68 /usr/lib//arm-none-eabi/lib/libc.a(lib_a-fiprintf.o)
                0x000000000001d418                _fiprintf_r
                0x000000000001d444                fiprintf
 .text          0x000000000001d480      0x594 /usr/lib//arm-none-eabi/lib/libc.a(lib_a-reallocr.o)
                0x000000000001d480                _realloc_r
 .text          0x000000000001da14     0x12ec /usr/lib//arm-none-eabi/lib/libc.a(lib_a-vfiprintf.o)
                0x000000000001dac0                __sprint_r
                0x000000000001dad8                _vfiprintf_r
                0x000000000001ec24                vfiprintf
 .text          0x000000000001ed00      0x16c /usr/lib//arm-none-eabi/lib/libc.a(lib_a-wsetup.o)
                0x000000000001ed00                __swsetup_r
 .text          0x000000000001ee6c       0x14 /usr/lib//arm-none-eabi/lib/libc.a(lib_a-abort.o)
                0x000000000001ee6c                abort
 .text          0x000000000001ee80      0x324 /usr/lib//arm-none-eabi/lib/libc.a(lib_a-fflush.o)
                0x000000000001ee80                __sflush_r
                0x000000000001f0c4                _fflush_r
                0x000000000001f114                fflush
 .text          0x000000000001f1a4      0x360 /usr/lib//arm-none-eabi/lib/libc.a(lib_a-findfp.o)
                0x000000000001f1ac                _cleanup_r
                0x000000000001f314                __sfmoreglue
                0x000000000001f364                __sfp
                0x000000000001f478                _cleanup
                0x000000000001f49c                __sinit
                0x000000000001f4ac                __sfp_lock_acquire
                0x000000000001f4b0                __sfp_lock_release
                0x000000000001f4b4                __sinit_lock_acquire
                0x000000000001f4b8                __sinit_lock_release
                0x000000000001f4bc                __fp_lock_all
                0x000000000001f4e0                __fp_unlock_all
 .text          0x000000000001f504      0x19c /usr/lib//arm-none-eabi/lib/libc.a(lib_a-fputwc.o)
                0x000000000001f504                __fputwc
                0x000000000001f618                _fputwc_r
                0x000000000001f638                fputwc
 .text          0x000000000001f6a0      0x4c4 /usr/lib//arm-none-eabi/lib/libc.a(lib_a-fvwrite.o)
                0x000000000001f6a0                __sfvwrite_r
 .text          0x000000000001fb64       0xe8 /usr/lib//arm-none-eabi/lib/libc.a(lib_a-fwalk.o)
                0x000000000001fb64                _fwalk
                0x000000000001fbd4                _fwalk_reent
 .text          0x000000000001fc4c      0x1e4 /usr/lib//arm-none-eabi/lib/libc.a(lib_a-makebuf.o)
                0x000000000001fc4c                __smakebuf_r
                0x000000000001fd90                __swhatbuf_r
 .text          0x000000000001fe30      0x458 /usr/lib//arm-none-eabi/lib/libc.a(lib_a-signal.o)
                0x000000000001fe30                _init_signal_r
                0x000000000001fe84                _signal_r
                0x000000000001ff00                _raise_r
                0x000000000001ff98                __sigtramp_r
                0x000000000002004c                raise
                0x00000000000200e8                signal
                0x0000000000020170                _init_signal
                0x00000000000201d0                __sigtramp
 .text          0x0000000000020288       0x50 /usr/lib//arm-none-eabi/lib/libc.a(lib_a-signalr.o)
                0x0000000000020288                _kill_r
                0x00000000000202c8                _getpid_r
 .text          0x00000000000202d8       0xdc /usr/lib//arm-none-eabi/lib/libc.a(lib_a-stdio.o)
                0x00000000000202d8                __sread
                0x000000000002030c                __seofread
                0x0000000000020314                __swrite
                0x0000000000020370                __sseek
                0x00000000000203a0                __sclose
 .text          0x00000000000203b4      0x150 /usr/lib//arm-none-eabi/lib/libc.a(lib_a-wbuf.o)
                0x00000000000203b4                __swbuf_r
                0x00000000000204e8                __swbuf
 .text          0x0000000000020504       0xe0 /usr/lib//arm-none-eabi/lib/libc.a(lib_a-wcrtomb.o)
                0x0000000000020504                _wcrtomb_r
                0x000000000002055c                wcrtomb
 .text          0x00000000000205e4       0x48 /usr/lib//arm-none-eabi/lib/libc.a(lib_a-writer.o)
                0x00000000000205e4                _write_r
 .text          0x000000000002062c       0x3c /usr/lib//arm-none-eabi/lib/libc.a(lib_a-closer.o)
                0x000000000002062c                _close_r
 .text          0x0000000000020668      0x17c /usr/lib//arm-none-eabi/lib/libc.a(lib_a-fclose.o)
                0x0000000000020718                _fclose_r
                0x0000000000020778                fclose
 .text          0x00000000000207e4       0x40 /usr/lib//arm-none-eabi/lib/libc.a(lib_a-fstatr.o)
                0x00000000000207e4                _fstat_r
 .text          0x0000000000020824       0x3c /usr/lib//arm-none-eabi/lib/libc.a(lib_a-isattyr.o)
                0x0000000000020824                _isatty_r
 .text          0x0000000000020860       0x48 /usr/lib//arm-none-eabi/lib/libc.a(lib_a-lseekr.o)
                0x0000000000020860                _lseek_r
 .text          0x00000000000208a8       0x48 /usr/lib//arm-none-eabi/lib/libc.a(lib_a-readr.o)
                0x00000000000208a8                _read_r
 .text          0x00000000000208f0       0x18 /usr/lib//arm-none-eabi/lib/libnosys.a(close.o)
                0x00000000000208f0                _close
 .text          0x0000000000020908       0x18 /usr/lib//arm-none-eabi/lib/libnosys.a(fstat.o)
                0x0000000000020908                _fstat
 .text          0x0000000000020920       0x18 /usr/lib//arm-none-eabi/lib/libnosys.a(getpid.o)
                0x0000000000020920                _getpid
 .text          0x0000000000020938       0x18 /usr/lib//arm-none-eabi/lib/libnosys.a(isatty.o)
                0x0000000000020938                _isatty
 .text          0x0000000000020950       0x18 /usr/lib//arm-none-eabi/lib/libnosys.a(kill.o)
                0x0000000000020950                _kill
 .text          0x0000000000020968       0x18 /usr/lib//arm-none-eabi/lib/libnosys.a(lseek.o)
                0x0000000000020968                _lseek
 .text          0x0000000000020980       0x18 /usr/lib//arm-none-eabi/lib/libnosys.a(read.o)
                0x0000000000020980                _read
 .text          0x0000000000020998       0x2c /usr/lib//arm-none-eabi/lib/libnosys.a(sbrk.o)
                0x0000000000020998                _sbrk
 .text          0x00000000000209c4       0x18 /usr/lib//arm-none-eabi/lib/libnosys.a(write.o)
                0x00000000000209c4                _write
 .text          0x00000000000209dc        0x4 /usr/lib//arm-none-eabi/lib/libnosys.a(_exit.o)
                0x00000000000209dc                _exit
 .text          0x00000000000209e0      0x290 /usr/lib/gcc/arm-none-eabi/10.3.1/libgcc.a(_arm_muldf3.o)
 .text          0x0000000000020c70      0x198 /usr/lib/gcc/arm-none-eabi/10.3.1/libgcc.a(_arm_mulsf3.o)
 .text          0x0000000000020e08      0x114 /usr/lib/gcc/arm-none-eabi/10.3.1/libgcc.a(_udivsi3.o)
                0x0000000000020e08                __udivsi3
                0x0000000000020e08                __aeabi_uidiv
                0x0000000000020efc                __aeabi_uidivmod
 .text          0x0000000000020f1c      0x148 /usr/lib/gcc/arm-none-eabi/10.3.1/libgcc.a(_divsi3.o)
                0x0000000000020f1c                __aeabi_idiv
                0x0000000000020f1c                __divsi3
                0x0000000000021044                __aeabi_idivmod
 .text          0x0000000000021064        0x4 /usr/lib/gcc/arm-none-eabi/10.3.1/libgcc.a(_dvmd_tls.o)
                0x0000000000021064                __aeabi_ldiv0
                0x0000000000021064                __aeabi_idiv0
 .text          0x0000000000021068      0x424 /usr/lib/gcc/arm-none-eabi/10.3.1/libgcc.a(_arm_addsubdf3.o)
                0x0000000000021068                __aeabi_drsub
                0x0000000000021070                __aeabi_dsub
                0x0000000000021070                __subdf3
                0x0000000000021074                __adddf3
                0x0000000000021074                __aeabi_dadd
                0x0000000000021384                __aeabi_ui2d
                0x0000000000021384                __floatunsidf
                0x00000000000213a8                __floatsidf
                0x00000000000213a8                __aeabi_i2d
                0x00000000000213d0                __extendsfdf2
                0x00000000000213d0                __aeabi_f2d
                0x0000000000021418                __aeabi_ul2d
                0x0000000000021418                __floatundidf
                0x000000000002142c                __floatdidf
                0x000000000002142c                __aeabi_l2d
 .text          0x000000000002148c      0x49c /usr/lib/gcc/arm-none-eabi/10.3.1/libgcc.a(_arm_muldivdf3.o)
                0x000000000002148c                __aeabi_dmul
                0x000000000002148c                __muldf3
                0x000000000002171c                __aeabi_ddiv
                0x000000000002171c                __divdf3
 .text          0x0000000000021928      0x144 /usr/lib/gcc/arm-none-eabi/10.3.1/libgcc.a(_arm_cmpdf2.o)
                0x0000000000021928                __gtdf2
                0x0000000000021928                __gedf2
                0x0000000000021930                __ltdf2
                0x0000000000021930                __ledf2
                0x0000000000021938                __cmpdf2
                0x0000000000021938                __eqdf2
                0x0000000000021938                __nedf2
                0x00000000000219c0                __aeabi_cdrcmple
                0x00000000000219dc                __aeabi_cdcmple
                0x00000000000219dc                __aeabi_cdcmpeq
                0x00000000000219f4                __aeabi_dcmpeq
                0x0000000000021a0c                __aeabi_dcmplt
                0x0000000000021a24                __aeabi_dcmple
                0x0000000000021a3c                __aeabi_dcmpge
                0x0000000000021a54                __aeabi_dcmpgt
 .text          0x0000000000021a6c       0x38 /usr/lib/gcc/arm-none-eabi/10.3.1/libgcc.a(_arm_unorddf2.o)
                0x0000000000021a6c                __aeabi_dcmpun
                0x0000000000021a6c                __unorddf2
 .text          0x0000000000021aa4       0x5c /usr/lib/gcc/arm-none-eabi/10.3.1/libgcc.a(_arm_fixdfsi.o)
                0x0000000000021aa4                __fixdfsi
                0x0000000000021aa4                __aeabi_d2iz
 .text          0x0000000000021b00       0x54 /usr/lib/gcc/arm-none-eabi/10.3.1/libgcc.a(_arm_fixunsdfsi.o)
                0x0000000000021b00                __fixunsdfsi
                0x0000000000021b00                __aeabi_d2uiz
 .text          0x0000000000021b54       0xa0 /usr/lib/gcc/arm-none-eabi/10.3.1/libgcc.a(_arm_truncdfsf2.o)
                0x0000000000021b54                __aeabi_d2f
                0x0000000000021b54                __truncdfsf2
 .text          0x0000000000021bf4      0x2ac /usr/lib/gcc/arm-none-eabi/10.3.1/libgcc.a(_arm_addsubsf3.o)
                0x0000000000021bf4                __aeabi_frsub
                0x0000000000021bfc                __subsf3
                0x0000000000021bfc                __aeabi_fsub
                0x0000000000021c00                __aeabi_fadd
                0x0000000000021c00                __addsf3
                0x0000000000021dbc                __aeabi_ui2f
                0x0000000000021dbc                __floatunsisf
                0x0000000000021dc4                __aeabi_i2f
                0x0000000000021dc4                __floatsisf
                0x0000000000021de4                __floatundisf
                0x0000000000021de4                __aeabi_ul2f
                0x0000000000021df4                __floatdisf
                0x0000000000021df4                __aeabi_l2f
 .text          0x0000000000021ea0      0x2f8 /usr/lib/gcc/arm-none-eabi/10.3.1/libgcc.a(_arm_muldivsf3.o)
                0x0000000000021ea0                __mulsf3
                0x0000000000021ea0                __aeabi_fmul
                0x0000000000022038                __divsf3
                0x0000000000022038                __aeabi_fdiv
 .text          0x0000000000022198      0x114 /usr/lib/gcc/arm-none-eabi/10.3.1/libgcc.a(_arm_cmpsf2.o)
                0x0000000000022198                __gtsf2
                0x0000000000022198                __gesf2
                0x00000000000221a0                __lesf2
                0x00000000000221a0                __ltsf2
                0x00000000000221a8                __nesf2
                0x00000000000221a8                __eqsf2
                0x00000000000221a8                __cmpsf2
                0x000000000002220c                __aeabi_cfrcmple
                0x000000000002221c                __aeabi_cfcmple
                0x000000000002221c                __aeabi_cfcmpeq
                0x0000000000022234                __aeabi_fcmpeq
                0x000000000002224c                __aeabi_fcmplt
                0x0000000000022264                __aeabi_fcmple
                0x000000000002227c                __aeabi_fcmpge
                0x0000000000022294                __aeabi_fcmpgt
 .text          0x00000000000222ac       0x38 /usr/lib/gcc/arm-none-eabi/10.3.1/libgcc.a(_arm_unordsf2.o)
                0x00000000000222ac                __aeabi_fcmpun
                0x00000000000222ac                __unordsf2
 .text          0x00000000000222e4       0x5c /usr/lib/gcc/arm-none-eabi/10.3.1/libgcc.a(_arm_fixsfsi.o)
                0x00000000000222e4                __fixsfsi
                0x00000000000222e4                __aeabi_f2iz
 .text          0x0000000000022340       0x54 /usr/lib/gcc/arm-none-eabi/10.3.1/libgcc.a(_arm_fixunssfsi.o)
                0x0000000000022340                __aeabi_f2uiz
                0x0000000000022340                __fixunssfsi
 .text          0x0000000000022394       0xd4 /usr/lib/gcc/arm-none-eabi/10.3.1/libgcc.a(_aeabi_ldivmod.o)
                0x0000000000022394                __aeabi_ldivmod
 .text          0x0000000000022468       0x3c /usr/lib/gcc/arm-none-eabi/10.3.1/libgcc.a(_aeabi_uldivmod.o)
                0x0000000000022468                __aeabi_uldivmod
 .text          0x00000000000224a4       0x40 /usr/lib/gcc/arm-none-eabi/10.3.1/libgcc.a(_fixsfdi.o)
                0x00000000000224a4                __aeabi_f2lz
                0x00000000000224a4                __fixsfdi
 .text          0x00000000000224e4       0x4c /usr/lib/gcc/arm-none-eabi/10.3.1/libgcc.a(_fixdfdi.o)
                0x00000000000224e4                __aeabi_d2lz
                0x00000000000224e4                __fixdfdi
 .text          0x0000000000022530       0x60 /usr/lib/gcc/arm-none-eabi/10.3.1/libgcc.a(_fixunssfdi.o)
                0x0000000000022530                __aeabi_f2ulz
                0x0000000000022530                __fixunssfdi
 .text          0x0000000000022590       0x5c /usr/lib/gcc/arm-none-eabi/10.3.1/libgcc.a(_fixunsdfdi.o)
                0x0000000000022590                __aeabi_d2ulz
                0x0000000000022590                __fixunsdfdi
 .text          0x00000000000225ec      0x128 /usr/lib/gcc/arm-none-eabi/10.3.1/libgcc.a(_udivmoddi4.o)
                0x00000000000225ec                __udivmoddi4
 .text          0x0000000000022714       0x28 /usr/lib/gcc/arm-none-eabi/10.3.1/libgcc.a(_clzdi2.o)
                0x0000000000022714                __clzdi2
 .text          0x000000000002273c       0x48 /usr/lib/gcc/arm-none-eabi/10.3.1/libgcc.a(_clzsi2.o)
                0x000000000002273c                __clzsi2
 *(.init)
 *(.fini)
 *(.gnu.linkonce.t.*)
 *(.glue_7)
 .glue_7        0x0000000000022784        0x0 linker stubs
 *(.glue_7t)
 .glue_7t       0x0000000000022784        0x0 linker stubs
 *(.vfp11_veneer)
 .vfp11_veneer  0x0000000000022784        0x0 linker stubs
 *(.janus_2cc_veneer)
 *(.v4_bx)
 .v4_bx         0x0000000000022784        0x0 linker stubs
 *(.gcc_except_table)
 *(.rodata .rodata.*)
 .rodata.str1.4
                0x0000000000022784       0x4c main.o
 .rodata.str1.4
                0x00000000000227d0       0x50 lpc2388/ff.o
 .rodata        0x0000000000022820       0x2e lpc2388/ff.o
 *fill*         0x000000000002284e        0x2 
 .rodata.str1.4
                0x0000000000022850       0x7c lpc2388/rom_func.o
 .rodata.str1.4
                0x00000000000228cc       0x1f lpc2388/xprintf.o
 *fill*         0x00000000000228eb        0x5 
 .rodata        0x00000000000228f0       0x40 /usr/lib//arm-none-eabi/lib/libm.a(lib_a-s_atan.o)
 .rodata.str1.4
                0x0000000000022930       0x1f /usr/lib//arm-none-eabi/lib/libm.a(lib_a-w_acos.o)
                                          0x1 (size before relaxing)
 .rodata.str1.4
                0x0000000000022930        0x1 /usr/lib//arm-none-eabi/lib/libm.a(lib_a-w_asin.o)
 .rodata.str1.4
                0x0000000000022930        0x1 /usr/lib//arm-none-eabi/lib/libm.a(lib_a-w_log.o)
 .rodata.str1.4
                0x0000000000022930        0x1 /usr/lib//arm-none-eabi/lib/libm.a(lib_a-w_log10.o)
 .rodata        0x0000000000022930       0x30 /usr/lib//arm-none-eabi/lib/libm.a(lib_a-e_atan2.o)
 .rodata        0x0000000000022960       0x30 /usr/lib//arm-none-eabi/lib/libm.a(lib_a-e_exp.o)
 .rodata        0x0000000000022990       0x10 /usr/lib//arm-none-eabi/lib/libm.a(lib_a-e_fmod.o)
 .rodata.str1.4
                0x00000000000229a0        0x1 /usr/lib//arm-none-eabi/lib/libm.a(lib_a-e_pow.o)
 .rodata        0x00000000000229a0      0x188 /usr/lib//arm-none-eabi/lib/libm.a(lib_a-e_rem_pio2.o)
 .rodata        0x0000000000022b28       0x50 /usr/lib//arm-none-eabi/lib/libm.a(lib_a-k_rem_pio2.o)
 .rodata        0x0000000000022b78       0x10 /usr/lib//arm-none-eabi/lib/libm.a(lib_a-s_rint.o)
 .rodata        0x0000000000022b88      0x101 /usr/lib//arm-none-eabi/lib/libc.a(lib_a-ctype_.o)
                0x0000000000022b88                _ctype_
 *fill*         0x0000000000022c89        0x3 
 .rodata        0x0000000000022c8c        0x4 /usr/lib//arm-none-eabi/lib/libc.a(lib_a-impure.o)
                0x0000000000022c8c                _global_impure_ptr
 .rodata.str1.4
                0x0000000000022c90        0xf /usr/lib//arm-none-eabi/lib/libc.a(lib_a-strtod.o)
                                         0x11 (size before relaxing)
 *fill*         0x0000000000022c9f        0x1 
 .rodata        0x0000000000022ca0       0x50 /usr/lib//arm-none-eabi/lib/libc.a(lib_a-strtod.o)
 .rodata.str1.4
                0x0000000000022cf0       0x42 /usr/lib//arm-none-eabi/lib/libc.a(lib_a-svfprintf.o)
 *fill*         0x0000000000022d32        0x2 
 .rodata        0x0000000000022d34       0x20 /usr/lib//arm-none-eabi/lib/libc.a(lib_a-svfprintf.o)
 .rodata.str1.4
                0x0000000000022d54       0x4d /usr/lib//arm-none-eabi/lib/libc.a(lib_a-dtoa.o)
                                         0x51 (size before relaxing)
 *fill*         0x0000000000022da1        0x3 
 .rodata.str1.4
                0x0000000000022da4       0x31 /usr/lib//arm-none-eabi/lib/libc.a(lib_a-gdtoa-gethex.o)
                                         0x45 (size before relaxing)
 *fill*         0x0000000000022dd5        0x3 
 .rodata        0x0000000000022dd8      0x100 /usr/lib//arm-none-eabi/lib/libc.a(lib_a-gdtoa-gethex.o)
                0x0000000000022dd8                __hexdig
 .rodata.str1.4
                0x0000000000022ed8        0x2 /usr/lib//arm-none-eabi/lib/libc.a(lib_a-lnumeric.o)
                                          0x5 (size before relaxing)
 *fill*         0x0000000000022eda        0x2 
 .rodata        0x0000000000022edc        0xc /usr/lib//arm-none-eabi/lib/libc.a(lib_a-lnumeric.o)
                0x0000000000022edc                _C_numeric_locale
 .rodata.str1.4
                0x0000000000022ee8        0xa /usr/lib//arm-none-eabi/lib/libc.a(lib_a-locale.o)
                                         0x12 (size before relaxing)
 *fill*         0x0000000000022ef2        0x2 
 .rodata.str1.4
                0x0000000000022ef4       0x2a /usr/lib//arm-none-eabi/lib/libc.a(lib_a-mprec.o)
                                         0x3e (size before relaxing)
 *fill*         0x0000000000022f1e        0x2 
 .rodata        0x0000000000022f20      0x128 /usr/lib//arm-none-eabi/lib/libc.a(lib_a-mprec.o)
                0x0000000000022f30                __mprec_tens
                0x0000000000022ff8                __mprec_tinytens
                0x0000000000023020                __mprec_bigtens
 .rodata.str1.4
                0x0000000000023048       0x2f /usr/lib//arm-none-eabi/lib/libc.a(lib_a-svfiprintf.o)
 .rodata        0x0000000000023048       0x20 /usr/lib//arm-none-eabi/lib/libc.a(lib_a-svfiprintf.o)
 .rodata.str1.4
                0x0000000000023068       0x3f /usr/lib//arm-none-eabi/lib/libc.a(lib_a-assert.o)
                                         0x43 (size before relaxing)
 .rodata.str1.4
                0x00000000000230a7       0x2f /usr/lib//arm-none-eabi/lib/libc.a(lib_a-vfiprintf.o)
 *fill*         0x00000000000230a7        0x1 
 .rodata        0x00000000000230a8       0x20 /usr/lib//arm-none-eabi/lib/libc.a(lib_a-vfiprintf.o)
 *(.ioview .ioview.*)
 *(.gnu.linkonce.r.*)
 *(.ARM.extab* .gnu.linkonce.armextab.*)
 .ARM.extab     0x00000000000230c8        0x0 /usr/lib/gcc/arm-none-eabi/10.3.1/libgcc.a(_udivmoddi4.o)
                0x00000000000230c8                . = ALIGN (0x4)

.iplt           0x00000000000230c8        0x0
 .iplt          0x00000000000230c8        0x0 startup.o
                0x00000000000230c8                . = ALIGN (0x4)

.ctors          0x00000000000230c8        0x0
                [!provide]                        PROVIDE (__ctors_start__ = .)
 *(SORT_BY_NAME(.ctors.*))
 *(.ctors)
                0x00000000000230c8                . = ALIGN (0x4)
                [!provide]                        PROVIDE (__ctors_end__ = .)
                0x00000000000230c8                . = ALIGN (0x4)

.dtors          0x00000000000230c8        0x0
                [!provide]                        PROVIDE (__dtors_start__ = .)
 *(SORT_BY_NAME(.dtors.*))
 *(.dtors)
                0x00000000000230c8                . = ALIGN (0x4)
                [!provide]                        PROVIDE (__dtors_end__ = .)
                0x00000000000230c8                . = ALIGN (0x4)
                0x00000000000230c8                . = ALIGN (0x4)

.eh_frame_hdr
 *(.eh_frame_hdr)

.eh_frame
 *(.eh_frame)
                0x00000000000230c8                . = ALIGN (0x4)
                [!provide]                        PROVIDE (__exidx_start = .)

.ARM.exidx      0x00000000000230c8        0x8
 *(.ARM.exidx* .gnu.linkonce.armexidx.*)
 .ARM.exidx     0x00000000000230c8        0x8 /usr/lib/gcc/arm-none-eabi/10.3.1/libgcc.a(_udivmoddi4.o)
                [!provide]                        PROVIDE (__exidx_end = .)

.rel.dyn        0x00000000000230d0        0x0
 .rel.iplt      0x00000000000230d0        0x0 startup.o
                0x00000000000230d0                . = ALIGN (0x4)
                0x00000000000230d0                __end_of_text__ = .
                0x00000000000230d0                _etext = .
                [!provide]                        PROVIDE (etext = .)

.data           0x0000000040000000      0x9b8 load address 0x00000000000230d0
                0x0000000040000000                _sdata = .
                0x0000000040000000                . = ALIGN (0x4)
                0x0000000040000000                __data_beg__ = .
                0x00000000400230d0                __data_beg_src__ = __end_of_text__
 *(.vectmapped)
                0x0000000040000000                . = ALIGN (0x4)
 *(.fastrun)
                0x0000000040000000                . = ALIGN (0x4)
                0x0000000040000000                . = ALIGN (0x4)
 *(.data)
 .data          0x0000000040000000        0x0 startup.o
 .data          0x0000000040000000        0x0 main.o
 .data          0x0000000040000000        0x0 lpc2388/_init.o
 .data          0x0000000040000000        0x0 lpc2388/ff.o
 .data          0x0000000040000000        0x1 lpc2388/ffsdmm.o
 .data          0x0000000040000001        0x0 lpc2388/lcdlib2388.o
 .data          0x0000000040000001        0x0 lpc2388/malloc2388.o
 .data          0x0000000040000001        0x0 lpc2388/rom_func.o
 .data          0x0000000040000001        0x0 lpc2388/tinymalloc.o
 .data          0x0000000040000001        0x0 lpc2388/uart.o
 .data          0x0000000040000001        0x0 lpc2388/vic_lpc23xx.o
 .data          0x0000000040000001        0x0 lpc2388/xprintf.o
 .data          0x0000000040000001        0x0 /usr/lib//arm-none-eabi/lib/libm.a(lib_a-s_atan.o)
 .data          0x0000000040000001        0x0 /usr/lib//arm-none-eabi/lib/libm.a(lib_a-s_cbrt.o)
 .data          0x0000000040000001        0x0 /usr/lib//arm-none-eabi/lib/libm.a(lib_a-s_ceil.o)
 .data          0x0000000040000001        0x0 /usr/lib//arm-none-eabi/lib/libm.a(lib_a-s_cos.o)
 .data          0x0000000040000001        0x0 /usr/lib//arm-none-eabi/lib/libm.a(lib_a-s_erf.o)
 .data          0x0000000040000001        0x0 /usr/lib//arm-none-eabi/lib/libm.a(lib_a-s_fabs.o)
 .data          0x0000000040000001        0x0 /usr/lib//arm-none-eabi/lib/libm.a(lib_a-s_floor.o)
 .data          0x0000000040000001        0x0 /usr/lib//arm-none-eabi/lib/libm.a(lib_a-s_modf.o)
 .data          0x0000000040000001        0x0 /usr/lib//arm-none-eabi/lib/libm.a(lib_a-s_round.o)
 .data          0x0000000040000001        0x0 /usr/lib//arm-none-eabi/lib/libm.a(lib_a-s_sin.o)
 .data          0x0000000040000001        0x0 /usr/lib//arm-none-eabi/lib/libm.a(lib_a-s_tan.o)
 .data          0x0000000040000001        0x0 /usr/lib//arm-none-eabi/lib/libm.a(lib_a-s_tanh.o)
 .data          0x0000000040000001        0x0 /usr/lib//arm-none-eabi/lib/libm.a(lib_a-s_trunc.o)
 .data          0x0000000040000001        0x0 /usr/lib//arm-none-eabi/lib/libm.a(lib_a-w_acos.o)
 .data          0x0000000040000001        0x0 /usr/lib//arm-none-eabi/lib/libm.a(lib_a-w_asin.o)
 .data          0x0000000040000001        0x0 /usr/lib//arm-none-eabi/lib/libm.a(lib_a-w_atan2.o)
 .data          0x0000000040000001        0x0 /usr/lib//arm-none-eabi/lib/libm.a(lib_a-w_cosh.o)
 .data          0x0000000040000001        0x0 /usr/lib//arm-none-eabi/lib/libm.a(lib_a-w_exp.o)
 .data          0x0000000040000001        0x0 /usr/lib//arm-none-eabi/lib/libm.a(lib_a-w_fmod.o)
 .data          0x0000000040000001        0x0 /usr/lib//arm-none-eabi/lib/libm.a(lib_a-w_hypot.o)
 .data          0x0000000040000001        0x0 /usr/lib//arm-none-eabi/lib/libm.a(lib_a-w_log.o)
 .data          0x0000000040000001        0x0 /usr/lib//arm-none-eabi/lib/libm.a(lib_a-w_log10.o)
 .data          0x0000000040000001        0x0 /usr/lib//arm-none-eabi/lib/libm.a(lib_a-w_pow.o)
 .data          0x0000000040000001        0x0 /usr/lib//arm-none-eabi/lib/libm.a(lib_a-w_sinh.o)
 .data          0x0000000040000001        0x0 /usr/lib//arm-none-eabi/lib/libm.a(lib_a-w_sqrt.o)
 .data          0x0000000040000001        0x0 /usr/lib//arm-none-eabi/lib/libm.a(lib_a-e_acos.o)
 .data          0x0000000040000001        0x0 /usr/lib//arm-none-eabi/lib/libm.a(lib_a-e_asin.o)
 .data          0x0000000040000001        0x0 /usr/lib//arm-none-eabi/lib/libm.a(lib_a-e_atan2.o)
 .data          0x0000000040000001        0x0 /usr/lib//arm-none-eabi/lib/libm.a(lib_a-e_cosh.o)
 .data          0x0000000040000001        0x0 /usr/lib//arm-none-eabi/lib/libm.a(lib_a-e_exp.o)
 .data          0x0000000040000001        0x0 /usr/lib//arm-none-eabi/lib/libm.a(lib_a-e_fmod.o)
 .data          0x0000000040000001        0x0 /usr/lib//arm-none-eabi/lib/libm.a(lib_a-e_hypot.o)
 .data          0x0000000040000001        0x0 /usr/lib//arm-none-eabi/lib/libm.a(lib_a-e_log.o)
 .data          0x0000000040000001        0x0 /usr/lib//arm-none-eabi/lib/libm.a(lib_a-e_log10.o)
 .data          0x0000000040000001        0x0 /usr/lib//arm-none-eabi/lib/libm.a(lib_a-e_pow.o)
 .data          0x0000000040000001        0x0 /usr/lib//arm-none-eabi/lib/libm.a(lib_a-e_rem_pio2.o)
 .data          0x0000000040000001        0x0 /usr/lib//arm-none-eabi/lib/libm.a(lib_a-e_sinh.o)
 .data          0x0000000040000001        0x0 /usr/lib//arm-none-eabi/lib/libm.a(lib_a-e_sqrt.o)
 .data          0x0000000040000001        0x0 /usr/lib//arm-none-eabi/lib/libm.a(lib_a-k_cos.o)
 .data          0x0000000040000001        0x0 /usr/lib//arm-none-eabi/lib/libm.a(lib_a-k_rem_pio2.o)
 .data          0x0000000040000001        0x0 /usr/lib//arm-none-eabi/lib/libm.a(lib_a-k_sin.o)
 .data          0x0000000040000001        0x0 /usr/lib//arm-none-eabi/lib/libm.a(lib_a-k_tan.o)
 .data          0x0000000040000001        0x0 /usr/lib//arm-none-eabi/lib/libm.a(lib_a-s_expm1.o)
 .data          0x0000000040000001        0x0 /usr/lib//arm-none-eabi/lib/libm.a(lib_a-s_finite.o)
 .data          0x0000000040000001        0x1 /usr/lib//arm-none-eabi/lib/libm.a(lib_a-s_lib_ver.o)
                0x0000000040000001                __fdlib_version
 .data          0x0000000040000002        0x0 /usr/lib//arm-none-eabi/lib/libm.a(lib_a-s_nan.o)
 .data          0x0000000040000002        0x0 /usr/lib//arm-none-eabi/lib/libm.a(lib_a-s_rint.o)
 .data          0x0000000040000002        0x0 /usr/lib//arm-none-eabi/lib/libm.a(lib_a-s_scalbn.o)
 .data          0x0000000040000002        0x0 /usr/lib//arm-none-eabi/lib/libm.a(lib_a-math_err.o)
 .data          0x0000000040000002        0x0 /usr/lib//arm-none-eabi/lib/libc.a(lib_a-atof.o)
 .data          0x0000000040000002        0x0 /usr/lib//arm-none-eabi/lib/libc.a(lib_a-atoi.o)
 .data          0x0000000040000002        0x0 /usr/lib//arm-none-eabi/lib/libc.a(lib_a-atol.o)
 .data          0x0000000040000002        0x0 /usr/lib//arm-none-eabi/lib/libc.a(lib_a-bsearch.o)
 .data          0x0000000040000002        0x0 /usr/lib//arm-none-eabi/lib/libc.a(lib_a-ctype_.o)
 .data          0x0000000040000002        0x0 /usr/lib//arm-none-eabi/lib/libc.a(lib_a-errno.o)
 *fill*         0x0000000040000002        0x6 
 .data          0x0000000040000008      0x430 /usr/lib//arm-none-eabi/lib/libc.a(lib_a-impure.o)
                0x0000000040000008                _impure_ptr
 .data          0x0000000040000438        0x0 /usr/lib//arm-none-eabi/lib/libc.a(lib_a-malloc.o)
 .data          0x0000000040000438      0x410 /usr/lib//arm-none-eabi/lib/libc.a(lib_a-mallocr.o)
                0x0000000040000438                __malloc_av_
                0x0000000040000840                __malloc_sbrk_base
                0x0000000040000844                __malloc_trim_threshold
 .data          0x0000000040000848        0x0 /usr/lib//arm-none-eabi/lib/libc.a(lib_a-memchr-stub.o)
 .data          0x0000000040000848        0x0 /usr/lib//arm-none-eabi/lib/libc.a(lib_a-memcmp.o)
 .data          0x0000000040000848        0x0 /usr/lib//arm-none-eabi/lib/libc.a(lib_a-memcpy-stub.o)
 .data          0x0000000040000848        0x0 /usr/lib//arm-none-eabi/lib/libc.a(lib_a-memmove.o)
 .data          0x0000000040000848        0x0 /usr/lib//arm-none-eabi/lib/libc.a(lib_a-memset.o)
 .data          0x0000000040000848        0x0 /usr/lib//arm-none-eabi/lib/libc.a(lib_a-mlock.o)
 .data          0x0000000040000848        0x0 /usr/lib//arm-none-eabi/lib/libc.a(lib_a-qsort.o)
 .data          0x0000000040000848        0x0 /usr/lib//arm-none-eabi/lib/libc.a(lib_a-rand.o)
 .data          0x0000000040000848        0x0 /usr/lib//arm-none-eabi/lib/libc.a(lib_a-sbrkr.o)
 .data          0x0000000040000848        0x0 /usr/lib//arm-none-eabi/lib/libc.a(lib_a-sprintf.o)
 .data          0x0000000040000848        0x0 /usr/lib//arm-none-eabi/lib/libc.a(lib_a-strcat.o)
 .data          0x0000000040000848        0x0 /usr/lib//arm-none-eabi/lib/libc.a(lib_a-strchr.o)
 .data          0x0000000040000848        0x0 /usr/lib//arm-none-eabi/lib/libc.a(lib_a-strcpy.o)
 .data          0x0000000040000848        0x0 /usr/lib//arm-none-eabi/lib/libc.a(lib_a-strcspn.o)
 .data          0x0000000040000848        0x0 /usr/lib//arm-none-eabi/lib/libc.a(lib_a-strncat.o)
 .data          0x0000000040000848        0x0 /usr/lib//arm-none-eabi/lib/libc.a(lib_a-strncpy.o)
 .data          0x0000000040000848        0x0 /usr/lib//arm-none-eabi/lib/libc.a(lib_a-strrchr.o)
 .data          0x0000000040000848        0x0 /usr/lib//arm-none-eabi/lib/libc.a(lib_a-strspn.o)
 .data          0x0000000040000848        0x0 /usr/lib//arm-none-eabi/lib/libc.a(lib_a-strstr.o)
 .data          0x0000000040000848        0x0 /usr/lib//arm-none-eabi/lib/libc.a(lib_a-strtod.o)
 .data          0x0000000040000848        0x0 /usr/lib//arm-none-eabi/lib/libc.a(lib_a-strtok.o)
 .data          0x0000000040000848        0x0 /usr/lib//arm-none-eabi/lib/libc.a(lib_a-strtok_r.o)
 .data          0x0000000040000848        0x0 /usr/lib//arm-none-eabi/lib/libc.a(lib_a-strtol.o)
 .data          0x0000000040000848        0x0 /usr/lib//arm-none-eabi/lib/libc.a(lib_a-svfprintf.o)
 .data          0x0000000040000848        0x0 /usr/lib//arm-none-eabi/lib/libc.a(lib_a-vsprintf.o)
 .data          0x0000000040000848        0x0 /usr/lib//arm-none-eabi/lib/libc.a(lib_a-dtoa.o)
 .data          0x0000000040000848        0x0 /usr/lib//arm-none-eabi/lib/libc.a(lib_a-freer.o)
 .data          0x0000000040000848        0x0 /usr/lib//arm-none-eabi/lib/libc.a(lib_a-gdtoa-gethex.o)
 .data          0x0000000040000848        0x0 /usr/lib//arm-none-eabi/lib/libc.a(lib_a-gdtoa-hexnan.o)
 .data          0x0000000040000848        0x2 /usr/lib//arm-none-eabi/lib/libc.a(lib_a-lnumeric.o)
 *fill*         0x000000004000084a        0x2 
 .data          0x000000004000084c      0x16c /usr/lib//arm-none-eabi/lib/libc.a(lib_a-locale.o)
                0x000000004000084c                __global_locale
 .data          0x00000000400009b8        0x0 /usr/lib//arm-none-eabi/lib/libc.a(lib_a-localeconv.o)
 .data          0x00000000400009b8        0x0 /usr/lib//arm-none-eabi/lib/libc.a(lib_a-mbtowc_r.o)
 .data          0x00000000400009b8        0x0 /usr/lib//arm-none-eabi/lib/libc.a(lib_a-mprec.o)
 .data          0x00000000400009b8        0x0 /usr/lib//arm-none-eabi/lib/libc.a(lib_a-reent.o)
 .data          0x00000000400009b8        0x0 /usr/lib//arm-none-eabi/lib/libc.a(lib_a-sf_nan.o)
 .data          0x00000000400009b8        0x0 /usr/lib//arm-none-eabi/lib/libc.a(lib_a-strcmp.o)
 .data          0x00000000400009b8        0x0 /usr/lib//arm-none-eabi/lib/libc.a(lib_a-strlen-stub.o)
 .data          0x00000000400009b8        0x0 /usr/lib//arm-none-eabi/lib/libc.a(lib_a-strncmp.o)
 .data          0x00000000400009b8        0x0 /usr/lib//arm-none-eabi/lib/libc.a(lib_a-strnlen.o)
 .data          0x00000000400009b8        0x0 /usr/lib//arm-none-eabi/lib/libc.a(lib_a-svfiprintf.o)
 .data          0x00000000400009b8        0x0 /usr/lib//arm-none-eabi/lib/libc.a(lib_a-wctomb_r.o)
 .data          0x00000000400009b8        0x0 /usr/lib//arm-none-eabi/lib/libc.a(lib_a-assert.o)
 .data          0x00000000400009b8        0x0 /usr/lib//arm-none-eabi/lib/libc.a(lib_a-callocr.o)
 .data          0x00000000400009b8        0x0 /usr/lib//arm-none-eabi/lib/libc.a(lib_a-fiprintf.o)
 .data          0x00000000400009b8        0x0 /usr/lib//arm-none-eabi/lib/libc.a(lib_a-reallocr.o)
 .data          0x00000000400009b8        0x0 /usr/lib//arm-none-eabi/lib/libc.a(lib_a-vfiprintf.o)
 .data          0x00000000400009b8        0x0 /usr/lib//arm-none-eabi/lib/libc.a(lib_a-wsetup.o)
 .data          0x00000000400009b8        0x0 /usr/lib//arm-none-eabi/lib/libc.a(lib_a-abort.o)
 .data          0x00000000400009b8        0x0 /usr/lib//arm-none-eabi/lib/libc.a(lib_a-fflush.o)
 .data          0x00000000400009b8        0x0 /usr/lib//arm-none-eabi/lib/libc.a(lib_a-findfp.o)
 .data          0x00000000400009b8        0x0 /usr/lib//arm-none-eabi/lib/libc.a(lib_a-fputwc.o)
 .data          0x00000000400009b8        0x0 /usr/lib//arm-none-eabi/lib/libc.a(lib_a-fvwrite.o)
 .data          0x00000000400009b8        0x0 /usr/lib//arm-none-eabi/lib/libc.a(lib_a-fwalk.o)
 .data          0x00000000400009b8        0x0 /usr/lib//arm-none-eabi/lib/libc.a(lib_a-makebuf.o)
 .data          0x00000000400009b8        0x0 /usr/lib//arm-none-eabi/lib/libc.a(lib_a-signal.o)
 .data          0x00000000400009b8        0x0 /usr/lib//arm-none-eabi/lib/libc.a(lib_a-signalr.o)
 .data          0x00000000400009b8        0x0 /usr/lib//arm-none-eabi/lib/libc.a(lib_a-stdio.o)
 .data          0x00000000400009b8        0x0 /usr/lib//arm-none-eabi/lib/libc.a(lib_a-wbuf.o)
 .data          0x00000000400009b8        0x0 /usr/lib//arm-none-eabi/lib/libc.a(lib_a-wcrtomb.o)
 .data          0x00000000400009b8        0x0 /usr/lib//arm-none-eabi/lib/libc.a(lib_a-writer.o)
 .data          0x00000000400009b8        0x0 /usr/lib//arm-none-eabi/lib/libc.a(lib_a-closer.o)
 .data          0x00000000400009b8        0x0 /usr/lib//arm-none-eabi/lib/libc.a(lib_a-fclose.o)
 .data          0x00000000400009b8        0x0 /usr/lib//arm-none-eabi/lib/libc.a(lib_a-fstatr.o)
 .data          0x00000000400009b8        0x0 /usr/lib//arm-none-eabi/lib/libc.a(lib_a-isattyr.o)
 .data          0x00000000400009b8        0x0 /usr/lib//arm-none-eabi/lib/libc.a(lib_a-lseekr.o)
 .data          0x00000000400009b8        0x0 /usr/lib//arm-none-eabi/lib/libc.a(lib_a-readr.o)
 .data          0x00000000400009b8        0x0 /usr/lib//arm-none-eabi/lib/libnosys.a(close.o)
 .data          0x00000000400009b8        0x0 /usr/lib//arm-none-eabi/lib/libnosys.a(fstat.o)
 .data          0x00000000400009b8        0x0 /usr/lib//arm-none-eabi/lib/libnosys.a(getpid.o)
 .data          0x00000000400009b8        0x0 /usr/lib//arm-none-eabi/lib/libnosys.a(isatty.o)
 .data          0x00000000400009b8        0x0 /usr/lib//arm-none-eabi/lib/libnosys.a(kill.o)
 .data          0x00000000400009b8        0x0 /usr/lib//arm-none-eabi/lib/libnosys.a(lseek.o)
 .data          0x00000000400009b8        0x0 /usr/lib//arm-none-eabi/lib/libnosys.a(read.o)
 .data          0x00000000400009b8        0x0 /usr/lib//arm-none-eabi/lib/libnosys.a(sbrk.o)
 .data          0x00000000400009b8        0x0 /usr/lib//arm-none-eabi/lib/libnosys.a(write.o)
 .data          0x00000000400009b8        0x0 /usr/lib//arm-none-eabi/lib/libnosys.a(_exit.o)
 .data          0x00000000400009b8        0x0 /usr/lib/gcc/arm-none-eabi/10.3.1/libgcc.a(_arm_muldf3.o)
 .data          0x00000000400009b8        0x0 /usr/lib/gcc/arm-none-eabi/10.3.1/libgcc.a(_arm_mulsf3.o)
 .data          0x00000000400009b8        0x0 /usr/lib/gcc/arm-none-eabi/10.3.1/libgcc.a(_udivsi3.o)
 .data          0x00000000400009b8        0x0 /usr/lib/gcc/arm-none-eabi/10.3.1/libgcc.a(_divsi3.o)
 .data          0x00000000400009b8        0x0 /usr/lib/gcc/arm-none-eabi/10.3.1/libgcc.a(_dvmd_tls.o)
 .data          0x00000000400009b8        0x0 /usr/lib/gcc/arm-none-eabi/10.3.1/libgcc.a(_arm_addsubdf3.o)
 .data          0x00000000400009b8        0x0 /usr/lib/gcc/arm-none-eabi/10.3.1/libgcc.a(_arm_muldivdf3.o)
 .data          0x00000000400009b8        0x0 /usr/lib/gcc/arm-none-eabi/10.3.1/libgcc.a(_arm_cmpdf2.o)
 .data          0x00000000400009b8        0x0 /usr/lib/gcc/arm-none-eabi/10.3.1/libgcc.a(_arm_unorddf2.o)
 .data          0x00000000400009b8        0x0 /usr/lib/gcc/arm-none-eabi/10.3.1/libgcc.a(_arm_fixdfsi.o)
 .data          0x00000000400009b8        0x0 /usr/lib/gcc/arm-none-eabi/10.3.1/libgcc.a(_arm_fixunsdfsi.o)
 .data          0x00000000400009b8        0x0 /usr/lib/gcc/arm-none-eabi/10.3.1/libgcc.a(_arm_truncdfsf2.o)
 .data          0x00000000400009b8        0x0 /usr/lib/gcc/arm-none-eabi/10.3.1/libgcc.a(_arm_addsubsf3.o)
 .data          0x00000000400009b8        0x0 /usr/lib/gcc/arm-none-eabi/10.3.1/libgcc.a(_arm_muldivsf3.o)
 .data          0x00000000400009b8        0x0 /usr/lib/gcc/arm-none-eabi/10.3.1/libgcc.a(_arm_cmpsf2.o)
 .data          0x00000000400009b8        0x0 /usr/lib/gcc/arm-none-eabi/10.3.1/libgcc.a(_arm_unordsf2.o)
 .data          0x00000000400009b8        0x0 /usr/lib/gcc/arm-none-eabi/10.3.1/libgcc.a(_arm_fixsfsi.o)
 .data          0x00000000400009b8        0x0 /usr/lib/gcc/arm-none-eabi/10.3.1/libgcc.a(_arm_fixunssfsi.o)
 .data          0x00000000400009b8        0x0 /usr/lib/gcc/arm-none-eabi/10.3.1/libgcc.a(_aeabi_ldivmod.o)
 .data          0x00000000400009b8        0x0 /usr/lib/gcc/arm-none-eabi/10.3.1/libgcc.a(_aeabi_uldivmod.o)
 .data          0x00000000400009b8        0x0 /usr/lib/gcc/arm-none-eabi/10.3.1/libgcc.a(_fixsfdi.o)
 .data          0x00000000400009b8        0x0 /usr/lib/gcc/arm-none-eabi/10.3.1/libgcc.a(_fixdfdi.o)
 .data          0x00000000400009b8        0x0 /usr/lib/gcc/arm-none-eabi/10.3.1/libgcc.a(_fixunssfdi.o)
 .data          0x00000000400009b8        0x0 /usr/lib/gcc/arm-none-eabi/10.3.1/libgcc.a(_fixunsdfdi.o)
 .data          0x00000000400009b8        0x0 /usr/lib/gcc/arm-none-eabi/10.3.1/libgcc.a(_udivmoddi4.o)
 .data          0x00000000400009b8        0x0 /usr/lib/gcc/arm-none-eabi/10.3.1/libgcc.a(_clzdi2.o)
 .data          0x00000000400009b8        0x0 /usr/lib/gcc/arm-none-eabi/10.3.1/libgcc.a(_clzsi2.o)
 *(.data.*)
 *(.gnu.linkonce.d*)
                0x00000000400009b8                . = ALIGN (0x4)
                [!provide]                        PROVIDE (__preinit_array_start = .)
 *(.preinit_array)
                [!provide]                        PROVIDE (__preinit_array_end = .)
                0x00000000400009b8                . = ALIGN (0x4)
                [!provide]                        PROVIDE (__init_array_start = .)
 *(SORT_BY_NAME(.init_array.*))
 *(.init_array)
                [!provide]                        PROVIDE (__init_array_end = .)
                0x00000000400009b8                . = ALIGN (0x4)
                [!provide]                        PROVIDE (__fini_array_start = .)
 *(SORT_BY_NAME(.fini_array.*))
 *(.fini_array)
                [!provide]                        PROVIDE (__fini_array_end = .)
 *(.jcr*)
                0x00000000400009b8                . = ALIGN (0x4)
                0x00000000400009b8                _edata = .

.igot.plt       0x00000000400009b8        0x0 load address 0x0000000000023a88
 .igot.plt      0x00000000400009b8        0x0 startup.o

.bss            0x00000000400009b8       0x94 load address 0x0000000000023a88
                0x00000000400009b8                . = ALIGN (0x4)
                0x00000000400009b8                _sbss = .
 *(.bss)
 .bss           0x00000000400009b8        0x0 startup.o
 .bss           0x00000000400009b8        0x0 main.o
 .bss           0x00000000400009b8        0x0 lpc2388/_init.o
 .bss           0x00000000400009b8        0x6 lpc2388/ff.o
 .bss           0x00000000400009be        0x1 lpc2388/ffsdmm.o
 .bss           0x00000000400009bf        0x0 lpc2388/lcdlib2388.o
 *fill*         0x00000000400009bf        0x1 
 .bss           0x00000000400009c0       0x40 lpc2388/malloc2388.o
                0x00000000400009c0                _tiny_malloc_flag
                0x00000000400009c4                _tn_malloc_info
 .bss           0x0000000040000a00        0x0 lpc2388/rom_func.o
 .bss           0x0000000040000a00        0x0 lpc2388/tinymalloc.o
 .bss           0x0000000040000a00        0x0 lpc2388/uart.o
 .bss           0x0000000040000a00        0x0 lpc2388/vic_lpc23xx.o
 .bss           0x0000000040000a00        0xc lpc2388/xprintf.o
                0x0000000040000a04                xfunc_out
                0x0000000040000a08                xfunc_in
 .bss           0x0000000040000a0c        0x0 /usr/lib//arm-none-eabi/lib/libm.a(lib_a-s_atan.o)
 .bss           0x0000000040000a0c        0x0 /usr/lib//arm-none-eabi/lib/libm.a(lib_a-s_cbrt.o)
 .bss           0x0000000040000a0c        0x0 /usr/lib//arm-none-eabi/lib/libm.a(lib_a-s_ceil.o)
 .bss           0x0000000040000a0c        0x0 /usr/lib//arm-none-eabi/lib/libm.a(lib_a-s_cos.o)
 .bss           0x0000000040000a0c        0x0 /usr/lib//arm-none-eabi/lib/libm.a(lib_a-s_erf.o)
 .bss           0x0000000040000a0c        0x0 /usr/lib//arm-none-eabi/lib/libm.a(lib_a-s_fabs.o)
 .bss           0x0000000040000a0c        0x0 /usr/lib//arm-none-eabi/lib/libm.a(lib_a-s_floor.o)
 .bss           0x0000000040000a0c        0x0 /usr/lib//arm-none-eabi/lib/libm.a(lib_a-s_modf.o)
 .bss           0x0000000040000a0c        0x0 /usr/lib//arm-none-eabi/lib/libm.a(lib_a-s_round.o)
 .bss           0x0000000040000a0c        0x0 /usr/lib//arm-none-eabi/lib/libm.a(lib_a-s_sin.o)
 .bss           0x0000000040000a0c        0x0 /usr/lib//arm-none-eabi/lib/libm.a(lib_a-s_tan.o)
 .bss           0x0000000040000a0c        0x0 /usr/lib//arm-none-eabi/lib/libm.a(lib_a-s_tanh.o)
 .bss           0x0000000040000a0c        0x0 /usr/lib//arm-none-eabi/lib/libm.a(lib_a-s_trunc.o)
 .bss           0x0000000040000a0c        0x0 /usr/lib//arm-none-eabi/lib/libm.a(lib_a-w_acos.o)
 .bss           0x0000000040000a0c        0x0 /usr/lib//arm-none-eabi/lib/libm.a(lib_a-w_asin.o)
 .bss           0x0000000040000a0c        0x0 /usr/lib//arm-none-eabi/lib/libm.a(lib_a-w_atan2.o)
 .bss           0x0000000040000a0c        0x0 /usr/lib//arm-none-eabi/lib/libm.a(lib_a-w_cosh.o)
 .bss           0x0000000040000a0c        0x0 /usr/lib//arm-none-eabi/lib/libm.a(lib_a-w_exp.o)
 .bss           0x0000000040000a0c        0x0 /usr/lib//arm-none-eabi/lib/libm.a(lib_a-w_fmod.o)
 .bss           0x0000000040000a0c        0x0 /usr/lib//arm-none-eabi/lib/libm.a(lib_a-w_hypot.o)
 .bss           0x0000000040000a0c        0x0 /usr/lib//arm-none-eabi/lib/libm.a(lib_a-w_log.o)
 .bss           0x0000000040000a0c        0x0 /usr/lib//arm-none-eabi/lib/libm.a(lib_a-w_log10.o)
 .bss           0x0000000040000a0c        0x0 /usr/lib//arm-none-eabi/lib/libm.a(lib_a-w_pow.o)
 .bss           0x0000000040000a0c        0x0 /usr/lib//arm-none-eabi/lib/libm.a(lib_a-w_sinh.o)
 .bss           0x0000000040000a0c        0x0 /usr/lib//arm-none-eabi/lib/libm.a(lib_a-w_sqrt.o)
 .bss           0x0000000040000a0c        0x0 /usr/lib//arm-none-eabi/lib/libm.a(lib_a-e_acos.o)
 .bss           0x0000000040000a0c        0x0 /usr/lib//arm-none-eabi/lib/libm.a(lib_a-e_asin.o)
 .bss           0x0000000040000a0c        0x0 /usr/lib//arm-none-eabi/lib/libm.a(lib_a-e_atan2.o)
 .bss           0x0000000040000a0c        0x0 /usr/lib//arm-none-eabi/lib/libm.a(lib_a-e_cosh.o)
 .bss           0x0000000040000a0c        0x0 /usr/lib//arm-none-eabi/lib/libm.a(lib_a-e_exp.o)
 .bss           0x0000000040000a0c        0x0 /usr/lib//arm-none-eabi/lib/libm.a(lib_a-e_fmod.o)
 .bss           0x0000000040000a0c        0x0 /usr/lib//arm-none-eabi/lib/libm.a(lib_a-e_hypot.o)
 .bss           0x0000000040000a0c        0x0 /usr/lib//arm-none-eabi/lib/libm.a(lib_a-e_log.o)
 .bss           0x0000000040000a0c        0x0 /usr/lib//arm-none-eabi/lib/libm.a(lib_a-e_log10.o)
 .bss           0x0000000040000a0c        0x0 /usr/lib//arm-none-eabi/lib/libm.a(lib_a-e_pow.o)
 .bss           0x0000000040000a0c        0x0 /usr/lib//arm-none-eabi/lib/libm.a(lib_a-e_rem_pio2.o)
 .bss           0x0000000040000a0c        0x0 /usr/lib//arm-none-eabi/lib/libm.a(lib_a-e_sinh.o)
 .bss           0x0000000040000a0c        0x0 /usr/lib//arm-none-eabi/lib/libm.a(lib_a-e_sqrt.o)
 .bss           0x0000000040000a0c        0x0 /usr/lib//arm-none-eabi/lib/libm.a(lib_a-k_cos.o)
 .bss           0x0000000040000a0c        0x0 /usr/lib//arm-none-eabi/lib/libm.a(lib_a-k_rem_pio2.o)
 .bss           0x0000000040000a0c        0x0 /usr/lib//arm-none-eabi/lib/libm.a(lib_a-k_sin.o)
 .bss           0x0000000040000a0c        0x0 /usr/lib//arm-none-eabi/lib/libm.a(lib_a-k_tan.o)
 .bss           0x0000000040000a0c        0x0 /usr/lib//arm-none-eabi/lib/libm.a(lib_a-s_expm1.o)
 .bss           0x0000000040000a0c        0x0 /usr/lib//arm-none-eabi/lib/libm.a(lib_a-s_finite.o)
 .bss           0x0000000040000a0c        0x0 /usr/lib//arm-none-eabi/lib/libm.a(lib_a-s_lib_ver.o)
 .bss           0x0000000040000a0c        0x0 /usr/lib//arm-none-eabi/lib/libm.a(lib_a-s_nan.o)
 .bss           0x0000000040000a0c        0x0 /usr/lib//arm-none-eabi/lib/libm.a(lib_a-s_rint.o)
 .bss           0x0000000040000a0c        0x0 /usr/lib//arm-none-eabi/lib/libm.a(lib_a-s_scalbn.o)
 .bss           0x0000000040000a0c        0x0 /usr/lib//arm-none-eabi/lib/libm.a(lib_a-math_err.o)
 .bss           0x0000000040000a0c        0x0 /usr/lib//arm-none-eabi/lib/libc.a(lib_a-atof.o)
 .bss           0x0000000040000a0c        0x0 /usr/lib//arm-none-eabi/lib/libc.a(lib_a-atoi.o)
 .bss           0x0000000040000a0c        0x0 /usr/lib//arm-none-eabi/lib/libc.a(lib_a-atol.o)
 .bss           0x0000000040000a0c        0x0 /usr/lib//arm-none-eabi/lib/libc.a(lib_a-bsearch.o)
 .bss           0x0000000040000a0c        0x0 /usr/lib//arm-none-eabi/lib/libc.a(lib_a-ctype_.o)
 .bss           0x0000000040000a0c        0x0 /usr/lib//arm-none-eabi/lib/libc.a(lib_a-errno.o)
 .bss           0x0000000040000a0c        0x0 /usr/lib//arm-none-eabi/lib/libc.a(lib_a-impure.o)
 .bss           0x0000000040000a0c        0x0 /usr/lib//arm-none-eabi/lib/libc.a(lib_a-malloc.o)
 .bss           0x0000000040000a0c       0x34 /usr/lib//arm-none-eabi/lib/libc.a(lib_a-mallocr.o)
                0x0000000040000a0c                __malloc_top_pad
                0x0000000040000a10                __malloc_current_mallinfo
                0x0000000040000a38                __malloc_max_sbrked_mem
                0x0000000040000a3c                __malloc_max_total_mem
 .bss           0x0000000040000a40        0x0 /usr/lib//arm-none-eabi/lib/libc.a(lib_a-memchr-stub.o)
 .bss           0x0000000040000a40        0x0 /usr/lib//arm-none-eabi/lib/libc.a(lib_a-memcmp.o)
 .bss           0x0000000040000a40        0x0 /usr/lib//arm-none-eabi/lib/libc.a(lib_a-memcpy-stub.o)
 .bss           0x0000000040000a40        0x0 /usr/lib//arm-none-eabi/lib/libc.a(lib_a-memmove.o)
 .bss           0x0000000040000a40        0x0 /usr/lib//arm-none-eabi/lib/libc.a(lib_a-memset.o)
 .bss           0x0000000040000a40        0x0 /usr/lib//arm-none-eabi/lib/libc.a(lib_a-mlock.o)
 .bss           0x0000000040000a40        0x0 /usr/lib//arm-none-eabi/lib/libc.a(lib_a-qsort.o)
 .bss           0x0000000040000a40        0x0 /usr/lib//arm-none-eabi/lib/libc.a(lib_a-rand.o)
 .bss           0x0000000040000a40        0x0 /usr/lib//arm-none-eabi/lib/libc.a(lib_a-sbrkr.o)
 .bss           0x0000000040000a40        0x0 /usr/lib//arm-none-eabi/lib/libc.a(lib_a-sprintf.o)
 .bss           0x0000000040000a40        0x0 /usr/lib//arm-none-eabi/lib/libc.a(lib_a-strcat.o)
 .bss           0x0000000040000a40        0x0 /usr/lib//arm-none-eabi/lib/libc.a(lib_a-strchr.o)
 .bss           0x0000000040000a40        0x0 /usr/lib//arm-none-eabi/lib/libc.a(lib_a-strcpy.o)
 .bss           0x0000000040000a40        0x0 /usr/lib//arm-none-eabi/lib/libc.a(lib_a-strcspn.o)
 .bss           0x0000000040000a40        0x0 /usr/lib//arm-none-eabi/lib/libc.a(lib_a-strncat.o)
 .bss           0x0000000040000a40        0x0 /usr/lib//arm-none-eabi/lib/libc.a(lib_a-strncpy.o)
 .bss           0x0000000040000a40        0x0 /usr/lib//arm-none-eabi/lib/libc.a(lib_a-strrchr.o)
 .bss           0x0000000040000a40        0x0 /usr/lib//arm-none-eabi/lib/libc.a(lib_a-strspn.o)
 .bss           0x0000000040000a40        0x0 /usr/lib//arm-none-eabi/lib/libc.a(lib_a-strstr.o)
 .bss           0x0000000040000a40        0x0 /usr/lib//arm-none-eabi/lib/libc.a(lib_a-strtod.o)
 .bss           0x0000000040000a40        0x0 /usr/lib//arm-none-eabi/lib/libc.a(lib_a-strtok.o)
 .bss           0x0000000040000a40        0x0 /usr/lib//arm-none-eabi/lib/libc.a(lib_a-strtok_r.o)
 .bss           0x0000000040000a40        0x0 /usr/lib//arm-none-eabi/lib/libc.a(lib_a-strtol.o)
 .bss           0x0000000040000a40        0x0 /usr/lib//arm-none-eabi/lib/libc.a(lib_a-svfprintf.o)
 .bss           0x0000000040000a40        0x0 /usr/lib//arm-none-eabi/lib/libc.a(lib_a-vsprintf.o)
 .bss           0x0000000040000a40        0x0 /usr/lib//arm-none-eabi/lib/libc.a(lib_a-dtoa.o)
 .bss           0x0000000040000a40        0x0 /usr/lib//arm-none-eabi/lib/libc.a(lib_a-freer.o)
 .bss           0x0000000040000a40        0x0 /usr/lib//arm-none-eabi/lib/libc.a(lib_a-gdtoa-gethex.o)
 .bss           0x0000000040000a40        0x0 /usr/lib//arm-none-eabi/lib/libc.a(lib_a-gdtoa-hexnan.o)
 .bss           0x0000000040000a40        0x0 /usr/lib//arm-none-eabi/lib/libc.a(lib_a-lnumeric.o)
 .bss           0x0000000040000a40        0x4 /usr/lib//arm-none-eabi/lib/libc.a(lib_a-locale.o)
                0x0000000040000a40                _PathLocale
 .bss           0x0000000040000a44        0x0 /usr/lib//arm-none-eabi/lib/libc.a(lib_a-localeconv.o)
 .bss           0x0000000040000a44        0x0 /usr/lib//arm-none-eabi/lib/libc.a(lib_a-mbtowc_r.o)
 .bss           0x0000000040000a44        0x0 /usr/lib//arm-none-eabi/lib/libc.a(lib_a-mprec.o)
 .bss           0x0000000040000a44        0x4 /usr/lib//arm-none-eabi/lib/libc.a(lib_a-reent.o)
                0x0000000040000a44                errno
 .bss           0x0000000040000a48        0x0 /usr/lib//arm-none-eabi/lib/libc.a(lib_a-sf_nan.o)
 .bss           0x0000000040000a48        0x0 /usr/lib//arm-none-eabi/lib/libc.a(lib_a-strcmp.o)
 .bss           0x0000000040000a48        0x0 /usr/lib//arm-none-eabi/lib/libc.a(lib_a-strlen-stub.o)
 .bss           0x0000000040000a48        0x0 /usr/lib//arm-none-eabi/lib/libc.a(lib_a-strncmp.o)
 .bss           0x0000000040000a48        0x0 /usr/lib//arm-none-eabi/lib/libc.a(lib_a-strnlen.o)
 .bss           0x0000000040000a48        0x0 /usr/lib//arm-none-eabi/lib/libc.a(lib_a-svfiprintf.o)
 .bss           0x0000000040000a48        0x0 /usr/lib//arm-none-eabi/lib/libc.a(lib_a-wctomb_r.o)
 .bss           0x0000000040000a48        0x0 /usr/lib//arm-none-eabi/lib/libc.a(lib_a-assert.o)
 .bss           0x0000000040000a48        0x0 /usr/lib//arm-none-eabi/lib/libc.a(lib_a-callocr.o)
 .bss           0x0000000040000a48        0x0 /usr/lib//arm-none-eabi/lib/libc.a(lib_a-fiprintf.o)
 .bss           0x0000000040000a48        0x0 /usr/lib//arm-none-eabi/lib/libc.a(lib_a-reallocr.o)
 .bss           0x0000000040000a48        0x0 /usr/lib//arm-none-eabi/lib/libc.a(lib_a-vfiprintf.o)
 .bss           0x0000000040000a48        0x0 /usr/lib//arm-none-eabi/lib/libc.a(lib_a-wsetup.o)
 .bss           0x0000000040000a48        0x0 /usr/lib//arm-none-eabi/lib/libc.a(lib_a-abort.o)
 .bss           0x0000000040000a48        0x0 /usr/lib//arm-none-eabi/lib/libc.a(lib_a-fflush.o)
 .bss           0x0000000040000a48        0x0 /usr/lib//arm-none-eabi/lib/libc.a(lib_a-findfp.o)
 .bss           0x0000000040000a48        0x0 /usr/lib//arm-none-eabi/lib/libc.a(lib_a-fputwc.o)
 .bss           0x0000000040000a48        0x0 /usr/lib//arm-none-eabi/lib/libc.a(lib_a-fvwrite.o)
 .bss           0x0000000040000a48        0x0 /usr/lib//arm-none-eabi/lib/libc.a(lib_a-fwalk.o)
 .bss           0x0000000040000a48        0x0 /usr/lib//arm-none-eabi/lib/libc.a(lib_a-makebuf.o)
 .bss           0x0000000040000a48        0x0 /usr/lib//arm-none-eabi/lib/libc.a(lib_a-signal.o)
 .bss           0x0000000040000a48        0x0 /usr/lib//arm-none-eabi/lib/libc.a(lib_a-signalr.o)
 .bss           0x0000000040000a48        0x0 /usr/lib//arm-none-eabi/lib/libc.a(lib_a-stdio.o)
 .bss           0x0000000040000a48        0x0 /usr/lib//arm-none-eabi/lib/libc.a(lib_a-wbuf.o)
 .bss           0x0000000040000a48        0x0 /usr/lib//arm-none-eabi/lib/libc.a(lib_a-wcrtomb.o)
 .bss           0x0000000040000a48        0x0 /usr/lib//arm-none-eabi/lib/libc.a(lib_a-writer.o)
 .bss           0x0000000040000a48        0x0 /usr/lib//arm-none-eabi/lib/libc.a(lib_a-closer.o)
 .bss           0x0000000040000a48        0x0 /usr/lib//arm-none-eabi/lib/libc.a(lib_a-fclose.o)
 .bss           0x0000000040000a48        0x0 /usr/lib//arm-none-eabi/lib/libc.a(lib_a-fstatr.o)
 .bss           0x0000000040000a48        0x0 /usr/lib//arm-none-eabi/lib/libc.a(lib_a-isattyr.o)
 .bss           0x0000000040000a48        0x0 /usr/lib//arm-none-eabi/lib/libc.a(lib_a-lseekr.o)
 .bss           0x0000000040000a48        0x0 /usr/lib//arm-none-eabi/lib/libc.a(lib_a-readr.o)
 .bss           0x0000000040000a48        0x0 /usr/lib//arm-none-eabi/lib/libnosys.a(close.o)
 .bss           0x0000000040000a48        0x0 /usr/lib//arm-none-eabi/lib/libnosys.a(fstat.o)
 .bss           0x0000000040000a48        0x0 /usr/lib//arm-none-eabi/lib/libnosys.a(getpid.o)
 .bss           0x0000000040000a48        0x0 /usr/lib//arm-none-eabi/lib/libnosys.a(isatty.o)
 .bss           0x0000000040000a48        0x0 /usr/lib//arm-none-eabi/lib/libnosys.a(kill.o)
 .bss           0x0000000040000a48        0x0 /usr/lib//arm-none-eabi/lib/libnosys.a(lseek.o)
 .bss           0x0000000040000a48        0x0 /usr/lib//arm-none-eabi/lib/libnosys.a(read.o)
 .bss           0x0000000040000a48        0x4 /usr/lib//arm-none-eabi/lib/libnosys.a(sbrk.o)
 .bss           0x0000000040000a4c        0x0 /usr/lib//arm-none-eabi/lib/libnosys.a(write.o)
 .bss           0x0000000040000a4c        0x0 /usr/lib//arm-none-eabi/lib/libnosys.a(_exit.o)
 .bss           0x0000000040000a4c        0x0 /usr/lib/gcc/arm-none-eabi/10.3.1/libgcc.a(_arm_muldf3.o)
 .bss           0x0000000040000a4c        0x0 /usr/lib/gcc/arm-none-eabi/10.3.1/libgcc.a(_arm_mulsf3.o)
 .bss           0x0000000040000a4c        0x0 /usr/lib/gcc/arm-none-eabi/10.3.1/libgcc.a(_udivsi3.o)
 .bss           0x0000000040000a4c        0x0 /usr/lib/gcc/arm-none-eabi/10.3.1/libgcc.a(_divsi3.o)
 .bss           0x0000000040000a4c        0x0 /usr/lib/gcc/arm-none-eabi/10.3.1/libgcc.a(_dvmd_tls.o)
 .bss           0x0000000040000a4c        0x0 /usr/lib/gcc/arm-none-eabi/10.3.1/libgcc.a(_arm_addsubdf3.o)
 .bss           0x0000000040000a4c        0x0 /usr/lib/gcc/arm-none-eabi/10.3.1/libgcc.a(_arm_muldivdf3.o)
 .bss           0x0000000040000a4c        0x0 /usr/lib/gcc/arm-none-eabi/10.3.1/libgcc.a(_arm_cmpdf2.o)
 .bss           0x0000000040000a4c        0x0 /usr/lib/gcc/arm-none-eabi/10.3.1/libgcc.a(_arm_unorddf2.o)
 .bss           0x0000000040000a4c        0x0 /usr/lib/gcc/arm-none-eabi/10.3.1/libgcc.a(_arm_fixdfsi.o)
 .bss           0x0000000040000a4c        0x0 /usr/lib/gcc/arm-none-eabi/10.3.1/libgcc.a(_arm_fixunsdfsi.o)
 .bss           0x0000000040000a4c        0x0 /usr/lib/gcc/arm-none-eabi/10.3.1/libgcc.a(_arm_truncdfsf2.o)
 .bss           0x0000000040000a4c        0x0 /usr/lib/gcc/arm-none-eabi/10.3.1/libgcc.a(_arm_addsubsf3.o)
 .bss           0x0000000040000a4c        0x0 /usr/lib/gcc/arm-none-eabi/10.3.1/libgcc.a(_arm_muldivsf3.o)
 .bss           0x0000000040000a4c        0x0 /usr/lib/gcc/arm-none-eabi/10.3.1/libgcc.a(_arm_cmpsf2.o)
 .bss           0x0000000040000a4c        0x0 /usr/lib/gcc/arm-none-eabi/10.3.1/libgcc.a(_arm_unordsf2.o)
 .bss           0x0000000040000a4c        0x0 /usr/lib/gcc/arm-none-eabi/10.3.1/libgcc.a(_arm_fixsfsi.o)
 .bss           0x0000000040000a4c        0x0 /usr/lib/gcc/arm-none-eabi/10.3.1/libgcc.a(_arm_fixunssfsi.o)
 .bss           0x0000000040000a4c        0x0 /usr/lib/gcc/arm-none-eabi/10.3.1/libgcc.a(_aeabi_ldivmod.o)
 .bss           0x0000000040000a4c        0x0 /usr/lib/gcc/arm-none-eabi/10.3.1/libgcc.a(_aeabi_uldivmod.o)
 .bss           0x0000000040000a4c        0x0 /usr/lib/gcc/arm-none-eabi/10.3.1/libgcc.a(_fixsfdi.o)
 .bss           0x0000000040000a4c        0x0 /usr/lib/gcc/arm-none-eabi/10.3.1/libgcc.a(_fixdfdi.o)
 .bss           0x0000000040000a4c        0x0 /usr/lib/gcc/arm-none-eabi/10.3.1/libgcc.a(_fixunssfdi.o)
 .bss           0x0000000040000a4c        0x0 /usr/lib/gcc/arm-none-eabi/10.3.1/libgcc.a(_fixunsdfdi.o)
 .bss           0x0000000040000a4c        0x0 /usr/lib/gcc/arm-none-eabi/10.3.1/libgcc.a(_udivmoddi4.o)
 .bss           0x0000000040000a4c        0x0 /usr/lib/gcc/arm-none-eabi/10.3.1/libgcc.a(_clzdi2.o)
 .bss           0x0000000040000a4c        0x0 /usr/lib/gcc/arm-none-eabi/10.3.1/libgcc.a(_clzsi2.o)
 *(.bss.*)
 *(.gnu.linkonce.b*)
 *(COMMON)
                0x0000000040000a4c                . = ALIGN (0x4)
                0x0000000040000a4c                _ebss = .

.stack          0x0000000040000a50      0xa00 load address 0x0000000000023b20
                0x0000000040001250                . = (. + 0x800)
 *fill*         0x0000000040000a50      0x800 
                0x0000000040001250                _sp_base = .
                0x0000000040001450                . = (. + 0x200)
 *fill*         0x0000000040001250      0x200 
                0x0000000040001450                _exception_sp_base = .

.heap           0x0000000040001450      0x800 load address 0x0000000000024520
                0x0000000040001450                _end = .
                [!provide]                        PROVIDE (_end = .)
                0x0000000040001450                PROVIDE (end = .)
                [!provide]                        PROVIDE (_heap = .)
 *(.heap)
 *(.heap*)
 *(.HEAP)
                0x0000000040001c50                . = (. + 0x800)
 *fill*         0x0000000040001450      0x800 
                0x0000000040001c50                _end_of_ram = .

/DISCARD/
 libc.a(*)
 libm.a(*)
 libgcc.a(*)
OUTPUT(out/firmware.elf elf32-littlearm)
LOAD linker stubs
LOAD /usr/lib//arm-none-eabi/lib/libc.a
LOAD /usr/lib//arm-none-eabi/lib/libm.a
LOAD /usr/lib/gcc/arm-none-eabi/10.3.1/libgcc.a

.ARM.attributes
                0x0000000000000000       0x2e
 .ARM.attributes
                0x0000000000000000       0x22 startup.o
 .ARM.attributes
                0x0000000000000022       0x2a main.o
 .ARM.attributes
                0x000000000000004c       0x2a lpc2388/_init.o
 .ARM.attributes
                0x0000000000000076       0x2a lpc2388/ff.o
 .ARM.attributes
                0x00000000000000a0       0x2a lpc2388/ffsdmm.o
 .ARM.attributes
                0x00000000000000ca       0x2a lpc2388/lcdlib2388.o
 .ARM.attributes
                0x00000000000000f4       0x2a lpc2388/malloc2388.o
 .ARM.attributes
                0x000000000000011e       0x2a lpc2388/rom_func.o
 .ARM.attributes
                0x0000000000000148       0x2a lpc2388/tinymalloc.o
 .ARM.attributes
                0x0000000000000172       0x2a lpc2388/uart.o
 .ARM.attributes
                0x000000000000019c       0x2a lpc2388/vic_lpc23xx.o
 .ARM.attributes
                0x00000000000001c6       0x2a lpc2388/xprintf.o
 .ARM.attributes
                0x00000000000001f0       0x2a /usr/lib//arm-none-eabi/lib/libm.a(lib_a-s_atan.o)
 .ARM.attributes
                0x000000000000021a       0x2a /usr/lib//arm-none-eabi/lib/libm.a(lib_a-s_cbrt.o)
 .ARM.attributes
                0x0000000000000244       0x2a /usr/lib//arm-none-eabi/lib/libm.a(lib_a-s_ceil.o)
 .ARM.attributes
                0x000000000000026e       0x2a /usr/lib//arm-none-eabi/lib/libm.a(lib_a-s_cos.o)
 .ARM.attributes
                0x0000000000000298       0x2a /usr/lib//arm-none-eabi/lib/libm.a(lib_a-s_erf.o)
 .ARM.attributes
                0x00000000000002c2       0x2a /usr/lib//arm-none-eabi/lib/libm.a(lib_a-s_fabs.o)
 .ARM.attributes
                0x00000000000002ec       0x2a /usr/lib//arm-none-eabi/lib/libm.a(lib_a-s_floor.o)
 .ARM.attributes
                0x0000000000000316       0x2a /usr/lib//arm-none-eabi/lib/libm.a(lib_a-s_modf.o)
 .ARM.attributes
                0x0000000000000340       0x2a /usr/lib//arm-none-eabi/lib/libm.a(lib_a-s_round.o)
 .ARM.attributes
                0x000000000000036a       0x2a /usr/lib//arm-none-eabi/lib/libm.a(lib_a-s_sin.o)
 .ARM.attributes
                0x0000000000000394       0x2a /usr/lib//arm-none-eabi/lib/libm.a(lib_a-s_tan.o)
 .ARM.attributes
                0x00000000000003be       0x2a /usr/lib//arm-none-eabi/lib/libm.a(lib_a-s_tanh.o)
 .ARM.attributes
                0x00000000000003e8       0x2a /usr/lib//arm-none-eabi/lib/libm.a(lib_a-s_trunc.o)
 .ARM.attributes
                0x0000000000000412       0x2a /usr/lib//arm-none-eabi/lib/libm.a(lib_a-w_acos.o)
 .ARM.attributes
                0x000000000000043c       0x2a /usr/lib//arm-none-eabi/lib/libm.a(lib_a-w_asin.o)
 .ARM.attributes
                0x0000000000000466       0x2a /usr/lib//arm-none-eabi/lib/libm.a(lib_a-w_atan2.o)
 .ARM.attributes
                0x0000000000000490       0x2a /usr/lib//arm-none-eabi/lib/libm.a(lib_a-w_cosh.o)
 .ARM.attributes
                0x00000000000004ba       0x2a /usr/lib//arm-none-eabi/lib/libm.a(lib_a-w_exp.o)
 .ARM.attributes
                0x00000000000004e4       0x2a /usr/lib//arm-none-eabi/lib/libm.a(lib_a-w_fmod.o)
 .ARM.attributes
                0x000000000000050e       0x2a /usr/lib//arm-none-eabi/lib/libm.a(lib_a-w_hypot.o)
 .ARM.attributes
                0x0000000000000538       0x2a /usr/lib//arm-none-eabi/lib/libm.a(lib_a-w_log.o)
 .ARM.attributes
                0x0000000000000562       0x2a /usr/lib//arm-none-eabi/lib/libm.a(lib_a-w_log10.o)
 .ARM.attributes
                0x000000000000058c       0x2a /usr/lib//arm-none-eabi/lib/libm.a(lib_a-w_pow.o)
 .ARM.attributes
                0x00000000000005b6       0x2a /usr/lib//arm-none-eabi/lib/libm.a(lib_a-w_sinh.o)
 .ARM.attributes
                0x00000000000005e0       0x2a /usr/lib//arm-none-eabi/lib/libm.a(lib_a-w_sqrt.o)
 .ARM.attributes
                0x000000000000060a       0x2a /usr/lib//arm-none-eabi/lib/libm.a(lib_a-e_acos.o)
 .ARM.attributes
                0x0000000000000634       0x2a /usr/lib//arm-none-eabi/lib/libm.a(lib_a-e_asin.o)
 .ARM.attributes
                0x000000000000065e       0x2a /usr/lib//arm-none-eabi/lib/libm.a(lib_a-e_atan2.o)
 .ARM.attributes
                0x0000000000000688       0x2a /usr/lib//arm-none-eabi/lib/libm.a(lib_a-e_cosh.o)
 .ARM.attributes
                0x00000000000006b2       0x2a /usr/lib//arm-none-eabi/lib/libm.a(lib_a-e_exp.o)
 .ARM.attributes
                0x00000000000006dc       0x2a /usr/lib//arm-none-eabi/lib/libm.a(lib_a-e_fmod.o)
 .ARM.attributes
                0x0000000000000706       0x2a /usr/lib//arm-none-eabi/lib/libm.a(lib_a-e_hypot.o)
 .ARM.attributes
                0x0000000000000730       0x2a /usr/lib//arm-none-eabi/lib/libm.a(lib_a-e_log.o)
 .ARM.attributes
                0x000000000000075a       0x2a /usr/lib//arm-none-eabi/lib/libm.a(lib_a-e_log10.o)
 .ARM.attributes
                0x0000000000000784       0x2a /usr/lib//arm-none-eabi/lib/libm.a(lib_a-e_pow.o)
 .ARM.attributes
                0x00000000000007ae       0x2a /usr/lib//arm-none-eabi/lib/libm.a(lib_a-e_rem_pio2.o)
 .ARM.attributes
                0x00000000000007d8       0x2a /usr/lib//arm-none-eabi/lib/libm.a(lib_a-e_sinh.o)
 .ARM.attributes
                0x0000000000000802       0x2a /usr/lib//arm-none-eabi/lib/libm.a(lib_a-e_sqrt.o)
 .ARM.attributes
                0x000000000000082c       0x2a /usr/lib//arm-none-eabi/lib/libm.a(lib_a-k_cos.o)
 .ARM.attributes
                0x0000000000000856       0x2a /usr/lib//arm-none-eabi/lib/libm.a(lib_a-k_rem_pio2.o)
 .ARM.attributes
                0x0000000000000880       0x2a /usr/lib//arm-none-eabi/lib/libm.a(lib_a-k_sin.o)
 .ARM.attributes
                0x00000000000008aa       0x2a /usr/lib//arm-none-eabi/lib/libm.a(lib_a-k_tan.o)
 .ARM.attributes
                0x00000000000008d4       0x2a /usr/lib//arm-none-eabi/lib/libm.a(lib_a-s_expm1.o)
 .ARM.attributes
                0x00000000000008fe       0x2a /usr/lib//arm-none-eabi/lib/libm.a(lib_a-s_finite.o)
 .ARM.attributes
                0x0000000000000928       0x30 /usr/lib//arm-none-eabi/lib/libm.a(lib_a-s_lib_ver.o)
 .ARM.attributes
                0x0000000000000958       0x2a /usr/lib//arm-none-eabi/lib/libm.a(lib_a-s_nan.o)
 .ARM.attributes
                0x0000000000000982       0x2a /usr/lib//arm-none-eabi/lib/libm.a(lib_a-s_rint.o)
 .ARM.attributes
                0x00000000000009ac       0x2a /usr/lib//arm-none-eabi/lib/libm.a(lib_a-s_scalbn.o)
 .ARM.attributes